
> ai-ui-component-harness@0.2.0 test
> node --test tests/*.test.ts

✔ analysis ledger binds a source, derives NOT_RUN, and records an explicit unresolved retry (3.2657ms)
✔ recording is source-bound, immutable, and never creates renderable UI input (2.3174ms)
✔ Composite and Custom-required are explicit, validated terminal classifications (0.7372ms)
✔ strict records reject unknown result fields, fake statuses, unsupported types, and invalid budgets (1.3078ms)
✔ persisted ledgers reject budget bypasses and reanalysis after terminal states (0.5205ms)
✔ v0.1 bundle embeds verified bytes and materializes fresh bytes after validation (9.3205ms)
✔ verified bundles are immutable and reject oversized Base64 before decoding (6.7124ms)
✔ rejects aggregate Base64 bytes before decoding resources beyond the total limit (315.2206ms)
✔ requires every local document source and does not package network or blob references (0.5339ms)
✔ rejects unsafe resource paths, duplicate IDs and checksum tampering (1.6341ms)
✔ rejects paths that collide on case-insensitive extraction targets (0.7823ms)
✔ supports v0.2 documents and validates optional motion against that document (3.7113ms)
✔ self-test and doctor are offline and do not disclose a working path (211.143ms)
✔ compile reads supplied PNG dimensions without claiming vision (85.438ms)
✔ pack and unpack round trip verified bytes and refuse an existing target (247.0452ms)
✔ inspect redacts query and fragment text from external references (76.8897ms)
✔ compile actual button matches accepted contract and does not duplicate baked text (3.6912ms)
✔ deterministic output; no input mutation or shared output references (1.1609ms)
✔ same compiler accepts another image and explicit scale/enabled without hand-written layout (0.6759ms)
✔ large image preserves explicit scale; no silent auto-fit (0.6241ms)
✔ intent rejects unknown version (0.8486ms)
✔ intent rejects unresolved (0.4088ms)
✔ intent rejects unsupported type (0.475ms)
✔ intent rejects missing id (0.4203ms)
✔ intent rejects missing source (0.424ms)
✔ intent rejects empty source (0.6034ms)
✔ intent rejects unsafe source scheme (0.4845ms)
✔ intent rejects layer mode (0.4ms)
✔ intent rejects independent label (0.3822ms)
✔ intent rejects unknown baked text (0.3651ms)
✔ intent rejects none with non-empty text (0.3634ms)
✔ intent rejects guessed width (0.3319ms)
✔ intent rejects inferred business event (0.3361ms)
✔ intent rejects inferred enabled (0.3738ms)
✔ legacy narrative analysis is not silently accepted as structured intent (0.1741ms)
✔ policy rejects missing enabled (0.2932ms)
✔ policy rejects enabled string (0.2189ms)
✔ policy rejects zero scale (0.2376ms)
✔ policy rejects negative scale (0.23ms)
✔ policy rejects nonfinite canvas (0.3007ms)
✔ policy rejects unsupported placement (0.2416ms)
✔ decoded dimensions must be positive safe integers and have no extra fields (1.3716ms)
✔ scale overflow fails instead of producing an invalid or substituted size (0.472ms)
✔ valid contract is cloned without injecting defaults (2.459ms)
✔ reject version with field path (0.6553ms)
✔ reject unknown Button type with field path (0.251ms)
✔ reject missing id with field path (0.4419ms)
✔ reject empty id with field path (0.3542ms)
✔ reject duplicate id with field path (0.2852ms)
✔ reject missing layout with field path (0.223ms)
✔ reject NaN coordinate with field path (0.5308ms)
✔ reject infinite coordinate with field path (0.2373ms)
✔ reject zero width with field path (0.2746ms)
✔ reject negative height with field path (0.2895ms)
✔ reject string size with field path (0.3222ms)
✔ reject enabled string with field path (0.1791ms)
✔ reject missing enabled with field path (0.3601ms)
✔ reject missing visual with field path (0.2551ms)
✔ reject unknown visual type with field path (0.2376ms)
✔ reject missing source with field path (0.4185ms)
✔ reject empty source with field path (0.577ms)
✔ reject unsupported source scheme with field path (0.3699ms)
✔ reject unsupported label with field path (0.3323ms)
✔ reject unsupported icon with field path (0.329ms)
✔ reject unsupported animation with field path (0.2409ms)
✔ reject unknown props with field path (0.2206ms)
✔ reject non-object inputs (0.1095ms)
✔ allow negative position and non-empty HTTP reference; resource loading is separate (0.3874ms)
✔ motion validation rejects unsupported versions, targets, values, timeline overlap, triggers, and scope leakage (2.6742ms)
✔ motion is separate from the UI document and event triggers are capability-checked (0.9346ms)
✔ explicit local clips compile into one pure canvas motion without inherited timing or triggers (0.9545ms)
✔ canvas clip composition rejects missing placement, invalid local targets, overflow, and resultant overlaps (0.9574ms)
✔ sampling is pure and preserves sequential values while x/y remain runtime offsets (0.5754ms)
✔ injected clock makes play, seek, stop, replay, and destroy deterministic (0.5721ms)
✔ apply and update callback failures cancel frames and clear temporary transforms (0.4788ms)
✔ accepts unchanged portable local and explicit HTTP(S) references (1.7645ms)
✔ rejects path traversal (0.2965ms)
✔ rejects middle traversal (0.0694ms)
✔ rejects absolute Unix path (0.0482ms)
✔ rejects absolute Windows path (0.0502ms)
✔ rejects backslash (0.0687ms)
✔ rejects encoded separator (0.0546ms)
✔ rejects encoded traversal (0.0545ms)
✔ rejects query in local path (0.0851ms)
✔ rejects fragment in local path (0.1033ms)
✔ rejects Windows reserved path (0.0759ms)
✔ rejects Windows reserved path with spacing (0.0522ms)
✔ rejects Windows trailing dot (0.0421ms)
✔ rejects Windows alternate data stream (0.0513ms)
✔ rejects Windows forbidden angle bracket (0.0491ms)
✔ rejects unsupported protocol (0.07ms)
✔ rejects credentialed URL (0.0841ms)
✔ rejects protocol relative URL (0.0489ms)
✔ legacy contract and intent use the shared resource validation (1.1838ms)
✔ slider values stay in the inclusive range and on its step lattice (0.5577ms)
✔ scroll ranges use content minus viewport and reject invalid dimensions (0.2676ms)
✔ step alignment validates a program value without coercing it (0.0963ms)
✔ click produces normal → hover → pressed → hover and one activate (1.0229ms)
✔ outside release clears press and does not activate (0.1229ms)
✔ cancel prevents later inside release (0.1316ms)
✔ disable before press blocks activate (0.0972ms)
✔ disable while pressed invalidates operation even if enabled before up (0.1138ms)
✔ secondary pointer cannot finish or cancel primary operation (0.0972ms)
✔ right click and release without press never activate (0.0744ms)
✔ blur, hidden, Escape and scale cancellation discard press (0.1006ms)
✔ destroy is idempotent, clears subscriptions and rejects mutation (0.4913ms)
✔ destroy cleans every subscription even when a destroy callback throws (1.1075ms)
✔ unsubscribe stops delivery (0.196ms)
✔ subscriber disable at release prevents activation (0.1418ms)
✔ tree compiler is deterministic, preserves inputs, and returns all explicit layouts (5.5977ms)
✔ intent forbids layout, Unresolved, Custom, missing composites, and source path guesses (1.1754ms)
✔ policy requires provenance and exactly one finite layout for each renderable node (0.5287ms)
✔ image facts are source-keyed actual decode facts and regions are checked against their bounds (0.7878ms)
✔ v0.2 validates every renderable node branch, optional image region, font source, and composite children (3.8425ms)
✔ strict document failures report paths without repairing caller data (4.826ms)
✔ cycle and tree-depth guards reject non-tree input before cloning (0.4721ms)
ℹ tests 116
ℹ suites 0
ℹ pass 116
ℹ fail 0
ℹ cancelled 0
ℹ skipped 0
ℹ todo 0
ℹ duration_ms 793.8651
