
> ai-ui-component-harness@0.2.0 test
> node --test tests/*.test.ts

✔ analysis ledger binds a source, derives NOT_RUN, and records an explicit unresolved retry (3.3391ms)
✔ recording is source-bound, immutable, and never creates renderable UI input (1.8252ms)
✔ Composite and Custom-required are explicit, validated terminal classifications (0.3501ms)
✔ strict records reject unknown result fields, fake statuses, unsupported types, and invalid budgets (0.3623ms)
✔ persisted ledgers reject budget bypasses and reanalysis after terminal states (0.3685ms)
✔ v0.1 bundle embeds verified bytes and materializes fresh bytes after validation (9.1653ms)
✔ verified bundles are immutable and reject oversized Base64 before decoding (4.7616ms)
✔ rejects aggregate Base64 bytes before decoding resources beyond the total limit (357.1992ms)
✔ requires every local document source and does not package network or blob references (0.5609ms)
✔ rejects unsafe resource paths, duplicate IDs and checksum tampering (1.8575ms)
✔ rejects paths that collide on case-insensitive extraction targets (0.7725ms)
✔ supports v0.2 documents and validates optional motion against that document (3.5142ms)
✔ self-test and doctor are offline and do not disclose a working path (351.5815ms)
✔ compile reads supplied PNG dimensions without claiming vision (130.5201ms)
✔ pack and unpack round trip verified bytes and refuse an existing target (374.2205ms)
✔ inspect redacts query and fragment text from external references (122.2868ms)
✔ compile actual button matches accepted contract and does not duplicate baked text (3.5724ms)
✔ deterministic output; no input mutation or shared output references (0.8346ms)
✔ same compiler accepts another image and explicit scale/enabled without hand-written layout (0.5052ms)
✔ large image preserves explicit scale; no silent auto-fit (0.3933ms)
✔ intent rejects unknown version (0.643ms)
✔ intent rejects unresolved (0.3371ms)
✔ intent rejects unsupported type (0.2725ms)
✔ intent rejects missing id (0.2943ms)
✔ intent rejects missing source (0.335ms)
✔ intent rejects empty source (0.4273ms)
✔ intent rejects unsafe source scheme (0.3314ms)
✔ intent rejects layer mode (0.2687ms)
✔ intent rejects independent label (0.5566ms)
✔ intent rejects unknown baked text (0.6493ms)
✔ intent rejects none with non-empty text (0.3625ms)
✔ intent rejects guessed width (0.4546ms)
✔ intent rejects inferred business event (0.3075ms)
✔ intent rejects inferred enabled (0.2582ms)
✔ legacy narrative analysis is not silently accepted as structured intent (0.1062ms)
✔ policy rejects missing enabled (0.2066ms)
✔ policy rejects enabled string (0.2253ms)
✔ policy rejects zero scale (0.2169ms)
✔ policy rejects negative scale (0.1756ms)
✔ policy rejects nonfinite canvas (0.1701ms)
✔ policy rejects unsupported placement (0.1383ms)
✔ decoded dimensions must be positive safe integers and have no extra fields (0.8697ms)
✔ scale overflow fails instead of producing an invalid or substituted size (0.3386ms)
✔ valid contract is cloned without injecting defaults (3.3016ms)
✔ reject version with field path (0.7065ms)
✔ reject unknown Button type with field path (0.308ms)
✔ reject missing id with field path (0.4251ms)
✔ reject empty id with field path (0.4347ms)
✔ reject duplicate id with field path (0.4558ms)
✔ reject missing layout with field path (0.2474ms)
✔ reject NaN coordinate with field path (0.2404ms)
✔ reject infinite coordinate with field path (0.2472ms)
✔ reject zero width with field path (0.3673ms)
✔ reject negative height with field path (0.2568ms)
✔ reject string size with field path (0.229ms)
✔ reject enabled string with field path (0.2177ms)
✔ reject missing enabled with field path (0.1929ms)
✔ reject missing visual with field path (0.178ms)
✔ reject unknown visual type with field path (0.1596ms)
✔ reject missing source with field path (0.1691ms)
✔ reject empty source with field path (0.2678ms)
✔ reject unsupported source scheme with field path (0.2673ms)
✔ reject unsupported label with field path (0.1801ms)
✔ reject unsupported icon with field path (0.2048ms)
✔ reject unsupported animation with field path (0.182ms)
✔ reject unknown props with field path (0.166ms)
✔ reject non-object inputs (0.0986ms)
✔ allow negative position and non-empty HTTP reference; resource loading is separate (0.2499ms)
✔ motion validation rejects unsupported versions, targets, values, timeline overlap, triggers, and scope leakage (3.22ms)
✔ motion is separate from the UI document and event triggers are capability-checked (0.7632ms)
✔ explicit local clips compile into one pure canvas motion without inherited timing or triggers (0.8298ms)
✔ canvas clip composition rejects missing placement, invalid local targets, overflow, and resultant overlaps (0.9379ms)
✔ sampling is pure and preserves sequential values while x/y remain runtime offsets (0.4336ms)
✔ injected clock makes play, seek, stop, replay, and destroy deterministic (0.6927ms)
✔ apply and update callback failures cancel frames and clear temporary transforms (0.4603ms)
✔ accepts unchanged portable local and explicit HTTP(S) references (2.4284ms)
✔ rejects path traversal (0.4032ms)
✔ rejects middle traversal (0.1918ms)
✔ rejects absolute Unix path (0.0549ms)
✔ rejects absolute Windows path (0.0556ms)
✔ rejects backslash (0.065ms)
✔ rejects encoded separator (0.1067ms)
✔ rejects encoded traversal (0.1625ms)
✔ rejects query in local path (0.1169ms)
✔ rejects fragment in local path (0.4748ms)
✔ rejects Windows reserved path (0.1803ms)
✔ rejects Windows reserved path with spacing (0.1023ms)
✔ rejects Windows trailing dot (0.0603ms)
✔ rejects Windows alternate data stream (0.0452ms)
✔ rejects Windows forbidden angle bracket (0.0614ms)
✔ rejects unsupported protocol (0.0536ms)
✔ rejects credentialed URL (0.0662ms)
✔ rejects protocol relative URL (0.0585ms)
✔ legacy contract and intent use the shared resource validation (1.0034ms)
✔ slider values stay in the inclusive range and on its step lattice (0.8947ms)
✔ scroll ranges use content minus viewport and reject invalid dimensions (1.0232ms)
✔ step alignment validates a program value without coercing it (0.2731ms)
✔ click produces normal → hover → pressed → hover and one activate (0.9824ms)
✔ outside release clears press and does not activate (0.1821ms)
✔ cancel prevents later inside release (0.1516ms)
✔ disable before press blocks activate (0.0926ms)
✔ disable while pressed invalidates operation even if enabled before up (0.1026ms)
✔ secondary pointer cannot finish or cancel primary operation (0.0922ms)
✔ right click and release without press never activate (0.071ms)
✔ blur, hidden, Escape and scale cancellation discard press (0.56ms)
✔ destroy is idempotent, clears subscriptions and rejects mutation (0.436ms)
✔ destroy cleans every subscription even when a destroy callback throws (0.4195ms)
✔ unsubscribe stops delivery (0.196ms)
✔ subscriber disable at release prevents activation (0.118ms)
✔ tree compiler is deterministic, preserves inputs, and returns all explicit layouts (4.0279ms)
✔ intent forbids layout, Unresolved, Custom, missing composites, and source path guesses (0.909ms)
✔ policy requires provenance and exactly one finite layout for each renderable node (0.5179ms)
✔ image facts are source-keyed actual decode facts and regions are checked against their bounds (0.8263ms)
✔ v0.2 validates every renderable node branch, optional image region, font source, and composite children (4.1578ms)
✔ strict document failures report paths without repairing caller data (4.6704ms)
✔ cycle and tree-depth guards reject non-tree input before cloning (0.5967ms)
ℹ tests 116
ℹ suites 0
ℹ pass 116
ℹ fail 0
ℹ cancelled 0
ℹ skipped 0
ℹ todo 0
ℹ duration_ms 1149.1461
