
> ai-ui-component-harness@0.2.0 build
> tsc --noEmit && vite build && tsc -p tsconfig.lib.json

vite v8.2.2 building client environment for production...
transforming...
✓ 725 modules transformed.
rendering chunks...
computing gzip size...
dist/index.html                                     7.11 kB │ gzip:  2.92 kB
dist/assets/index-B93oDr8i.css                      8.39 kB │ gzip:  2.56 kB
dist/assets/webworkerAll-DrcM2Bq7.js                0.07 kB │ gzip:  0.08 kB
dist/assets/WebGLRenderer-CcYAO9R4.js               0.07 kB │ gzip:  0.07 kB
dist/assets/CanvasRenderer-BocHpeZj.js              0.07 kB │ gzip:  0.08 kB
dist/assets/WebGPURenderer-S9vwO__f.js              0.07 kB │ gzip:  0.08 kB
dist/assets/getTextureBatchBindGroup-DLFcweVF.js    0.34 kB │ gzip:  0.26 kB
dist/assets/CanvasPool-B7rb4NCm.js                  0.75 kB │ gzip:  0.42 kB
dist/assets/canvasUtils-CEgWESyi.js                 6.02 kB │ gzip:  2.01 kB
dist/assets/BufferResource-kRdYDR_H.js             11.03 kB │ gzip:  2.82 kB
dist/assets/init-Nk2xm3v_.js                       15.29 kB │ gzip:  4.78 kB
dist/assets/getPo2TextureFromSource-DV_sHia8.js    25.05 kB │ gzip:  8.63 kB
dist/assets/browserAll-BwFrsD4Z.js                 42.66 kB │ gzip: 11.15 kB
dist/assets/WebGPURenderer--VsqxUd3.js             45.47 kB │ gzip: 13.08 kB
dist/assets/WebGLRenderer-BddGaHxL.js              71.30 kB │ gzip: 19.44 kB
dist/assets/RenderTargetSystem-_JVFgizx.js         76.68 kB │ gzip: 21.83 kB
dist/assets/CanvasRenderer-BnT5iuKI.js             88.45 kB │ gzip: 27.83 kB
dist/assets/Geometry-Pu7lKfrD.js                  104.16 kB │ gzip: 31.76 kB
dist/assets/index-CWJJG1-W.js                     144.62 kB │ gzip: 46.96 kB

✓ built in 181ms
