
> ai-ui-component-harness@0.2.0 test
> node --test tests/*.test.ts

✔ analysis ledger binds a source, derives NOT_RUN, and records an explicit unresolved retry (3.2ms)
✔ recording is source-bound, immutable, and never creates renderable UI input (2.114ms)
✔ Composite and Custom-required are explicit, validated terminal classifications (0.4168ms)
✔ strict records reject unknown result fields, fake statuses, unsupported types, and invalid budgets (0.3606ms)
✔ persisted ledgers reject budget bypasses and reanalysis after terminal states (0.6485ms)
✔ validated binding binds exact UI, exact authenticated ZIP, explicit registration, and component-local switch states (51.1068ms)
✔ document digest is canonical and role catalog covers every v0.2 component type without exposing mutable registry state (2.4133ms)
✔ every role catalog declaration accepts its complete required-role binding against one authenticated imported ZIP (24.292ms)
✔ binding rejects stale evidence, inferred canvas registration, and unknown source layers (67.6518ms)
✔ validation snapshots the handoff before asynchronous ZIP authentication and rejects forged or mutated importer contexts (39.2238ms)
✔ each declared binding is complete and explicit: no duplicate controls, layers, roles, wrong control types, or guessed switch coordinates (64.6722ms)
✔ v0.1 bundle embeds verified bytes and materializes fresh bytes after validation (9.5491ms)
✔ verified bundles are immutable and reject oversized Base64 before decoding (6.4324ms)
✔ rejects aggregate Base64 bytes before decoding resources beyond the total limit (422.0828ms)
✔ requires every local document source and does not package network or blob references (0.8976ms)
✔ rejects unsafe resource paths, duplicate IDs and checksum tampering (2.4897ms)
✔ rejects paths that collide on case-insensitive extraction targets (1.2681ms)
✔ supports v0.2 documents and validates optional motion against that document (5.0511ms)
✔ self-test and doctor are offline and do not disclose a working path (230.9396ms)
✔ compile reads supplied PNG dimensions without claiming vision (133.6575ms)
✔ pack and unpack round trip verified bytes and refuse an existing target (376.5517ms)
✔ inspect redacts query and fragment text from external references (153.7597ms)
✔ compile actual button matches accepted contract and does not duplicate baked text (2.4078ms)
✔ deterministic output; no input mutation or shared output references (0.5488ms)
✔ same compiler accepts another image and explicit scale/enabled without hand-written layout (0.3383ms)
✔ large image preserves explicit scale; no silent auto-fit (0.323ms)
✔ intent rejects unknown version (0.5656ms)
✔ intent rejects unresolved (0.2872ms)
✔ intent rejects unsupported type (0.2531ms)
✔ intent rejects missing id (0.2604ms)
✔ intent rejects missing source (0.3829ms)
✔ intent rejects empty source (0.5526ms)
✔ intent rejects unsafe source scheme (0.5213ms)
✔ intent rejects layer mode (0.291ms)
✔ intent rejects independent label (0.2438ms)
✔ intent rejects unknown baked text (0.262ms)
✔ intent rejects none with non-empty text (0.2049ms)
✔ intent rejects guessed width (0.2118ms)
✔ intent rejects inferred business event (0.2311ms)
✔ intent rejects inferred enabled (0.2921ms)
✔ legacy narrative analysis is not silently accepted as structured intent (0.1008ms)
✔ policy rejects missing enabled (0.182ms)
✔ policy rejects enabled string (0.1717ms)
✔ policy rejects zero scale (0.1911ms)
✔ policy rejects negative scale (0.1958ms)
✔ policy rejects nonfinite canvas (0.1573ms)
✔ policy rejects unsupported placement (0.1876ms)
✔ decoded dimensions must be positive safe integers and have no extra fields (0.7701ms)
✔ scale overflow fails instead of producing an invalid or substituted size (0.3271ms)
✔ valid contract is cloned without injecting defaults (2.6093ms)
✔ reject version with field path (1.0615ms)
✔ reject unknown Button type with field path (0.2813ms)
✔ reject missing id with field path (0.2674ms)
✔ reject empty id with field path (0.2344ms)
✔ reject duplicate id with field path (0.1899ms)
✔ reject missing layout with field path (0.1744ms)
✔ reject NaN coordinate with field path (0.2428ms)
✔ reject infinite coordinate with field path (0.2323ms)
✔ reject zero width with field path (0.5072ms)
✔ reject negative height with field path (0.2986ms)
✔ reject string size with field path (0.2264ms)
✔ reject enabled string with field path (0.1894ms)
✔ reject missing enabled with field path (0.1841ms)
✔ reject missing visual with field path (0.1999ms)
✔ reject unknown visual type with field path (0.1725ms)
✔ reject missing source with field path (0.2345ms)
✔ reject empty source with field path (0.338ms)
✔ reject unsupported source scheme with field path (0.2467ms)
✔ reject unsupported label with field path (0.2191ms)
✔ reject unsupported icon with field path (0.274ms)
✔ reject unsupported animation with field path (0.1918ms)
✔ reject unknown props with field path (0.2683ms)
✔ reject non-object inputs (0.155ms)
✔ allow negative position and non-empty HTTP reference; resource loading is separate (0.3105ms)
✔ imports the upstream ZIP_STORED force-ZIP64 public draft layout and its optional QA receipt (19.9733ms)
✔ rehashes public PNG bytes before an imported delivery crosses another runtime boundary (3.0911ms)
✔ keeps the reviewed delivery claim bound to its reviewed scene evidence (1.6892ms)
✔ rejects corruption in a stored member before trusting scene metadata (0.9737ms)
✔ rejects closed-inventory traversal entries and compressed ZIP methods (1.1876ms)
✔ requires the Python canonical delivery and QA digests after their receipt bindings are parsed (3.5122ms)
✔ rejects duplicate JSON keys, hidden fields, extra files and mislabeled review receipts (1.9241ms)
✔ import snapshots archive bytes and rejects fabricated import objects and mutated previews (1.9445ms)
✔ motion CLI capabilities, compile, compose, validate and sample run offline from another directory (1614.0165ms)
✔ Image: all five whole-node recipes compile, sample and preserve UI (15.2357ms)
✔ Text: all five whole-node recipes compile, sample and preserve UI (8.4832ms)
✔ Container: all five whole-node recipes compile, sample and preserve UI (6.8268ms)
✔ Button: all five whole-node recipes compile, sample and preserve UI (8.12ms)
✔ Switch: all five whole-node recipes compile, sample and preserve UI (5.6954ms)
✔ CheckBox: all five whole-node recipes compile, sample and preserve UI (3.7657ms)
✔ RadioGroup: all five whole-node recipes compile, sample and preserve UI (6.2673ms)
✔ Input: all five whole-node recipes compile, sample and preserve UI (3.6029ms)
✔ Select: all five whole-node recipes compile, sample and preserve UI (3.6715ms)
✔ ProgressBar: all five whole-node recipes compile, sample and preserve UI (7.537ms)
✔ Slider: all five whole-node recipes compile, sample and preserve UI (7.4653ms)
✔ ScrollView: all five whole-node recipes compile, sample and preserve UI (6.5971ms)
✔ List: all five whole-node recipes compile, sample and preserve UI (6.1367ms)
✔ Panel: all five whole-node recipes compile, sample and preserve UI (6.8612ms)
✔ Dialog: all five whole-node recipes compile, sample and preserve UI (7.4125ms)
✔ Tabs: all five whole-node recipes compile, sample and preserve UI (6.5586ms)
✔ capability registry covers 16 types and exposes only implemented trigger pairs (149.7514ms)
✔ pulse keeps layout center through easing, including subpixel and expanded samples (5.397ms)
✔ recipes reject unsupported params, nonfinite numbers, unsafe timelines and non-node identifiers (5.8928ms)
✔ playful: motion system and timeline round trip together without losing bindings or bytes (21.1294ms)
✔ premium: motion system and timeline round trip together without losing bindings or bytes (9.7159ms)
✔ corporate: motion system and timeline round trip together without losing bindings or bytes (7.8162ms)
✔ bundle rejects downgraded, missing, unsupported and stale system declarations (9.1404ms)
✔ motion system CLI catalog, compilation, validation, pack and unpack are executable offline (1427.4864ms)
✔ unpack refuses a case-variant system metadata resource before writing any payload (87.2042ms)
✔ playful Image compiles every registered action (8.7556ms)
✔ playful Text compiles every registered action (3.1173ms)
✔ playful Container compiles every registered action (2.1981ms)
✔ playful Button compiles every registered action (2.991ms)
✔ playful Switch compiles every registered action (2.0027ms)
✔ playful CheckBox compiles every registered action (2.0117ms)
✔ playful RadioGroup compiles every registered action (1.8345ms)
✔ playful Input compiles every registered action (1.6505ms)
✔ playful Select compiles every registered action (1.3447ms)
✔ playful ProgressBar compiles every registered action (2.2471ms)
✔ playful Slider compiles every registered action (1.4378ms)
✔ playful ScrollView compiles every registered action (1.8103ms)
✔ playful List compiles every registered action (1.153ms)
✔ playful Panel compiles every registered action (1.664ms)
✔ playful Dialog compiles every registered action (1.4955ms)
✔ playful Tabs compiles every registered action (1.5462ms)
✔ premium Image compiles every registered action (1.5471ms)
✔ premium Text compiles every registered action (0.943ms)
✔ premium Container compiles every registered action (1.0438ms)
✔ premium Button compiles every registered action (1.5509ms)
✔ premium Switch compiles every registered action (1.4032ms)
✔ premium CheckBox compiles every registered action (1.5627ms)
✔ premium RadioGroup compiles every registered action (1.3153ms)
✔ premium Input compiles every registered action (1.3327ms)
✔ premium Select compiles every registered action (1.3329ms)
✔ premium ProgressBar compiles every registered action (1.5587ms)
✔ premium Slider compiles every registered action (1.5052ms)
✔ premium ScrollView compiles every registered action (1.3139ms)
✔ premium List compiles every registered action (1.4228ms)
✔ premium Panel compiles every registered action (1.6063ms)
✔ premium Dialog compiles every registered action (1.2379ms)
✔ premium Tabs compiles every registered action (1.1516ms)
✔ corporate Image compiles every registered action (1.3014ms)
✔ corporate Text compiles every registered action (0.746ms)
✔ corporate Container compiles every registered action (0.9242ms)
✔ corporate Button compiles every registered action (1.6214ms)
✔ corporate Switch compiles every registered action (1.0152ms)
✔ corporate CheckBox compiles every registered action (0.8261ms)
✔ corporate RadioGroup compiles every registered action (1.2064ms)
✔ corporate Input compiles every registered action (1.1107ms)
✔ corporate Select compiles every registered action (1.1697ms)
✔ corporate ProgressBar compiles every registered action (1.6105ms)
✔ corporate Slider compiles every registered action (1.2021ms)
✔ corporate ScrollView compiles every registered action (1.2267ms)
✔ corporate List compiles every registered action (1.8953ms)
✔ corporate Panel compiles every registered action (1.2978ms)
✔ corporate Dialog compiles every registered action (0.742ms)
✔ corporate Tabs compiles every registered action (0.7493ms)
✔ style profiles preserve supplied button facts and catalog data is caller-isolated (0.6485ms)
✔ motion-system documents reject extra fields, bad IDs, counts, types, actions, and duplicates (9.2383ms)
✔ one shared frame drives concurrent channels and retains exact endpoints (0.7838ms)
✔ retarget starts from caller presentation and stale cancelled frames cannot apply (0.1642ms)
✔ cancellation and destruction tear down frames without resetting other channels (0.2259ms)
✔ scheduler rejects unsafe arguments without changing a running channel (0.1775ms)
✔ apply and completion failures clean their channels and report errors (0.2172ms)
✔ reentrant apply and completion retain the newest generation without duplicate frames (0.1274ms)
✔ motion validation rejects unsupported versions, targets, values, timeline overlap, triggers, and scope leakage (3.1918ms)
✔ motion is separate from the UI document and event triggers are capability-checked (1.0924ms)
✔ explicit local clips compile into one pure canvas motion without inherited timing or triggers (1.0344ms)
✔ canvas clip composition rejects missing placement, invalid local targets, overflow, and resultant overlaps (1.15ms)
✔ sampling is pure and preserves sequential values while x/y remain runtime offsets (0.9686ms)
✔ injected clock makes play, seek, stop, replay, and destroy deterministic (1.2157ms)
✔ apply and update callback failures cancel frames and clear temporary transforms (0.8248ms)
✔ accepts unchanged portable local and explicit HTTP(S) references (1.4872ms)
✔ rejects path traversal (0.3535ms)
✔ rejects middle traversal (0.072ms)
✔ rejects absolute Unix path (0.05ms)
✔ rejects absolute Windows path (0.0499ms)
✔ rejects backslash (0.0613ms)
✔ rejects encoded separator (0.0503ms)
✔ rejects encoded traversal (0.0533ms)
✔ rejects query in local path (0.0561ms)
✔ rejects fragment in local path (0.092ms)
✔ rejects Windows reserved path (0.0608ms)
✔ rejects Windows reserved path with spacing (0.0492ms)
✔ rejects Windows trailing dot (0.036ms)
✔ rejects Windows alternate data stream (0.0334ms)
✔ rejects Windows forbidden angle bracket (0.0434ms)
✔ rejects unsupported protocol (0.0654ms)
✔ rejects credentialed URL (0.0485ms)
✔ rejects protocol relative URL (0.0444ms)
✔ legacy contract and intent use the shared resource validation (1.2172ms)
✔ slider values stay in the inclusive range and on its step lattice (0.8839ms)
✔ scroll ranges use content minus viewport and reject invalid dimensions (0.3864ms)
✔ step alignment validates a program value without coercing it (0.1122ms)
✔ click produces normal → hover → pressed → hover and one activate (0.7295ms)
✔ outside release clears press and does not activate (0.1118ms)
✔ cancel prevents later inside release (0.1093ms)
✔ disable before press blocks activate (0.0941ms)
✔ disable while pressed invalidates operation even if enabled before up (0.3086ms)
✔ secondary pointer cannot finish or cancel primary operation (0.2598ms)
✔ right click and release without press never activate (0.2391ms)
✔ blur, hidden, Escape and scale cancellation discard press (0.2107ms)
✔ destroy is idempotent, clears subscriptions and rejects mutation (0.7287ms)
✔ destroy cleans every subscription even when a destroy callback throws (0.4529ms)
✔ unsubscribe stops delivery (0.2016ms)
✔ subscriber disable at release prevents activation (0.1163ms)
✔ short submit/poll keeps one task through a transport retry, running receipt, and normalized Ready result (1067.608ms)
✔ adapter never resubmits after an indeterminate task poll and writes a private terminal receipt (2032.3014ms)
✔ adapter returns an exact v0.2 Unresolved envelope instead of inventing a renderable fallback (13.3476ms)
✔ adapter returns a flat v0.2 Ready response without nested intent fields (12.1435ms)
✔ adapter rejects malformed flat v0.2 JSON without repairing it (13.8943ms)
✔ poll restores a legacy completed raw result without a provider read (5.5832ms)
✔ a revised instruction creates a distinct submission instead of reusing a stale v0.2 result (11.8156ms)
✔ submit resumes a matching pending submission whose persisted image payload exceeds one MiB (14.7362ms)
✔ adapter refuses over-limit images before contact and makes unresolved output explicit without a fallback (6.1506ms)
✔ deidentified v0.2 prompt requires observable controls, complete references, and a final self-check (0.3299ms)
✔ semantic adapter submits one v0.2 observation, then polls only that stage and returns an exact v0.4 envelope (22.7611ms)
✔ semantic adapter refuses an incompatible persisted observation instruction before calling the poll mock (11.5869ms)
✔ concurrent POSTs join the in-progress observation submission after its stage record is written (11.3873ms)
✔ semantic adapter rejects a v0.1 observation downgrade and never converts provider Ready into a terminal public status (4.8722ms)
✔ semantic adapter preserves only whitelisted non-observed outcomes in a v0.4 envelope (5.5304ms)
✔ staged pipeline advances one observed task to one contract task and then restores its final result (92.7504ms)
✔ a non-ready observation never creates a contract submission (28.3121ms)
✔ staged templates are source-bound, omit observation evidence from contract prompts, and stay bounded (0.5143ms)
✔ a current pipeline rejects an observation protocol downgrade before submitting a contract (26.8454ms)
✔ cached pipeline and observation submission prompts must retain their exact digests and binding (8.6558ms)
✔ a stored contract gate cannot replace the v0.2 policy-bound instruction (31.7871ms)
✔ semantic prompts distinguish optional image facts from explicit preview policy (1.2224ms)
✔ staged recovery accepts a submission record above one MiB without contacting a provider (28.4581ms)
✔ two concurrent observation polls share one receipt transition and create one contract vision task (77.2612ms)
✔ an indeterminate contract submit remains terminal and never opens another contract task (81.6258ms)
✔ an invalid observation fails before contract submission (25.5768ms)
✔ a non-ready contract produces the matching v0.3 result after a valid observation (72.7965ms)
✔ one premature envelope close is removed with hashes and every field preserved (2.9874ms)
✔ valid JSON is untouched and other malformed or incomplete responses still fail (0.8432ms)
✔ observation-only boundary compiles without a model contract and preserves incomplete facts (5.1468ms)
✔ semantic boundary compiles all sixteen types from explicit model-shaped fixtures (8.2915ms)
✔ uncertain and unsupported semantic results cannot acquire a render document (0.9792ms)
✔ semantic results reject stale source digests, invented resources and missing layout (2.5763ms)
✔ a live-shaped root ID without a node object cannot publish a Ready document (1.084ms)
✔ recognition preserves semantic rejection codes without another provider request (23.2215ms)
✔ recognition distinguishes malformed component contracts from transport failures (0.8939ms)
✔ tree compiler is deterministic, preserves inputs, and returns all explicit layouts (6.7026ms)
✔ intent forbids layout, Unresolved, Custom, missing composites, and source path guesses (1.9658ms)
✔ policy requires provenance and exactly one finite layout for each renderable node (1.038ms)
✔ image facts are source-keyed actual decode facts and regions are checked against their bounds (1.1747ms)
✔ v0.2 validates every renderable node branch, optional image region, font source, and composite children (5.9746ms)
✔ strict document failures report paths without repairing caller data (8.6167ms)
✔ cycle and tree-depth guards reject non-tree input before cloning (0.7548ms)
✔ bridge preserves a flat v0.2 result for strict consumer compilation (48.5991ms)
✔ final semantic envelopes are top-level whitelists and cannot leak adapter fields (86.6474ms)
✔ status does not disclose configuration and an absent adapter never receives a request (6.3148ms)
✔ an unavailable configured adapter returns a stable 503 without exposing its module path (4.7299ms)
✔ the handler verifies raster bytes and source identity before invoking a configured adapter (8.1395ms)
✔ short submit and poll requests keep one opaque UUID while a legacy analyze adapter remains separate (8.0554ms)
✔ a submit cache hit returns final semantics immediately and private task fields never reach the browser (8.7913ms)
✔ poll final results require a bound-source shaped digest before the browser compiler receives them (4.3056ms)
✔ the handler permits only same-origin loopback requests and caps declared request size (4.6629ms)
✔ one in-flight analysis is allowed, while provider failures and oversized opaque results stay redacted (8.9004ms)
✔ direct validation rejects unsafe paths and does not accept image MIME claims without matching bytes (5.4479ms)
✔ a timeout aborts the one provider call without an automatic retry (22.1297ms)
✔ a disconnected browser aborts the adapter signal without leaking a provider failure response (43.4697ms)
✔ flat responses expand explicit reused styles and preserve wire sibling order (6.3963ms)
✔ a flat gallery compiles every supported semantic component type (10.9672ms)
✔ missing props are rejected instead of being filled from defaults (0.7625ms)
✔ hierarchy and style references expose stable failure codes (1.0297ms)
✔ flat envelopes reject malformed fields and hidden style or child channels (0.3896ms)
✔ image sources bind to decoded facts and text cannot introduce a font resource (0.3867ms)
✔ observations and classifications must agree with the provided nodes (0.3967ms)
✔ a standalone composite node is valid without invented child nodes (0.6836ms)
✔ every declared style is referenced and therefore receives strict style validation (0.2496ms)
✔ observed semantics cannot be supplied only by an invisible overlay control (0.2589ms)
✔ an invisible ancestor prevents its observed descendant from establishing semantics (0.2138ms)
✔ opaque observed controls and standalone artwork remain valid (0.8574ms)
✔ non-ready outcomes normalize without an intent, policy, or rendering path (0.1613ms)
✔ flat hierarchy rejects depth and total-node overflows before tree assembly (0.6254ms)
✔ observation accepts bounded visible facts without defaults or mutation (3.8491ms)
✔ observation rejects hidden properties, source-bound violations, bounds, and invalid graph references (1.0063ms)
✔ v0.2 observation contains only source-visible semantics and permits semantic leaf parents (1.5953ms)
✔ observation rejects non-finite and contradictory visible numeric facts without supplying defaults (0.6401ms)
✔ observation keeps option, item, and tab IDs globally distinct from component IDs and validates selected references (0.425ms)
✔ observed Image regions must remain within the source image (0.219ms)
✔ staged Ready compiles only after observed identities, visible props, and parents bind (7.1017ms)
✔ binding permits only extra Containers between observed parents and rejects extra semantic nodes (2.3641ms)
✔ v0.2 binding flattens only semantic leaf parenting into its same render parent (4.1537ms)
✔ staged non-ready values have one valid provenance path (0.5648ms)
✔ v1 policy is deeply immutable and identifies non-observed preview configuration (0.8848ms)
✔ v1 accepts every policy-owned preview setting when explicitly supplied (2.2738ms)
✔ v1 rejects omitted or conflicting preview settings without mutating the supplied nodes (4.1675ms)
✔ v1 does not prescribe Slider step, Text line height, or content (0.3598ms)
✔ neutral policy is deeply immutable and requires an explicit exact policy argument (1.2505ms)
✔ compiler preserves every observed semantic value, uses only disclosed neutral preview choices, and does not mutate input (7.4508ms)
✔ tabs never receive invented content placeholders and block as Unresolved (0.467ms)
✔ missing facts are aggregated, while observed false and empty values remain valid (0.2657ms)
✔ malformed sources and duplicate observation IDs fail closed before a document can be created (0.5394ms)
✔ wrapper and document IDs are deterministic and avoid observed IDs and semantic entry IDs (0.8931ms)
✔ a sole observed leaf receives one deterministic wrapper child without changing its identity (0.6938ms)
✔ workflow browser URL rejects remote origins, credentials, and ambiguous local names (1.0068ms)
✔ workflow check validation rejects stale bindings and unspecified outcomes before launching a browser (0.8871ms)
✔ manifest resources cannot escape their directory, use links, or exceed byte caps (14.8307ms)
✔ unified CLI stops before browser on invalid contracts, records failure, and refuses rerun output (294.7437ms)
✔ intent source compiles a complete v0.2 document and binds every node for all targets (4.3678ms)
✔ document input supports an explicit target subset (1.1455ms)
✔ an authored timeline is independently validated and can coexist with a motion system (1.8067ms)
✔ strict requests reject legacy sources, unknown fields, malformed input, missing styles, and stale targets (2.0124ms)
✔ workflow compilation and returned values are isolated from caller-owned input (1.4209ms)
ℹ tests 305
ℹ suites 0
ℹ pass 305
ℹ fail 0
ℹ cancelled 0
ℹ skipped 0
ℹ todo 0
ℹ duration_ms 3949.2225
