
> ai-ui-component-harness@0.2.0 test
> node --test tests/*.test.ts

✔ analysis ledger binds a source, derives NOT_RUN, and records an explicit unresolved retry (3.779ms)
✔ recording is source-bound, immutable, and never creates renderable UI input (1.9161ms)
✔ Composite and Custom-required are explicit, validated terminal classifications (0.3951ms)
✔ strict records reject unknown result fields, fake statuses, unsupported types, and invalid budgets (0.4679ms)
✔ persisted ledgers reject budget bypasses and reanalysis after terminal states (0.5306ms)
✔ v0.1 bundle embeds verified bytes and materializes fresh bytes after validation (10.3717ms)
✔ verified bundles are immutable and reject oversized Base64 before decoding (7.0686ms)
✔ rejects aggregate Base64 bytes before decoding resources beyond the total limit (534.3937ms)
✔ requires every local document source and does not package network or blob references (1.9136ms)
✔ rejects unsafe resource paths, duplicate IDs and checksum tampering (9.0137ms)
✔ rejects paths that collide on case-insensitive extraction targets (1.5345ms)
✔ supports v0.2 documents and validates optional motion against that document (7.4972ms)
✔ self-test and doctor are offline and do not disclose a working path (277.1019ms)
✔ compile reads supplied PNG dimensions without claiming vision (179.4467ms)
✔ pack and unpack round trip verified bytes and refuse an existing target (472.3946ms)
✔ inspect redacts query and fragment text from external references (125.5915ms)
✔ compile actual button matches accepted contract and does not duplicate baked text (3.4469ms)
✔ deterministic output; no input mutation or shared output references (0.7553ms)
✔ same compiler accepts another image and explicit scale/enabled without hand-written layout (0.4222ms)
✔ large image preserves explicit scale; no silent auto-fit (0.5103ms)
✔ intent rejects unknown version (1.0852ms)
✔ intent rejects unresolved (0.41ms)
✔ intent rejects unsupported type (0.3618ms)
✔ intent rejects missing id (0.3674ms)
✔ intent rejects missing source (0.3884ms)
✔ intent rejects empty source (0.5757ms)
✔ intent rejects unsafe source scheme (0.5098ms)
✔ intent rejects layer mode (0.4076ms)
✔ intent rejects independent label (0.4278ms)
✔ intent rejects unknown baked text (0.4854ms)
✔ intent rejects none with non-empty text (0.5488ms)
✔ intent rejects guessed width (0.5823ms)
✔ intent rejects inferred business event (0.5133ms)
✔ intent rejects inferred enabled (0.5459ms)
✔ legacy narrative analysis is not silently accepted as structured intent (0.2027ms)
✔ policy rejects missing enabled (0.3678ms)
✔ policy rejects enabled string (0.2707ms)
✔ policy rejects zero scale (0.334ms)
✔ policy rejects negative scale (0.2807ms)
✔ policy rejects nonfinite canvas (0.2918ms)
✔ policy rejects unsupported placement (0.256ms)
✔ decoded dimensions must be positive safe integers and have no extra fields (1.8777ms)
✔ scale overflow fails instead of producing an invalid or substituted size (0.5175ms)
✔ valid contract is cloned without injecting defaults (3.3736ms)
✔ reject version with field path (1.1655ms)
✔ reject unknown Button type with field path (0.3848ms)
✔ reject missing id with field path (0.3294ms)
✔ reject empty id with field path (0.3269ms)
✔ reject duplicate id with field path (0.3135ms)
✔ reject missing layout with field path (0.2894ms)
✔ reject NaN coordinate with field path (0.2557ms)
✔ reject infinite coordinate with field path (0.2405ms)
✔ reject zero width with field path (0.3565ms)
✔ reject negative height with field path (0.2863ms)
✔ reject string size with field path (0.2997ms)
✔ reject enabled string with field path (0.2703ms)
✔ reject missing enabled with field path (0.2465ms)
✔ reject missing visual with field path (0.2579ms)
✔ reject unknown visual type with field path (0.2667ms)
✔ reject missing source with field path (0.2888ms)
✔ reject empty source with field path (0.3781ms)
✔ reject unsupported source scheme with field path (0.2927ms)
✔ reject unsupported label with field path (0.2555ms)
✔ reject unsupported icon with field path (0.2817ms)
✔ reject unsupported animation with field path (0.2285ms)
✔ reject unknown props with field path (0.2527ms)
✔ reject non-object inputs (0.1294ms)
✔ allow negative position and non-empty HTTP reference; resource loading is separate (0.3419ms)
✔ motion CLI capabilities, compile, compose, validate and sample run offline from another directory (1694.81ms)
✔ Image: all five whole-node recipes compile, sample and preserve UI (16.29ms)
✔ Text: all five whole-node recipes compile, sample and preserve UI (9.1996ms)
✔ Container: all five whole-node recipes compile, sample and preserve UI (8.521ms)
✔ Button: all five whole-node recipes compile, sample and preserve UI (6.4646ms)
✔ Switch: all five whole-node recipes compile, sample and preserve UI (6.4368ms)
✔ CheckBox: all five whole-node recipes compile, sample and preserve UI (6.4742ms)
✔ RadioGroup: all five whole-node recipes compile, sample and preserve UI (5.5833ms)
✔ Input: all five whole-node recipes compile, sample and preserve UI (6.363ms)
✔ Select: all five whole-node recipes compile, sample and preserve UI (8.824ms)
✔ ProgressBar: all five whole-node recipes compile, sample and preserve UI (6.2186ms)
✔ Slider: all five whole-node recipes compile, sample and preserve UI (5.8289ms)
✔ ScrollView: all five whole-node recipes compile, sample and preserve UI (6.6146ms)
✔ List: all five whole-node recipes compile, sample and preserve UI (8.1289ms)
✔ Panel: all five whole-node recipes compile, sample and preserve UI (7.9909ms)
✔ Dialog: all five whole-node recipes compile, sample and preserve UI (8.239ms)
✔ Tabs: all five whole-node recipes compile, sample and preserve UI (8.2032ms)
✔ capability registry covers 16 types and exposes only implemented trigger pairs (207.7161ms)
✔ pulse keeps layout center through easing, including subpixel and expanded samples (7.337ms)
✔ recipes reject unsupported params, nonfinite numbers, unsafe timelines and non-node identifiers (5.3546ms)
✔ playful: motion system and timeline round trip together without losing bindings or bytes (25.3987ms)
✔ premium: motion system and timeline round trip together without losing bindings or bytes (10.0172ms)
✔ corporate: motion system and timeline round trip together without losing bindings or bytes (9.746ms)
✔ bundle rejects downgraded, missing, unsupported and stale system declarations (11.6448ms)
✔ motion system CLI catalog, compilation, validation, pack and unpack are executable offline (1508.1214ms)
✔ unpack refuses a case-variant system metadata resource before writing any payload (103.0055ms)
✔ playful Image compiles every registered action (9.5286ms)
✔ playful Text compiles every registered action (3.2381ms)
✔ playful Container compiles every registered action (2.1009ms)
✔ playful Button compiles every registered action (2.0413ms)
✔ playful Switch compiles every registered action (2.522ms)
✔ playful CheckBox compiles every registered action (1.8204ms)
✔ playful RadioGroup compiles every registered action (3.0672ms)
✔ playful Input compiles every registered action (3.3732ms)
✔ playful Select compiles every registered action (2.0701ms)
✔ playful ProgressBar compiles every registered action (2.3621ms)
✔ playful Slider compiles every registered action (1.9786ms)
✔ playful ScrollView compiles every registered action (1.6776ms)
✔ playful List compiles every registered action (1.6901ms)
✔ playful Panel compiles every registered action (2.1642ms)
✔ playful Dialog compiles every registered action (2.2369ms)
✔ playful Tabs compiles every registered action (1.6283ms)
✔ premium Image compiles every registered action (1.7346ms)
✔ premium Text compiles every registered action (1.1771ms)
✔ premium Container compiles every registered action (1.4705ms)
✔ premium Button compiles every registered action (2.1562ms)
✔ premium Switch compiles every registered action (1.3101ms)
✔ premium CheckBox compiles every registered action (1.339ms)
✔ premium RadioGroup compiles every registered action (1.2153ms)
✔ premium Input compiles every registered action (1.6731ms)
✔ premium Select compiles every registered action (1.3623ms)
✔ premium ProgressBar compiles every registered action (1.3438ms)
✔ premium Slider compiles every registered action (1.5836ms)
✔ premium ScrollView compiles every registered action (1.6208ms)
✔ premium List compiles every registered action (1.5862ms)
✔ premium Panel compiles every registered action (1.5909ms)
✔ premium Dialog compiles every registered action (1.2097ms)
✔ premium Tabs compiles every registered action (0.9478ms)
✔ corporate Image compiles every registered action (1.3452ms)
✔ corporate Text compiles every registered action (1.2835ms)
✔ corporate Container compiles every registered action (1.6205ms)
✔ corporate Button compiles every registered action (1.5687ms)
✔ corporate Switch compiles every registered action (1.456ms)
✔ corporate CheckBox compiles every registered action (1.2551ms)
✔ corporate RadioGroup compiles every registered action (1.2244ms)
✔ corporate Input compiles every registered action (1.409ms)
✔ corporate Select compiles every registered action (1.4085ms)
✔ corporate ProgressBar compiles every registered action (0.8565ms)
✔ corporate Slider compiles every registered action (1.5124ms)
✔ corporate ScrollView compiles every registered action (1.5064ms)
✔ corporate List compiles every registered action (1.6022ms)
✔ corporate Panel compiles every registered action (1.6693ms)
✔ corporate Dialog compiles every registered action (1.1809ms)
✔ corporate Tabs compiles every registered action (1.2363ms)
✔ style profiles preserve supplied button facts and catalog data is caller-isolated (1.0211ms)
✔ motion-system documents reject extra fields, bad IDs, counts, types, actions, and duplicates (17.7731ms)
✔ one shared frame drives concurrent channels and retains exact endpoints (1.7194ms)
✔ retarget starts from caller presentation and stale cancelled frames cannot apply (0.363ms)
✔ cancellation and destruction tear down frames without resetting other channels (0.4369ms)
✔ scheduler rejects unsafe arguments without changing a running channel (1.5947ms)
✔ apply and completion failures clean their channels and report errors (0.6252ms)
✔ reentrant apply and completion retain the newest generation without duplicate frames (0.374ms)
✔ motion validation rejects unsupported versions, targets, values, timeline overlap, triggers, and scope leakage (4.8919ms)
✔ motion is separate from the UI document and event triggers are capability-checked (2.1761ms)
✔ explicit local clips compile into one pure canvas motion without inherited timing or triggers (1.5158ms)
✔ canvas clip composition rejects missing placement, invalid local targets, overflow, and resultant overlaps (2.2287ms)
✔ sampling is pure and preserves sequential values while x/y remain runtime offsets (1.5485ms)
✔ injected clock makes play, seek, stop, replay, and destroy deterministic (1.0046ms)
✔ apply and update callback failures cancel frames and clear temporary transforms (1.3845ms)
✔ accepts unchanged portable local and explicit HTTP(S) references (2.1098ms)
✔ rejects path traversal (0.8865ms)
✔ rejects middle traversal (0.1871ms)
✔ rejects absolute Unix path (0.1929ms)
✔ rejects absolute Windows path (0.1274ms)
✔ rejects backslash (0.1543ms)
✔ rejects encoded separator (0.1524ms)
✔ rejects encoded traversal (0.1345ms)
✔ rejects query in local path (0.1569ms)
✔ rejects fragment in local path (0.2112ms)
✔ rejects Windows reserved path (0.1396ms)
✔ rejects Windows reserved path with spacing (0.1165ms)
✔ rejects Windows trailing dot (0.1225ms)
✔ rejects Windows alternate data stream (0.1362ms)
✔ rejects Windows forbidden angle bracket (0.1076ms)
✔ rejects unsupported protocol (0.1015ms)
✔ rejects credentialed URL (0.2105ms)
✔ rejects protocol relative URL (0.3544ms)
✔ legacy contract and intent use the shared resource validation (1.3877ms)
✔ slider values stay in the inclusive range and on its step lattice (1.1517ms)
✔ scroll ranges use content minus viewport and reject invalid dimensions (0.73ms)
✔ step alignment validates a program value without coercing it (0.265ms)
✔ click produces normal → hover → pressed → hover and one activate (1.9929ms)
✔ outside release clears press and does not activate (0.2616ms)
✔ cancel prevents later inside release (0.2703ms)
✔ disable before press blocks activate (0.1442ms)
✔ disable while pressed invalidates operation even if enabled before up (0.321ms)
✔ secondary pointer cannot finish or cancel primary operation (0.1676ms)
✔ right click and release without press never activate (0.1611ms)
✔ blur, hidden, Escape and scale cancellation discard press (0.1298ms)
✔ destroy is idempotent, clears subscriptions and rejects mutation (0.4725ms)
✔ destroy cleans every subscription even when a destroy callback throws (1.0593ms)
✔ unsubscribe stops delivery (0.1471ms)
✔ subscriber disable at release prevents activation (0.1144ms)
✔ short submit/poll keeps one task through a transport retry, running receipt, and normalized Ready result (1086.2985ms)
✔ adapter never resubmits after an indeterminate task poll and writes a private terminal receipt (2032.6394ms)
✔ adapter returns an exact v0.2 Unresolved envelope instead of inventing a renderable fallback (16.7179ms)
✔ adapter returns a flat v0.2 Ready response without nested intent fields (16.2395ms)
✔ adapter rejects malformed flat v0.2 JSON without repairing it (16.7381ms)
✔ poll restores a legacy completed raw result without a provider read (5.9929ms)
✔ a revised instruction creates a distinct submission instead of reusing a stale v0.2 result (15.5508ms)
✔ submit resumes a matching pending submission whose persisted image payload exceeds one MiB (22.4297ms)
✔ adapter refuses over-limit images before contact and makes unresolved output explicit without a fallback (10.1775ms)
✔ deidentified v0.2 prompt requires observable controls, complete references, and a final self-check (0.4005ms)
✔ staged pipeline advances one observed task to one contract task and then restores its final result (97.8242ms)
✔ a non-ready observation never creates a contract submission (32.2625ms)
✔ staged templates are source-bound, omit observation evidence from contract prompts, and stay bounded (0.5469ms)
✔ a current pipeline rejects an observation protocol downgrade before submitting a contract (68.503ms)
✔ semantic prompts distinguish optional image facts from explicit preview policy (0.6704ms)
✔ staged recovery accepts a submission record above one MiB without contacting a provider (29.1007ms)
✔ two concurrent observation polls create exactly one contract vision task (54.6259ms)
✔ an indeterminate contract submit remains terminal and never opens another contract task (124.2079ms)
✔ an invalid observation fails before contract submission (29.3343ms)
✔ a non-ready contract produces the matching v0.3 result after a valid observation (62.1907ms)
✔ one premature envelope close is removed with hashes and every field preserved (2.7769ms)
✔ valid JSON is untouched and other malformed or incomplete responses still fail (1.3971ms)
✔ semantic boundary compiles all sixteen types from explicit model-shaped fixtures (11.0679ms)
✔ uncertain and unsupported semantic results cannot acquire a render document (1.426ms)
✔ semantic results reject stale source digests, invented resources and missing layout (4.3239ms)
✔ a live-shaped root ID without a node object cannot publish a Ready document (0.7861ms)
✔ recognition preserves semantic rejection codes without another provider request (22.1879ms)
✔ recognition distinguishes malformed component contracts from transport failures (1.0006ms)
✔ tree compiler is deterministic, preserves inputs, and returns all explicit layouts (7.9332ms)
✔ intent forbids layout, Unresolved, Custom, missing composites, and source path guesses (2.0702ms)
✔ policy requires provenance and exactly one finite layout for each renderable node (1.0383ms)
✔ image facts are source-keyed actual decode facts and regions are checked against their bounds (1.5297ms)
✔ v0.2 validates every renderable node branch, optional image region, font source, and composite children (7.1607ms)
✔ strict document failures report paths without repairing caller data (10.8057ms)
✔ cycle and tree-depth guards reject non-tree input before cloning (1.5199ms)
✔ bridge preserves a flat v0.2 result for strict consumer compilation (44.5515ms)
✔ final semantic envelopes are top-level whitelists and cannot leak adapter fields (57.79ms)
✔ status does not disclose configuration and an absent adapter never receives a request (6.8514ms)
✔ an unavailable configured adapter returns a stable 503 without exposing its module path (4.4998ms)
✔ the handler verifies raster bytes and source identity before invoking a configured adapter (6.3505ms)
✔ short submit and poll requests keep one opaque UUID while a legacy analyze adapter remains separate (12.735ms)
✔ a submit cache hit returns final semantics immediately and private task fields never reach the browser (7.2848ms)
✔ poll final results require a bound-source shaped digest before the browser compiler receives them (3.8893ms)
✔ the handler permits only same-origin loopback requests and caps declared request size (4.4726ms)
✔ one in-flight analysis is allowed, while provider failures and oversized opaque results stay redacted (6.8177ms)
✔ direct validation rejects unsafe paths and does not accept image MIME claims without matching bytes (5.4798ms)
✔ a timeout aborts the one provider call without an automatic retry (27.2212ms)
✔ a disconnected browser aborts the adapter signal without leaking a provider failure response (48.582ms)
✔ flat responses expand explicit reused styles and preserve wire sibling order (8.3411ms)
✔ a flat gallery compiles every supported semantic component type (7.6785ms)
✔ missing props are rejected instead of being filled from defaults (0.67ms)
✔ hierarchy and style references expose stable failure codes (0.6915ms)
✔ flat envelopes reject malformed fields and hidden style or child channels (0.3244ms)
✔ image sources bind to decoded facts and text cannot introduce a font resource (0.3116ms)
✔ observations and classifications must agree with the provided nodes (0.5194ms)
✔ a standalone composite node is valid without invented child nodes (0.4556ms)
✔ every declared style is referenced and therefore receives strict style validation (1.9329ms)
✔ observed semantics cannot be supplied only by an invisible overlay control (0.7521ms)
✔ an invisible ancestor prevents its observed descendant from establishing semantics (0.3352ms)
✔ opaque observed controls and standalone artwork remain valid (1.0898ms)
✔ non-ready outcomes normalize without an intent, policy, or rendering path (0.2945ms)
✔ flat hierarchy rejects depth and total-node overflows before tree assembly (0.9046ms)
✔ observation accepts bounded visible facts without defaults or mutation (3.29ms)
✔ observation rejects hidden properties, source-bound violations, bounds, and invalid graph references (0.9287ms)
✔ v0.2 observation contains only source-visible semantics and permits semantic leaf parents (2.2408ms)
✔ observation rejects non-finite and contradictory visible numeric facts without supplying defaults (1.6943ms)
✔ observation keeps option, item, and tab IDs globally distinct from component IDs and validates selected references (0.624ms)
✔ observed Image regions must remain within the source image (0.2452ms)
✔ staged Ready compiles only after observed identities, visible props, and parents bind (11.5963ms)
✔ binding permits only extra Containers between observed parents and rejects extra semantic nodes (2.9677ms)
✔ v0.2 binding flattens only semantic leaf parenting into its same render parent (2.6482ms)
✔ staged non-ready values have one valid provenance path (0.4941ms)
✔ v1 policy is deeply immutable and identifies non-observed preview configuration (1.1786ms)
✔ v1 accepts every policy-owned preview setting when explicitly supplied (0.6395ms)
✔ v1 rejects omitted or conflicting preview settings without mutating the supplied nodes (1.403ms)
✔ v1 does not prescribe Slider step, Text line height, or content (0.1959ms)
✔ workflow browser URL rejects remote origins, credentials, and ambiguous local names (1.3393ms)
✔ workflow check validation rejects stale bindings and unspecified outcomes before launching a browser (0.9113ms)
✔ manifest resources cannot escape their directory, use links, or exceed byte caps (16.409ms)
✔ unified CLI stops before browser on invalid contracts, records failure, and refuses rerun output (291.1834ms)
✔ intent source compiles a complete v0.2 document and binds every node for all targets (5.8498ms)
✔ document input supports an explicit target subset (1.5518ms)
✔ an authored timeline is independently validated and can coexist with a motion system (2.1776ms)
✔ strict requests reject legacy sources, unknown fields, malformed input, missing styles, and stale targets (2.9799ms)
✔ workflow compilation and returned values are isolated from caller-owned input (1.8421ms)
ℹ tests 276
ℹ suites 0
ℹ pass 276
ℹ fail 0
ℹ cancelled 0
ℹ skipped 0
ℹ todo 0
ℹ duration_ms 3973.4537
