
> ai-ui-component-harness@0.2.0 test
> node --test tests/*.test.ts

✔ analysis ledger binds a source, derives NOT_RUN, and records an explicit unresolved retry (2.9734ms)
✔ recording is source-bound, immutable, and never creates renderable UI input (1.9047ms)
✔ Composite and Custom-required are explicit, validated terminal classifications (0.3727ms)
✔ strict records reject unknown result fields, fake statuses, unsupported types, and invalid budgets (0.4482ms)
✔ persisted ledgers reject budget bypasses and reanalysis after terminal states (0.4577ms)
✔ v0.1 bundle embeds verified bytes and materializes fresh bytes after validation (8.6479ms)
✔ verified bundles are immutable and reject oversized Base64 before decoding (15.704ms)
✔ rejects aggregate Base64 bytes before decoding resources beyond the total limit (523.7465ms)
✔ requires every local document source and does not package network or blob references (0.786ms)
✔ rejects unsafe resource paths, duplicate IDs and checksum tampering (11.2639ms)
✔ rejects paths that collide on case-insensitive extraction targets (4.7136ms)
✔ supports v0.2 documents and validates optional motion against that document (10.2821ms)
✔ self-test and doctor are offline and do not disclose a working path (332.6759ms)
✔ compile reads supplied PNG dimensions without claiming vision (170.1076ms)
✔ pack and unpack round trip verified bytes and refuse an existing target (467.9847ms)
✔ inspect redacts query and fragment text from external references (123.0502ms)
✔ compile actual button matches accepted contract and does not duplicate baked text (3.9983ms)
✔ deterministic output; no input mutation or shared output references (0.9066ms)
✔ same compiler accepts another image and explicit scale/enabled without hand-written layout (0.5252ms)
✔ large image preserves explicit scale; no silent auto-fit (0.4567ms)
✔ intent rejects unknown version (0.7801ms)
✔ intent rejects unresolved (0.3873ms)
✔ intent rejects unsupported type (0.3321ms)
✔ intent rejects missing id (0.3124ms)
✔ intent rejects missing source (0.3538ms)
✔ intent rejects empty source (0.7273ms)
✔ intent rejects unsafe source scheme (0.5402ms)
✔ intent rejects layer mode (0.3983ms)
✔ intent rejects independent label (0.3223ms)
✔ intent rejects unknown baked text (0.3278ms)
✔ intent rejects none with non-empty text (0.2666ms)
✔ intent rejects guessed width (0.2862ms)
✔ intent rejects inferred business event (0.2523ms)
✔ intent rejects inferred enabled (0.2277ms)
✔ legacy narrative analysis is not silently accepted as structured intent (0.1231ms)
✔ policy rejects missing enabled (0.1947ms)
✔ policy rejects enabled string (0.1414ms)
✔ policy rejects zero scale (0.1274ms)
✔ policy rejects negative scale (0.3088ms)
✔ policy rejects nonfinite canvas (0.2376ms)
✔ policy rejects unsupported placement (0.2039ms)
✔ decoded dimensions must be positive safe integers and have no extra fields (1.1007ms)
✔ scale overflow fails instead of producing an invalid or substituted size (0.3643ms)
✔ valid contract is cloned without injecting defaults (2.5998ms)
✔ reject version with field path (0.5999ms)
✔ reject unknown Button type with field path (0.2371ms)
✔ reject missing id with field path (0.2553ms)
✔ reject empty id with field path (0.2292ms)
✔ reject duplicate id with field path (0.1896ms)
✔ reject missing layout with field path (0.1797ms)
✔ reject NaN coordinate with field path (0.2285ms)
✔ reject infinite coordinate with field path (0.2401ms)
✔ reject zero width with field path (0.3031ms)
✔ reject negative height with field path (0.2442ms)
✔ reject string size with field path (0.2381ms)
✔ reject enabled string with field path (0.2444ms)
✔ reject missing enabled with field path (0.2628ms)
✔ reject missing visual with field path (0.3752ms)
✔ reject unknown visual type with field path (0.3523ms)
✔ reject missing source with field path (0.4048ms)
✔ reject empty source with field path (0.525ms)
✔ reject unsupported source scheme with field path (0.3855ms)
✔ reject unsupported label with field path (0.2501ms)
✔ reject unsupported icon with field path (0.2227ms)
✔ reject unsupported animation with field path (0.2154ms)
✔ reject unknown props with field path (0.1943ms)
✔ reject non-object inputs (0.1122ms)
✔ allow negative position and non-empty HTTP reference; resource loading is separate (0.2712ms)
✔ motion CLI capabilities, compile, compose, validate and sample run offline from another directory (1655.9035ms)
✔ Image: all five whole-node recipes compile, sample and preserve UI (16.3907ms)
✔ Text: all five whole-node recipes compile, sample and preserve UI (8.7788ms)
✔ Container: all five whole-node recipes compile, sample and preserve UI (7.7548ms)
✔ Button: all five whole-node recipes compile, sample and preserve UI (7.2236ms)
✔ Switch: all five whole-node recipes compile, sample and preserve UI (6.5315ms)
✔ CheckBox: all five whole-node recipes compile, sample and preserve UI (7.6289ms)
✔ RadioGroup: all five whole-node recipes compile, sample and preserve UI (8.1284ms)
✔ Input: all five whole-node recipes compile, sample and preserve UI (10.8708ms)
✔ Select: all five whole-node recipes compile, sample and preserve UI (7.3063ms)
✔ ProgressBar: all five whole-node recipes compile, sample and preserve UI (6.2868ms)
✔ Slider: all five whole-node recipes compile, sample and preserve UI (11.2437ms)
✔ ScrollView: all five whole-node recipes compile, sample and preserve UI (29.1592ms)
✔ List: all five whole-node recipes compile, sample and preserve UI (8.3317ms)
✔ Panel: all five whole-node recipes compile, sample and preserve UI (7.4588ms)
✔ Dialog: all five whole-node recipes compile, sample and preserve UI (6.4433ms)
✔ Tabs: all five whole-node recipes compile, sample and preserve UI (7.0416ms)
✔ capability registry covers 16 types and exposes only implemented trigger pairs (172.3596ms)
✔ pulse keeps layout center through easing, including subpixel and expanded samples (5.4045ms)
✔ recipes reject unsupported params, nonfinite numbers, unsafe timelines and non-node identifiers (5.216ms)
✔ playful: motion system and timeline round trip together without losing bindings or bytes (30.471ms)
✔ premium: motion system and timeline round trip together without losing bindings or bytes (11.6654ms)
✔ corporate: motion system and timeline round trip together without losing bindings or bytes (24.482ms)
✔ bundle rejects downgraded, missing, unsupported and stale system declarations (14.7339ms)
✔ motion system CLI catalog, compilation, validation, pack and unpack are executable offline (1438.3491ms)
✔ unpack refuses a case-variant system metadata resource before writing any payload (87.6758ms)
✔ playful Image compiles every registered action (29.2662ms)
✔ playful Text compiles every registered action (2.9578ms)
✔ playful Container compiles every registered action (2.4476ms)
✔ playful Button compiles every registered action (3.0713ms)
✔ playful Switch compiles every registered action (1.8647ms)
✔ playful CheckBox compiles every registered action (2.1636ms)
✔ playful RadioGroup compiles every registered action (1.6332ms)
✔ playful Input compiles every registered action (2.104ms)
✔ playful Select compiles every registered action (1.7074ms)
✔ playful ProgressBar compiles every registered action (2.1939ms)
✔ playful Slider compiles every registered action (1.6049ms)
✔ playful ScrollView compiles every registered action (1.576ms)
✔ playful List compiles every registered action (1.0942ms)
✔ playful Panel compiles every registered action (1.9232ms)
✔ playful Dialog compiles every registered action (1.7374ms)
✔ playful Tabs compiles every registered action (1.4564ms)
✔ premium Image compiles every registered action (1.856ms)
✔ premium Text compiles every registered action (1.3531ms)
✔ premium Container compiles every registered action (1.2838ms)
✔ premium Button compiles every registered action (1.4736ms)
✔ premium Switch compiles every registered action (1.2799ms)
✔ premium CheckBox compiles every registered action (1.3126ms)
✔ premium RadioGroup compiles every registered action (1.3885ms)
✔ premium Input compiles every registered action (1.5796ms)
✔ premium Select compiles every registered action (1.3725ms)
✔ premium ProgressBar compiles every registered action (1.0147ms)
✔ premium Slider compiles every registered action (1.2188ms)
✔ premium ScrollView compiles every registered action (0.9849ms)
✔ premium List compiles every registered action (1.0037ms)
✔ premium Panel compiles every registered action (1.5937ms)
✔ premium Dialog compiles every registered action (1.3729ms)
✔ premium Tabs compiles every registered action (1.3088ms)
✔ corporate Image compiles every registered action (1.6067ms)
✔ corporate Text compiles every registered action (1.3344ms)
✔ corporate Container compiles every registered action (1.2724ms)
✔ corporate Button compiles every registered action (1.6495ms)
✔ corporate Switch compiles every registered action (1.4755ms)
✔ corporate CheckBox compiles every registered action (1.3661ms)
✔ corporate RadioGroup compiles every registered action (1.3787ms)
✔ corporate Input compiles every registered action (1.7912ms)
✔ corporate Select compiles every registered action (1.5789ms)
✔ corporate ProgressBar compiles every registered action (1.4937ms)
✔ corporate Slider compiles every registered action (1.6765ms)
✔ corporate ScrollView compiles every registered action (1.34ms)
✔ corporate List compiles every registered action (1.1707ms)
✔ corporate Panel compiles every registered action (1.643ms)
✔ corporate Dialog compiles every registered action (0.9722ms)
✔ corporate Tabs compiles every registered action (1.0456ms)
✔ style profiles preserve supplied button facts and catalog data is caller-isolated (0.7181ms)
✔ motion-system documents reject extra fields, bad IDs, counts, types, actions, and duplicates (11.9431ms)
✔ one shared frame drives concurrent channels and retains exact endpoints (1.7942ms)
✔ retarget starts from caller presentation and stale cancelled frames cannot apply (0.1948ms)
✔ cancellation and destruction tear down frames without resetting other channels (0.3329ms)
✔ scheduler rejects unsafe arguments without changing a running channel (0.2386ms)
✔ apply and completion failures clean their channels and report errors (0.2408ms)
✔ reentrant apply and completion retain the newest generation without duplicate frames (0.2107ms)
✔ motion validation rejects unsupported versions, targets, values, timeline overlap, triggers, and scope leakage (5.84ms)
✔ motion is separate from the UI document and event triggers are capability-checked (1.5288ms)
✔ explicit local clips compile into one pure canvas motion without inherited timing or triggers (3.3834ms)
✔ canvas clip composition rejects missing placement, invalid local targets, overflow, and resultant overlaps (1.43ms)
✔ sampling is pure and preserves sequential values while x/y remain runtime offsets (1.0339ms)
✔ injected clock makes play, seek, stop, replay, and destroy deterministic (2.1688ms)
✔ apply and update callback failures cancel frames and clear temporary transforms (1.3921ms)
✔ accepts unchanged portable local and explicit HTTP(S) references (2.8981ms)
✔ rejects path traversal (0.6ms)
✔ rejects middle traversal (0.0824ms)
✔ rejects absolute Unix path (0.0536ms)
✔ rejects absolute Windows path (0.0655ms)
✔ rejects backslash (0.0745ms)
✔ rejects encoded separator (0.0623ms)
✔ rejects encoded traversal (0.0662ms)
✔ rejects query in local path (0.062ms)
✔ rejects fragment in local path (0.5674ms)
✔ rejects Windows reserved path (0.341ms)
✔ rejects Windows reserved path with spacing (0.1439ms)
✔ rejects Windows trailing dot (0.0986ms)
✔ rejects Windows alternate data stream (0.0823ms)
✔ rejects Windows forbidden angle bracket (0.1001ms)
✔ rejects unsupported protocol (0.1039ms)
✔ rejects credentialed URL (0.14ms)
✔ rejects protocol relative URL (0.12ms)
✔ legacy contract and intent use the shared resource validation (1.3516ms)
✔ slider values stay in the inclusive range and on its step lattice (0.621ms)
✔ scroll ranges use content minus viewport and reject invalid dimensions (0.3168ms)
✔ step alignment validates a program value without coercing it (0.1169ms)
✔ click produces normal → hover → pressed → hover and one activate (1.0182ms)
✔ outside release clears press and does not activate (0.1729ms)
✔ cancel prevents later inside release (0.1811ms)
✔ disable before press blocks activate (0.1363ms)
✔ disable while pressed invalidates operation even if enabled before up (0.1513ms)
✔ secondary pointer cannot finish or cancel primary operation (0.1055ms)
✔ right click and release without press never activate (0.0948ms)
✔ blur, hidden, Escape and scale cancellation discard press (0.1311ms)
✔ destroy is idempotent, clears subscriptions and rejects mutation (0.4954ms)
✔ destroy cleans every subscription even when a destroy callback throws (0.3551ms)
✔ unsubscribe stops delivery (0.1425ms)
✔ subscriber disable at release prevents activation (0.1112ms)
✔ short submit/poll keeps one task through a transport retry, running receipt, and normalized Ready result (1075.0989ms)
✔ adapter never resubmits after an indeterminate task poll and writes a private terminal receipt (2030.1348ms)
✔ adapter returns an exact v0.2 Unresolved envelope instead of inventing a renderable fallback (19.3783ms)
✔ adapter returns a flat v0.2 Ready response without nested intent fields (16.0162ms)
✔ adapter rejects malformed flat v0.2 JSON without repairing it (15.6896ms)
✔ poll restores a legacy completed raw result without a provider read (6.4927ms)
✔ a revised instruction creates a distinct submission instead of reusing a stale v0.2 result (13.1049ms)
✔ submit resumes a matching pending submission whose persisted image payload exceeds one MiB (20.8404ms)
✔ adapter refuses over-limit images before contact and makes unresolved output explicit without a fallback (10.8227ms)
✔ deidentified v0.2 prompt requires observable controls, complete references, and a final self-check (0.4216ms)
✔ staged pipeline advances one observed task to one contract task and then restores its final result (112.1227ms)
✔ a non-ready observation never creates a contract submission (34.336ms)
✔ staged templates are source-bound, omit observation evidence from contract prompts, and stay bounded (0.6802ms)
✔ staged recovery accepts a submission record above one MiB without contacting a provider (31.8044ms)
✔ two concurrent observation polls create exactly one contract vision task (62.1372ms)
✔ an indeterminate contract submit remains terminal and never opens another contract task (50.8409ms)
✔ an invalid observation fails before contract submission (30.4586ms)
✔ a non-ready contract produces the matching v0.3 result after a valid observation (74.8576ms)
✔ one premature envelope close is removed with hashes and every field preserved (2.2046ms)
✔ valid JSON is untouched and other malformed or incomplete responses still fail (0.7215ms)
✔ semantic boundary compiles all sixteen types from explicit model-shaped fixtures (10.1214ms)
✔ uncertain and unsupported semantic results cannot acquire a render document (0.9425ms)
✔ semantic results reject stale source digests, invented resources and missing layout (3.3352ms)
✔ a live-shaped root ID without a node object cannot publish a Ready document (0.5742ms)
✔ recognition preserves semantic rejection codes without another provider request (25.5428ms)
✔ recognition distinguishes malformed component contracts from transport failures (0.889ms)
✔ tree compiler is deterministic, preserves inputs, and returns all explicit layouts (6.7629ms)
✔ intent forbids layout, Unresolved, Custom, missing composites, and source path guesses (1.5042ms)
✔ policy requires provenance and exactly one finite layout for each renderable node (0.845ms)
✔ image facts are source-keyed actual decode facts and regions are checked against their bounds (0.9997ms)
✔ v0.2 validates every renderable node branch, optional image region, font source, and composite children (6.5269ms)
✔ strict document failures report paths without repairing caller data (7.7318ms)
✔ cycle and tree-depth guards reject non-tree input before cloning (1.3702ms)
✔ bridge preserves a flat v0.2 result for strict consumer compilation (41.4351ms)
✔ final semantic envelopes are top-level whitelists and cannot leak adapter fields (42.2626ms)
✔ status does not disclose configuration and an absent adapter never receives a request (7.6921ms)
✔ an unavailable configured adapter returns a stable 503 without exposing its module path (6.3131ms)
✔ the handler verifies raster bytes and source identity before invoking a configured adapter (6.8817ms)
✔ short submit and poll requests keep one opaque UUID while a legacy analyze adapter remains separate (7.1287ms)
✔ a submit cache hit returns final semantics immediately and private task fields never reach the browser (6.8771ms)
✔ poll final results require a bound-source shaped digest before the browser compiler receives them (3.0626ms)
✔ the handler permits only same-origin loopback requests and caps declared request size (3.9652ms)
✔ one in-flight analysis is allowed, while provider failures and oversized opaque results stay redacted (5.8773ms)
✔ direct validation rejects unsafe paths and does not accept image MIME claims without matching bytes (6.2435ms)
✔ a timeout aborts the one provider call without an automatic retry (27.7985ms)
✔ a disconnected browser aborts the adapter signal without leaking a provider failure response (44.5082ms)
✔ flat responses expand explicit reused styles and preserve wire sibling order (7.5853ms)
✔ a flat gallery compiles every supported semantic component type (10.3645ms)
✔ missing props are rejected instead of being filled from defaults (0.8129ms)
✔ hierarchy and style references expose stable failure codes (0.8608ms)
✔ flat envelopes reject malformed fields and hidden style or child channels (0.3998ms)
✔ image sources bind to decoded facts and text cannot introduce a font resource (0.4038ms)
✔ observations and classifications must agree with the provided nodes (0.3904ms)
✔ a standalone composite node is valid without invented child nodes (0.4794ms)
✔ every declared style is referenced and therefore receives strict style validation (0.2994ms)
✔ observed semantics cannot be supplied only by an invisible overlay control (0.3586ms)
✔ an invisible ancestor prevents its observed descendant from establishing semantics (0.2968ms)
✔ opaque observed controls and standalone artwork remain valid (0.7215ms)
✔ non-ready outcomes normalize without an intent, policy, or rendering path (0.2195ms)
✔ flat hierarchy rejects depth and total-node overflows before tree assembly (1.0468ms)
✔ observation accepts bounded visible facts without defaults or mutation (2.7032ms)
✔ observation rejects hidden properties, source-bound violations, bounds, and invalid graph references (0.886ms)
✔ observation rejects non-finite and contradictory visible numeric facts without supplying defaults (0.9001ms)
✔ observation keeps option, item, and tab IDs globally distinct from component IDs and validates selected references (0.5817ms)
✔ observed Image regions must remain within the source image (0.3076ms)
✔ staged Ready compiles only after observed identities, visible props, and parents bind (5.9735ms)
✔ binding permits only extra Containers between observed parents and rejects extra semantic nodes (1.4478ms)
✔ staged non-ready values have one valid provenance path (0.4527ms)
✔ workflow browser URL rejects remote origins, credentials, and ambiguous local names (1.2117ms)
✔ workflow check validation rejects stale bindings and unspecified outcomes before launching a browser (1.2113ms)
✔ manifest resources cannot escape their directory, use links, or exceed byte caps (34.3098ms)
✔ unified CLI stops before browser on invalid contracts, records failure, and refuses rerun output (300.8179ms)
✔ intent source compiles a complete v0.2 document and binds every node for all targets (5.1166ms)
✔ document input supports an explicit target subset (1.7241ms)
✔ an authored timeline is independently validated and can coexist with a motion system (2.7961ms)
✔ strict requests reject legacy sources, unknown fields, malformed input, missing styles, and stale targets (3.2935ms)
✔ workflow compilation and returned values are isolated from caller-owned input (2.2018ms)
ℹ tests 268
ℹ suites 0
ℹ pass 268
ℹ fail 0
ℹ cancelled 0
ℹ skipped 0
ℹ todo 0
ℹ duration_ms 3963.8108
