
> ai-ui-component-harness@0.2.0 test
> node --test tests/*.test.ts

✔ analysis ledger binds a source, derives NOT_RUN, and records an explicit unresolved retry (2.3465ms)
✔ recording is source-bound, immutable, and never creates renderable UI input (1.9475ms)
✔ Composite and Custom-required are explicit, validated terminal classifications (1.1458ms)
✔ strict records reject unknown result fields, fake statuses, unsupported types, and invalid budgets (0.7668ms)
✔ persisted ledgers reject budget bypasses and reanalysis after terminal states (0.6662ms)
✔ v0.1 bundle embeds verified bytes and materializes fresh bytes after validation (10.9093ms)
✔ verified bundles are immutable and reject oversized Base64 before decoding (4.809ms)
✔ rejects aggregate Base64 bytes before decoding resources beyond the total limit (459.0516ms)
✔ requires every local document source and does not package network or blob references (0.7654ms)
✔ rejects unsafe resource paths, duplicate IDs and checksum tampering (2.5208ms)
✔ rejects paths that collide on case-insensitive extraction targets (2.1707ms)
✔ supports v0.2 documents and validates optional motion against that document (11.4461ms)
✔ self-test and doctor are offline and do not disclose a working path (234.3528ms)
✔ compile reads supplied PNG dimensions without claiming vision (156.8859ms)
✔ pack and unpack round trip verified bytes and refuse an existing target (431.9788ms)
✔ inspect redacts query and fragment text from external references (97.9208ms)
✔ compile actual button matches accepted contract and does not duplicate baked text (3.6444ms)
✔ deterministic output; no input mutation or shared output references (0.8393ms)
✔ same compiler accepts another image and explicit scale/enabled without hand-written layout (0.5715ms)
✔ large image preserves explicit scale; no silent auto-fit (0.6368ms)
✔ intent rejects unknown version (0.8103ms)
✔ intent rejects unresolved (0.3066ms)
✔ intent rejects unsupported type (0.3467ms)
✔ intent rejects missing id (0.2948ms)
✔ intent rejects missing source (0.4357ms)
✔ intent rejects empty source (0.5733ms)
✔ intent rejects unsafe source scheme (0.3329ms)
✔ intent rejects layer mode (0.2808ms)
✔ intent rejects independent label (0.2603ms)
✔ intent rejects unknown baked text (0.2762ms)
✔ intent rejects none with non-empty text (0.3612ms)
✔ intent rejects guessed width (0.3379ms)
✔ intent rejects inferred business event (0.3917ms)
✔ intent rejects inferred enabled (0.3308ms)
✔ legacy narrative analysis is not silently accepted as structured intent (0.1375ms)
✔ policy rejects missing enabled (0.248ms)
✔ policy rejects enabled string (0.1986ms)
✔ policy rejects zero scale (0.2101ms)
✔ policy rejects negative scale (0.2221ms)
✔ policy rejects nonfinite canvas (0.2188ms)
✔ policy rejects unsupported placement (0.2188ms)
✔ decoded dimensions must be positive safe integers and have no extra fields (1.0696ms)
✔ scale overflow fails instead of producing an invalid or substituted size (0.3656ms)
✔ valid contract is cloned without injecting defaults (3.0007ms)
✔ reject version with field path (0.8398ms)
✔ reject unknown Button type with field path (0.4269ms)
✔ reject missing id with field path (0.688ms)
✔ reject empty id with field path (0.7215ms)
✔ reject duplicate id with field path (0.3851ms)
✔ reject missing layout with field path (0.3575ms)
✔ reject NaN coordinate with field path (0.2545ms)
✔ reject infinite coordinate with field path (0.3524ms)
✔ reject zero width with field path (0.4151ms)
✔ reject negative height with field path (0.3341ms)
✔ reject string size with field path (0.2953ms)
✔ reject enabled string with field path (0.2593ms)
✔ reject missing enabled with field path (0.2473ms)
✔ reject missing visual with field path (0.2205ms)
✔ reject unknown visual type with field path (0.1836ms)
✔ reject missing source with field path (0.1779ms)
✔ reject empty source with field path (0.3017ms)
✔ reject unsupported source scheme with field path (0.2895ms)
✔ reject unsupported label with field path (0.2183ms)
✔ reject unsupported icon with field path (0.1779ms)
✔ reject unsupported animation with field path (0.1701ms)
✔ reject unknown props with field path (0.1626ms)
✔ reject non-object inputs (0.1068ms)
✔ allow negative position and non-empty HTTP reference; resource loading is separate (0.2822ms)
✔ motion CLI capabilities, compile, compose, validate and sample run offline from another directory (1495.1059ms)
✔ Image: all five whole-node recipes compile, sample and preserve UI (13.9834ms)
✔ Text: all five whole-node recipes compile, sample and preserve UI (7.4267ms)
✔ Container: all five whole-node recipes compile, sample and preserve UI (7.3392ms)
✔ Button: all five whole-node recipes compile, sample and preserve UI (6.8843ms)
✔ Switch: all five whole-node recipes compile, sample and preserve UI (6.2114ms)
✔ CheckBox: all five whole-node recipes compile, sample and preserve UI (9.0777ms)
✔ RadioGroup: all five whole-node recipes compile, sample and preserve UI (6.9558ms)
✔ Input: all five whole-node recipes compile, sample and preserve UI (6.0386ms)
✔ Select: all five whole-node recipes compile, sample and preserve UI (6.1773ms)
✔ ProgressBar: all five whole-node recipes compile, sample and preserve UI (8.6415ms)
✔ Slider: all five whole-node recipes compile, sample and preserve UI (6.3194ms)
✔ ScrollView: all five whole-node recipes compile, sample and preserve UI (7.4678ms)
✔ List: all five whole-node recipes compile, sample and preserve UI (8.2845ms)
✔ Panel: all five whole-node recipes compile, sample and preserve UI (6.6179ms)
✔ Dialog: all five whole-node recipes compile, sample and preserve UI (6.9006ms)
✔ Tabs: all five whole-node recipes compile, sample and preserve UI (6.852ms)
✔ capability registry covers 16 types and exposes only implemented trigger pairs (174.7855ms)
✔ pulse keeps layout center through easing, including subpixel and expanded samples (5.9112ms)
✔ recipes reject unsupported params, nonfinite numbers, unsafe timelines and non-node identifiers (4.9021ms)
✔ playful: motion system and timeline round trip together without losing bindings or bytes (24.0132ms)
✔ premium: motion system and timeline round trip together without losing bindings or bytes (9.2966ms)
✔ corporate: motion system and timeline round trip together without losing bindings or bytes (9.5791ms)
✔ bundle rejects downgraded, missing, unsupported and stale system declarations (9.0674ms)
✔ motion system CLI catalog, compilation, validation, pack and unpack are executable offline (1336.4521ms)
✔ unpack refuses a case-variant system metadata resource before writing any payload (87.4548ms)
✔ playful Image compiles every registered action (9.2405ms)
✔ playful Text compiles every registered action (3.3009ms)
✔ playful Container compiles every registered action (2.3746ms)
✔ playful Button compiles every registered action (4.5143ms)
✔ playful Switch compiles every registered action (3.7844ms)
✔ playful CheckBox compiles every registered action (2.0245ms)
✔ playful RadioGroup compiles every registered action (1.7114ms)
✔ playful Input compiles every registered action (2.2416ms)
✔ playful Select compiles every registered action (1.9461ms)
✔ playful ProgressBar compiles every registered action (2.6091ms)
✔ playful Slider compiles every registered action (1.609ms)
✔ playful ScrollView compiles every registered action (1.6134ms)
✔ playful List compiles every registered action (1.2869ms)
✔ playful Panel compiles every registered action (0.9126ms)
✔ playful Dialog compiles every registered action (1.7299ms)
✔ playful Tabs compiles every registered action (1.4405ms)
✔ premium Image compiles every registered action (1.4932ms)
✔ premium Text compiles every registered action (0.8039ms)
✔ premium Container compiles every registered action (1.4498ms)
✔ premium Button compiles every registered action (1.677ms)
✔ premium Switch compiles every registered action (1.3715ms)
✔ premium CheckBox compiles every registered action (1.2272ms)
✔ premium RadioGroup compiles every registered action (1.5839ms)
✔ premium Input compiles every registered action (1.7421ms)
✔ premium Select compiles every registered action (1.3682ms)
✔ premium ProgressBar compiles every registered action (1.2687ms)
✔ premium Slider compiles every registered action (1.6683ms)
✔ premium ScrollView compiles every registered action (1.3199ms)
✔ premium List compiles every registered action (1.0723ms)
✔ premium Panel compiles every registered action (1.4823ms)
✔ premium Dialog compiles every registered action (1.0583ms)
✔ premium Tabs compiles every registered action (0.9907ms)
✔ corporate Image compiles every registered action (1.2353ms)
✔ corporate Text compiles every registered action (0.978ms)
✔ corporate Container compiles every registered action (0.9947ms)
✔ corporate Button compiles every registered action (1.3319ms)
✔ corporate Switch compiles every registered action (1.4246ms)
✔ corporate CheckBox compiles every registered action (1.416ms)
✔ corporate RadioGroup compiles every registered action (1.4103ms)
✔ corporate Input compiles every registered action (1.5187ms)
✔ corporate Select compiles every registered action (1.4601ms)
✔ corporate ProgressBar compiles every registered action (1.212ms)
✔ corporate Slider compiles every registered action (1.7164ms)
✔ corporate ScrollView compiles every registered action (1.2275ms)
✔ corporate List compiles every registered action (1.2981ms)
✔ corporate Panel compiles every registered action (1.6587ms)
✔ corporate Dialog compiles every registered action (1.5813ms)
✔ corporate Tabs compiles every registered action (1.3679ms)
✔ style profiles preserve supplied button facts and catalog data is caller-isolated (1.2294ms)
✔ motion-system documents reject extra fields, bad IDs, counts, types, actions, and duplicates (13.7317ms)
✔ one shared frame drives concurrent channels and retains exact endpoints (1.1319ms)
✔ retarget starts from caller presentation and stale cancelled frames cannot apply (1.7437ms)
✔ cancellation and destruction tear down frames without resetting other channels (1.7819ms)
✔ scheduler rejects unsafe arguments without changing a running channel (0.4403ms)
✔ apply and completion failures clean their channels and report errors (0.4653ms)
✔ reentrant apply and completion retain the newest generation without duplicate frames (0.3411ms)
✔ motion validation rejects unsupported versions, targets, values, timeline overlap, triggers, and scope leakage (3.7809ms)
✔ motion is separate from the UI document and event triggers are capability-checked (1.2592ms)
✔ explicit local clips compile into one pure canvas motion without inherited timing or triggers (1.3375ms)
✔ canvas clip composition rejects missing placement, invalid local targets, overflow, and resultant overlaps (1.619ms)
✔ sampling is pure and preserves sequential values while x/y remain runtime offsets (0.61ms)
✔ injected clock makes play, seek, stop, replay, and destroy deterministic (0.7995ms)
✔ apply and update callback failures cancel frames and clear temporary transforms (0.5323ms)
✔ accepts unchanged portable local and explicit HTTP(S) references (2.6702ms)
✔ rejects path traversal (0.5917ms)
✔ rejects middle traversal (0.1288ms)
✔ rejects absolute Unix path (0.0886ms)
✔ rejects absolute Windows path (0.0909ms)
✔ rejects backslash (0.1007ms)
✔ rejects encoded separator (0.0951ms)
✔ rejects encoded traversal (0.0812ms)
✔ rejects query in local path (0.1045ms)
✔ rejects fragment in local path (0.166ms)
✔ rejects Windows reserved path (0.108ms)
✔ rejects Windows reserved path with spacing (0.084ms)
✔ rejects Windows trailing dot (0.0848ms)
✔ rejects Windows alternate data stream (0.0713ms)
✔ rejects Windows forbidden angle bracket (0.0863ms)
✔ rejects unsupported protocol (0.0788ms)
✔ rejects credentialed URL (0.0867ms)
✔ rejects protocol relative URL (0.0599ms)
✔ legacy contract and intent use the shared resource validation (0.9812ms)
✔ slider values stay in the inclusive range and on its step lattice (0.8283ms)
✔ scroll ranges use content minus viewport and reject invalid dimensions (0.4087ms)
✔ step alignment validates a program value without coercing it (0.1463ms)
✔ click produces normal → hover → pressed → hover and one activate (0.8167ms)
✔ outside release clears press and does not activate (0.1333ms)
✔ cancel prevents later inside release (0.1166ms)
✔ disable before press blocks activate (0.0783ms)
✔ disable while pressed invalidates operation even if enabled before up (0.0976ms)
✔ secondary pointer cannot finish or cancel primary operation (0.0798ms)
✔ right click and release without press never activate (0.0587ms)
✔ blur, hidden, Escape and scale cancellation discard press (0.1046ms)
✔ destroy is idempotent, clears subscriptions and rejects mutation (0.4369ms)
✔ destroy cleans every subscription even when a destroy callback throws (0.7585ms)
✔ unsubscribe stops delivery (0.1506ms)
✔ subscriber disable at release prevents activation (0.0957ms)
✔ short submit/poll keeps one task through a transport retry, running receipt, and normalized Ready result (1076.0844ms)
✔ adapter never resubmits after an indeterminate task poll and writes a private terminal receipt (2042.2358ms)
✔ adapter returns an exact v0.2 Unresolved envelope instead of inventing a renderable fallback (13.6989ms)
✔ adapter returns a flat v0.2 Ready response without nested intent fields (13.0558ms)
✔ adapter rejects malformed flat v0.2 JSON without repairing it (13.435ms)
✔ poll restores a legacy completed raw result without a provider read (5.1769ms)
✔ a revised instruction creates a distinct submission instead of reusing a stale v0.2 result (10.5298ms)
✔ submit resumes a matching pending submission whose persisted image payload exceeds one MiB (12.3906ms)
✔ adapter refuses over-limit images before contact and makes unresolved output explicit without a fallback (5.5846ms)
✔ deidentified v0.2 prompt requires observable controls, complete references, and a final self-check (0.4154ms)
✔ one premature envelope close is removed with hashes and every field preserved (1.8685ms)
✔ valid JSON is untouched and other malformed or incomplete responses still fail (1.0337ms)
✔ semantic boundary compiles all sixteen types from explicit model-shaped fixtures (7.6127ms)
✔ uncertain and unsupported semantic results cannot acquire a render document (1.9584ms)
✔ semantic results reject stale source digests, invented resources and missing layout (3.9739ms)
✔ a live-shaped root ID without a node object cannot publish a Ready document (0.4872ms)
✔ recognition preserves semantic rejection codes without another provider request (22.0608ms)
✔ recognition distinguishes malformed component contracts from transport failures (1.4424ms)
✔ tree compiler is deterministic, preserves inputs, and returns all explicit layouts (8.451ms)
✔ intent forbids layout, Unresolved, Custom, missing composites, and source path guesses (2.5379ms)
✔ policy requires provenance and exactly one finite layout for each renderable node (0.826ms)
✔ image facts are source-keyed actual decode facts and regions are checked against their bounds (1.7026ms)
✔ v0.2 validates every renderable node branch, optional image region, font source, and composite children (5.6875ms)
✔ strict document failures report paths without repairing caller data (8.0465ms)
✔ cycle and tree-depth guards reject non-tree input before cloning (0.634ms)
✔ bridge preserves a flat v0.2 result for strict consumer compilation (38.3061ms)
✔ final semantic envelopes are top-level whitelists and cannot leak adapter fields (29.3505ms)
✔ status does not disclose configuration and an absent adapter never receives a request (4.9844ms)
✔ an unavailable configured adapter returns a stable 503 without exposing its module path (3.9739ms)
✔ the handler verifies raster bytes and source identity before invoking a configured adapter (4.6821ms)
✔ short submit and poll requests keep one opaque UUID while a legacy analyze adapter remains separate (5.305ms)
✔ a submit cache hit returns final semantics immediately and private task fields never reach the browser (4.7445ms)
✔ poll final results require a bound-source shaped digest before the browser compiler receives them (2.98ms)
✔ the handler permits only same-origin loopback requests and caps declared request size (5.5176ms)
✔ one in-flight analysis is allowed, while provider failures and oversized opaque results stay redacted (7.3428ms)
✔ direct validation rejects unsafe paths and does not accept image MIME claims without matching bytes (5.336ms)
✔ a timeout aborts the one provider call without an automatic retry (33.9989ms)
✔ a disconnected browser aborts the adapter signal without leaking a provider failure response (45.8471ms)
✔ flat responses expand explicit reused styles and preserve wire sibling order (6.0782ms)
✔ a flat gallery compiles every supported semantic component type (7.4015ms)
✔ missing props are rejected instead of being filled from defaults (0.6189ms)
✔ hierarchy and style references expose stable failure codes (0.6372ms)
✔ flat envelopes reject malformed fields and hidden style or child channels (0.259ms)
✔ image sources bind to decoded facts and text cannot introduce a font resource (0.2587ms)
✔ observations and classifications must agree with the provided nodes (0.2512ms)
✔ a standalone composite node is valid without invented child nodes (0.3159ms)
✔ every declared style is referenced and therefore receives strict style validation (0.3735ms)
✔ observed semantics cannot be supplied only by an invisible overlay control (0.4951ms)
✔ an invisible ancestor prevents its observed descendant from establishing semantics (0.2684ms)
✔ opaque observed controls and standalone artwork remain valid (0.7806ms)
✔ non-ready outcomes normalize without an intent, policy, or rendering path (0.3375ms)
✔ flat hierarchy rejects depth and total-node overflows before tree assembly (1.1938ms)
✔ workflow browser URL rejects remote origins, credentials, and ambiguous local names (1.1154ms)
✔ workflow check validation rejects stale bindings and unspecified outcomes before launching a browser (1.1705ms)
✔ manifest resources cannot escape their directory, use links, or exceed byte caps (14.8165ms)
✔ unified CLI stops before browser on invalid contracts, records failure, and refuses rerun output (271.1758ms)
✔ intent source compiles a complete v0.2 document and binds every node for all targets (5.0389ms)
✔ document input supports an explicit target subset (0.995ms)
✔ an authored timeline is independently validated and can coexist with a motion system (1.231ms)
✔ strict requests reject legacy sources, unknown fields, malformed input, missing styles, and stale targets (2.1498ms)
✔ workflow compilation and returned values are isolated from caller-owned input (1.1971ms)
ℹ tests 252
ℹ suites 0
ℹ pass 252
ℹ fail 0
ℹ cancelled 0
ℹ skipped 0
ℹ todo 0
ℹ duration_ms 3860.8072
