
> ai-ui-component-harness@0.2.0 test
> node --test tests/*.test.ts

✔ analysis ledger binds a source, derives NOT_RUN, and records an explicit unresolved retry (2.5172ms)
✔ recording is source-bound, immutable, and never creates renderable UI input (2.1536ms)
✔ Composite and Custom-required are explicit, validated terminal classifications (0.3832ms)
✔ strict records reject unknown result fields, fake statuses, unsupported types, and invalid budgets (0.3985ms)
✔ persisted ledgers reject budget bypasses and reanalysis after terminal states (0.375ms)
✔ v0.1 bundle embeds verified bytes and materializes fresh bytes after validation (7.8668ms)
✔ verified bundles are immutable and reject oversized Base64 before decoding (6.5585ms)
✔ rejects aggregate Base64 bytes before decoding resources beyond the total limit (465.6988ms)
✔ requires every local document source and does not package network or blob references (0.9157ms)
✔ rejects unsafe resource paths, duplicate IDs and checksum tampering (2.7684ms)
✔ rejects paths that collide on case-insensitive extraction targets (1.5904ms)
✔ supports v0.2 documents and validates optional motion against that document (6.357ms)
✔ self-test and doctor are offline and do not disclose a working path (231.5015ms)
✔ compile reads supplied PNG dimensions without claiming vision (155.844ms)
✔ pack and unpack round trip verified bytes and refuse an existing target (438.8887ms)
✔ inspect redacts query and fragment text from external references (134.0554ms)
✔ compile actual button matches accepted contract and does not duplicate baked text (2.976ms)
✔ deterministic output; no input mutation or shared output references (1.1602ms)
✔ same compiler accepts another image and explicit scale/enabled without hand-written layout (0.6897ms)
✔ large image preserves explicit scale; no silent auto-fit (0.4471ms)
✔ intent rejects unknown version (1.2358ms)
✔ intent rejects unresolved (0.4973ms)
✔ intent rejects unsupported type (0.4539ms)
✔ intent rejects missing id (0.4207ms)
✔ intent rejects missing source (0.7205ms)
✔ intent rejects empty source (0.6831ms)
✔ intent rejects unsafe source scheme (0.438ms)
✔ intent rejects layer mode (0.3893ms)
✔ intent rejects independent label (0.3501ms)
✔ intent rejects unknown baked text (0.4033ms)
✔ intent rejects none with non-empty text (0.3023ms)
✔ intent rejects guessed width (0.2547ms)
✔ intent rejects inferred business event (0.2305ms)
✔ intent rejects inferred enabled (0.267ms)
✔ legacy narrative analysis is not silently accepted as structured intent (0.1096ms)
✔ policy rejects missing enabled (0.2164ms)
✔ policy rejects enabled string (0.2007ms)
✔ policy rejects zero scale (0.2134ms)
✔ policy rejects negative scale (0.1371ms)
✔ policy rejects nonfinite canvas (0.1329ms)
✔ policy rejects unsupported placement (0.1443ms)
✔ decoded dimensions must be positive safe integers and have no extra fields (1.6656ms)
✔ scale overflow fails instead of producing an invalid or substituted size (0.5865ms)
✔ valid contract is cloned without injecting defaults (2.6781ms)
✔ reject version with field path (1.0161ms)
✔ reject unknown Button type with field path (0.4201ms)
✔ reject missing id with field path (0.3948ms)
✔ reject empty id with field path (0.3338ms)
✔ reject duplicate id with field path (0.3215ms)
✔ reject missing layout with field path (0.2802ms)
✔ reject NaN coordinate with field path (0.282ms)
✔ reject infinite coordinate with field path (0.2534ms)
✔ reject zero width with field path (0.3285ms)
✔ reject negative height with field path (0.3031ms)
✔ reject string size with field path (0.2259ms)
✔ reject enabled string with field path (0.2428ms)
✔ reject missing enabled with field path (0.2666ms)
✔ reject missing visual with field path (0.2518ms)
✔ reject unknown visual type with field path (0.2553ms)
✔ reject missing source with field path (0.2483ms)
✔ reject empty source with field path (0.3543ms)
✔ reject unsupported source scheme with field path (0.3201ms)
✔ reject unsupported label with field path (0.222ms)
✔ reject unsupported icon with field path (0.2ms)
✔ reject unsupported animation with field path (0.2229ms)
✔ reject unknown props with field path (0.2038ms)
✔ reject non-object inputs (0.2865ms)
✔ allow negative position and non-empty HTTP reference; resource loading is separate (0.5214ms)
✔ motion CLI capabilities, compile, compose, validate and sample run offline from another directory (1567.8095ms)
✔ Image: all five whole-node recipes compile, sample and preserve UI (12.861ms)
✔ Text: all five whole-node recipes compile, sample and preserve UI (7.2978ms)
✔ Container: all five whole-node recipes compile, sample and preserve UI (7.74ms)
✔ Button: all five whole-node recipes compile, sample and preserve UI (6.4351ms)
✔ Switch: all five whole-node recipes compile, sample and preserve UI (6.6077ms)
✔ CheckBox: all five whole-node recipes compile, sample and preserve UI (5.4153ms)
✔ RadioGroup: all five whole-node recipes compile, sample and preserve UI (7.0408ms)
✔ Input: all five whole-node recipes compile, sample and preserve UI (6.7885ms)
✔ Select: all five whole-node recipes compile, sample and preserve UI (7.7119ms)
✔ ProgressBar: all five whole-node recipes compile, sample and preserve UI (6.6304ms)
✔ Slider: all five whole-node recipes compile, sample and preserve UI (6.7273ms)
✔ ScrollView: all five whole-node recipes compile, sample and preserve UI (6.8185ms)
✔ List: all five whole-node recipes compile, sample and preserve UI (11.1362ms)
✔ Panel: all five whole-node recipes compile, sample and preserve UI (7.0699ms)
✔ Dialog: all five whole-node recipes compile, sample and preserve UI (7.279ms)
✔ Tabs: all five whole-node recipes compile, sample and preserve UI (7.2686ms)
✔ capability registry covers 16 types and exposes only implemented trigger pairs (180.1869ms)
✔ pulse keeps layout center through easing, including subpixel and expanded samples (6.7082ms)
✔ recipes reject unsupported params, nonfinite numbers, unsafe timelines and non-node identifiers (4.4399ms)
✔ playful: motion system and timeline round trip together without losing bindings or bytes (24.5565ms)
✔ premium: motion system and timeline round trip together without losing bindings or bytes (13.6418ms)
✔ corporate: motion system and timeline round trip together without losing bindings or bytes (9.7611ms)
✔ bundle rejects downgraded, missing, unsupported and stale system declarations (12.6426ms)
✔ motion system CLI catalog, compilation, validation, pack and unpack are executable offline (1410.989ms)
✔ unpack refuses a case-variant system metadata resource before writing any payload (86.4777ms)
✔ playful Image compiles every registered action (8.8121ms)
✔ playful Text compiles every registered action (4.5283ms)
✔ playful Container compiles every registered action (6.2254ms)
✔ playful Button compiles every registered action (2.4736ms)
✔ playful Switch compiles every registered action (2.6273ms)
✔ playful CheckBox compiles every registered action (2.5244ms)
✔ playful RadioGroup compiles every registered action (1.7173ms)
✔ playful Input compiles every registered action (2.2401ms)
✔ playful Select compiles every registered action (1.5154ms)
✔ playful ProgressBar compiles every registered action (2.065ms)
✔ playful Slider compiles every registered action (1.9034ms)
✔ playful ScrollView compiles every registered action (2.0899ms)
✔ playful List compiles every registered action (1.0293ms)
✔ playful Panel compiles every registered action (1.0886ms)
✔ playful Dialog compiles every registered action (1.7154ms)
✔ playful Tabs compiles every registered action (1.2618ms)
✔ premium Image compiles every registered action (1.6763ms)
✔ premium Text compiles every registered action (0.9878ms)
✔ premium Container compiles every registered action (1.177ms)
✔ premium Button compiles every registered action (2.216ms)
✔ premium Switch compiles every registered action (1.0095ms)
✔ premium CheckBox compiles every registered action (0.9871ms)
✔ premium RadioGroup compiles every registered action (1.6276ms)
✔ premium Input compiles every registered action (1.1091ms)
✔ premium Select compiles every registered action (1.4909ms)
✔ premium ProgressBar compiles every registered action (1.8069ms)
✔ premium Slider compiles every registered action (1.3195ms)
✔ premium ScrollView compiles every registered action (0.9798ms)
✔ premium List compiles every registered action (1.4884ms)
✔ premium Panel compiles every registered action (1.3177ms)
✔ premium Dialog compiles every registered action (1.2916ms)
✔ premium Tabs compiles every registered action (0.8518ms)
✔ corporate Image compiles every registered action (1.4987ms)
✔ corporate Text compiles every registered action (1.2939ms)
✔ corporate Container compiles every registered action (1.0108ms)
✔ corporate Button compiles every registered action (1.7228ms)
✔ corporate Switch compiles every registered action (1.5286ms)
✔ corporate CheckBox compiles every registered action (1.3369ms)
✔ corporate RadioGroup compiles every registered action (2.2398ms)
✔ corporate Input compiles every registered action (1.7482ms)
✔ corporate Select compiles every registered action (1.4734ms)
✔ corporate ProgressBar compiles every registered action (1.6291ms)
✔ corporate Slider compiles every registered action (1.4402ms)
✔ corporate ScrollView compiles every registered action (1.3317ms)
✔ corporate List compiles every registered action (1.7864ms)
✔ corporate Panel compiles every registered action (1.3025ms)
✔ corporate Dialog compiles every registered action (1.5186ms)
✔ corporate Tabs compiles every registered action (1.261ms)
✔ style profiles preserve supplied button facts and catalog data is caller-isolated (1.2868ms)
✔ motion-system documents reject extra fields, bad IDs, counts, types, actions, and duplicates (19.1005ms)
✔ one shared frame drives concurrent channels and retains exact endpoints (1.0673ms)
✔ retarget starts from caller presentation and stale cancelled frames cannot apply (0.2247ms)
✔ cancellation and destruction tear down frames without resetting other channels (0.2736ms)
✔ scheduler rejects unsafe arguments without changing a running channel (0.232ms)
✔ apply and completion failures clean their channels and report errors (0.4894ms)
✔ reentrant apply and completion retain the newest generation without duplicate frames (0.2154ms)
✔ motion validation rejects unsupported versions, targets, values, timeline overlap, triggers, and scope leakage (3.9703ms)
✔ motion is separate from the UI document and event triggers are capability-checked (1.3237ms)
✔ explicit local clips compile into one pure canvas motion without inherited timing or triggers (1.3472ms)
✔ canvas clip composition rejects missing placement, invalid local targets, overflow, and resultant overlaps (1.9262ms)
✔ sampling is pure and preserves sequential values while x/y remain runtime offsets (0.7629ms)
✔ injected clock makes play, seek, stop, replay, and destroy deterministic (0.9043ms)
✔ apply and update callback failures cancel frames and clear temporary transforms (0.6069ms)
✔ accepts unchanged portable local and explicit HTTP(S) references (2.7127ms)
✔ rejects path traversal (0.6229ms)
✔ rejects middle traversal (0.1492ms)
✔ rejects absolute Unix path (0.1426ms)
✔ rejects absolute Windows path (0.1293ms)
✔ rejects backslash (0.1424ms)
✔ rejects encoded separator (0.1306ms)
✔ rejects encoded traversal (0.109ms)
✔ rejects query in local path (0.1356ms)
✔ rejects fragment in local path (0.2209ms)
✔ rejects Windows reserved path (0.1562ms)
✔ rejects Windows reserved path with spacing (0.1863ms)
✔ rejects Windows trailing dot (0.0806ms)
✔ rejects Windows alternate data stream (0.0671ms)
✔ rejects Windows forbidden angle bracket (0.0981ms)
✔ rejects unsupported protocol (0.1047ms)
✔ rejects credentialed URL (0.0793ms)
✔ rejects protocol relative URL (0.0849ms)
✔ legacy contract and intent use the shared resource validation (1.1264ms)
✔ slider values stay in the inclusive range and on its step lattice (1.1089ms)
✔ scroll ranges use content minus viewport and reject invalid dimensions (0.8167ms)
✔ step alignment validates a program value without coercing it (0.2554ms)
✔ click produces normal → hover → pressed → hover and one activate (1.2007ms)
✔ outside release clears press and does not activate (0.1439ms)
✔ cancel prevents later inside release (0.156ms)
✔ disable before press blocks activate (0.12ms)
✔ disable while pressed invalidates operation even if enabled before up (0.1128ms)
✔ secondary pointer cannot finish or cancel primary operation (0.112ms)
✔ right click and release without press never activate (0.109ms)
✔ blur, hidden, Escape and scale cancellation discard press (0.134ms)
✔ destroy is idempotent, clears subscriptions and rejects mutation (0.5192ms)
✔ destroy cleans every subscription even when a destroy callback throws (1.3473ms)
✔ unsubscribe stops delivery (0.1387ms)
✔ subscriber disable at release prevents activation (0.0983ms)
✔ short submit/poll keeps one task through a transport retry, running receipt, and normalized Ready result (1080.7131ms)
✔ adapter never resubmits after an indeterminate task poll and writes a private terminal receipt (2032.5157ms)
✔ adapter returns an exact v0.2 Unresolved envelope instead of inventing a renderable fallback (17.3692ms)
✔ adapter returns a flat v0.2 Ready response without nested intent fields (15.7098ms)
✔ adapter rejects malformed flat v0.2 JSON without repairing it (16.385ms)
✔ poll restores a legacy completed raw result without a provider read (6.2489ms)
✔ a revised instruction creates a distinct submission instead of reusing a stale v0.2 result (12.3977ms)
✔ submit resumes a matching pending submission whose persisted image payload exceeds one MiB (19.3004ms)
✔ adapter refuses over-limit images before contact and makes unresolved output explicit without a fallback (7.4107ms)
✔ deidentified v0.2 prompt requires observable controls, complete references, and a final self-check (0.5079ms)
✔ semantic adapter submits one v0.2 observation, then polls only that stage and returns an exact v0.4 envelope (39.4209ms)
✔ semantic adapter refuses an incompatible persisted observation instruction before calling the poll mock (15.6576ms)
✔ concurrent POSTs join the in-progress observation submission after its stage record is written (11.0007ms)
✔ semantic adapter rejects a v0.1 observation downgrade and never converts provider Ready into a terminal public status (6.4026ms)
✔ semantic adapter preserves only whitelisted non-observed outcomes in a v0.4 envelope (6.3679ms)
✔ staged pipeline advances one observed task to one contract task and then restores its final result (134.192ms)
✔ a non-ready observation never creates a contract submission (30.1525ms)
✔ staged templates are source-bound, omit observation evidence from contract prompts, and stay bounded (0.4835ms)
✔ a current pipeline rejects an observation protocol downgrade before submitting a contract (25.5467ms)
✔ cached pipeline and observation submission prompts must retain their exact digests and binding (8.8751ms)
✔ a stored contract gate cannot replace the v0.2 policy-bound instruction (35.5985ms)
✔ semantic prompts distinguish optional image facts from explicit preview policy (0.7397ms)
✔ staged recovery accepts a submission record above one MiB without contacting a provider (27.4398ms)
✔ two concurrent observation polls share one receipt transition and create one contract vision task (83.8557ms)
✔ an indeterminate contract submit remains terminal and never opens another contract task (47.3237ms)
✔ an invalid observation fails before contract submission (25.797ms)
✔ a non-ready contract produces the matching v0.3 result after a valid observation (56.2649ms)
✔ one premature envelope close is removed with hashes and every field preserved (3.2406ms)
✔ valid JSON is untouched and other malformed or incomplete responses still fail (0.6179ms)
✔ observation-only boundary compiles without a model contract and preserves incomplete facts (5.0843ms)
✔ semantic boundary compiles all sixteen types from explicit model-shaped fixtures (8.8438ms)
✔ uncertain and unsupported semantic results cannot acquire a render document (0.9674ms)
✔ semantic results reject stale source digests, invented resources and missing layout (3.5974ms)
✔ a live-shaped root ID without a node object cannot publish a Ready document (1.2086ms)
✔ recognition preserves semantic rejection codes without another provider request (31.209ms)
✔ recognition distinguishes malformed component contracts from transport failures (1.6218ms)
✔ tree compiler is deterministic, preserves inputs, and returns all explicit layouts (5.7638ms)
✔ intent forbids layout, Unresolved, Custom, missing composites, and source path guesses (1.6769ms)
✔ policy requires provenance and exactly one finite layout for each renderable node (1.0496ms)
✔ image facts are source-keyed actual decode facts and regions are checked against their bounds (1.4268ms)
✔ v0.2 validates every renderable node branch, optional image region, font source, and composite children (7.2232ms)
✔ strict document failures report paths without repairing caller data (9.5421ms)
✔ cycle and tree-depth guards reject non-tree input before cloning (1.0026ms)
✔ bridge preserves a flat v0.2 result for strict consumer compilation (51.1377ms)
✔ final semantic envelopes are top-level whitelists and cannot leak adapter fields (70.7147ms)
✔ status does not disclose configuration and an absent adapter never receives a request (5.4103ms)
✔ an unavailable configured adapter returns a stable 503 without exposing its module path (6.1038ms)
✔ the handler verifies raster bytes and source identity before invoking a configured adapter (5.7051ms)
✔ short submit and poll requests keep one opaque UUID while a legacy analyze adapter remains separate (5.8528ms)
✔ a submit cache hit returns final semantics immediately and private task fields never reach the browser (5.3326ms)
✔ poll final results require a bound-source shaped digest before the browser compiler receives them (3.8507ms)
✔ the handler permits only same-origin loopback requests and caps declared request size (3.9206ms)
✔ one in-flight analysis is allowed, while provider failures and oversized opaque results stay redacted (7.7958ms)
✔ direct validation rejects unsafe paths and does not accept image MIME claims without matching bytes (8.8312ms)
✔ a timeout aborts the one provider call without an automatic retry (21.4362ms)
✔ a disconnected browser aborts the adapter signal without leaking a provider failure response (44.9974ms)
✔ flat responses expand explicit reused styles and preserve wire sibling order (7.7489ms)
✔ a flat gallery compiles every supported semantic component type (8.3246ms)
✔ missing props are rejected instead of being filled from defaults (0.9007ms)
✔ hierarchy and style references expose stable failure codes (0.7203ms)
✔ flat envelopes reject malformed fields and hidden style or child channels (0.3253ms)
✔ image sources bind to decoded facts and text cannot introduce a font resource (0.3302ms)
✔ observations and classifications must agree with the provided nodes (5.4529ms)
✔ a standalone composite node is valid without invented child nodes (0.6112ms)
✔ every declared style is referenced and therefore receives strict style validation (0.4202ms)
✔ observed semantics cannot be supplied only by an invisible overlay control (0.7958ms)
✔ an invisible ancestor prevents its observed descendant from establishing semantics (0.7229ms)
✔ opaque observed controls and standalone artwork remain valid (0.6693ms)
✔ non-ready outcomes normalize without an intent, policy, or rendering path (2.3423ms)
✔ flat hierarchy rejects depth and total-node overflows before tree assembly (1.863ms)
✔ observation accepts bounded visible facts without defaults or mutation (2.9184ms)
✔ observation rejects hidden properties, source-bound violations, bounds, and invalid graph references (1.1607ms)
✔ v0.2 observation contains only source-visible semantics and permits semantic leaf parents (0.8198ms)
✔ observation rejects non-finite and contradictory visible numeric facts without supplying defaults (0.5347ms)
✔ observation keeps option, item, and tab IDs globally distinct from component IDs and validates selected references (0.4361ms)
✔ observed Image regions must remain within the source image (0.2397ms)
✔ staged Ready compiles only after observed identities, visible props, and parents bind (5.133ms)
✔ binding permits only extra Containers between observed parents and rejects extra semantic nodes (2.0715ms)
✔ v0.2 binding flattens only semantic leaf parenting into its same render parent (4.9996ms)
✔ staged non-ready values have one valid provenance path (0.6185ms)
✔ v1 policy is deeply immutable and identifies non-observed preview configuration (1.1257ms)
✔ v1 accepts every policy-owned preview setting when explicitly supplied (0.5145ms)
✔ v1 rejects omitted or conflicting preview settings without mutating the supplied nodes (1.5959ms)
✔ v1 does not prescribe Slider step, Text line height, or content (0.2394ms)
✔ neutral policy is deeply immutable and requires an explicit exact policy argument (1.2506ms)
✔ compiler preserves every observed semantic value, uses only disclosed neutral preview choices, and does not mutate input (8.0869ms)
✔ tabs never receive invented content placeholders and block as Unresolved (1.2881ms)
✔ missing facts are aggregated, while observed false and empty values remain valid (0.3692ms)
✔ malformed sources and duplicate observation IDs fail closed before a document can be created (0.5462ms)
✔ wrapper and document IDs are deterministic and avoid observed IDs and semantic entry IDs (1.8008ms)
✔ a sole observed leaf receives one deterministic wrapper child without changing its identity (0.5795ms)
✔ workflow browser URL rejects remote origins, credentials, and ambiguous local names (0.883ms)
✔ workflow check validation rejects stale bindings and unspecified outcomes before launching a browser (0.6632ms)
✔ manifest resources cannot escape their directory, use links, or exceed byte caps (14.7107ms)
✔ unified CLI stops before browser on invalid contracts, records failure, and refuses rerun output (285.07ms)
✔ intent source compiles a complete v0.2 document and binds every node for all targets (4.9567ms)
✔ document input supports an explicit target subset (0.9232ms)
✔ an authored timeline is independently validated and can coexist with a motion system (1.6238ms)
✔ strict requests reject legacy sources, unknown fields, malformed input, missing styles, and stale targets (2.3383ms)
✔ workflow compilation and returned values are isolated from caller-owned input (2.1394ms)
ℹ tests 291
ℹ suites 0
ℹ pass 291
ℹ fail 0
ℹ cancelled 0
ℹ skipped 0
ℹ todo 0
ℹ duration_ms 3925.9101
