
> ai-ui-component-harness@0.2.0 test
> node --test tests/*.test.ts

✔ analysis ledger binds a source, derives NOT_RUN, and records an explicit unresolved retry (2.9769ms)
✔ recording is source-bound, immutable, and never creates renderable UI input (2.1189ms)
✔ Composite and Custom-required are explicit, validated terminal classifications (0.3517ms)
✔ strict records reject unknown result fields, fake statuses, unsupported types, and invalid budgets (0.399ms)
✔ persisted ledgers reject budget bypasses and reanalysis after terminal states (0.6862ms)
✔ v0.1 bundle embeds verified bytes and materializes fresh bytes after validation (8.7264ms)
✔ verified bundles are immutable and reject oversized Base64 before decoding (8.4133ms)
✔ rejects aggregate Base64 bytes before decoding resources beyond the total limit (464.2196ms)
✔ requires every local document source and does not package network or blob references (0.9257ms)
✔ rejects unsafe resource paths, duplicate IDs and checksum tampering (2.5664ms)
✔ rejects paths that collide on case-insensitive extraction targets (1.1877ms)
✔ supports v0.2 documents and validates optional motion against that document (6.9952ms)
✔ self-test and doctor are offline and do not disclose a working path (280.1378ms)
✔ compile reads supplied PNG dimensions without claiming vision (152.2774ms)
✔ pack and unpack round trip verified bytes and refuse an existing target (437.9715ms)
✔ inspect redacts query and fragment text from external references (124.9717ms)
✔ compile actual button matches accepted contract and does not duplicate baked text (2.5148ms)
✔ deterministic output; no input mutation or shared output references (0.6209ms)
✔ same compiler accepts another image and explicit scale/enabled without hand-written layout (0.4016ms)
✔ large image preserves explicit scale; no silent auto-fit (0.3843ms)
✔ intent rejects unknown version (0.7511ms)
✔ intent rejects unresolved (0.3399ms)
✔ intent rejects unsupported type (0.2836ms)
✔ intent rejects missing id (0.2917ms)
✔ intent rejects missing source (0.7526ms)
✔ intent rejects empty source (0.4904ms)
✔ intent rejects unsafe source scheme (0.4018ms)
✔ intent rejects layer mode (0.3587ms)
✔ intent rejects independent label (0.282ms)
✔ intent rejects unknown baked text (0.2518ms)
✔ intent rejects none with non-empty text (0.232ms)
✔ intent rejects guessed width (0.308ms)
✔ intent rejects inferred business event (0.519ms)
✔ intent rejects inferred enabled (0.6038ms)
✔ legacy narrative analysis is not silently accepted as structured intent (0.1495ms)
✔ policy rejects missing enabled (0.3641ms)
✔ policy rejects enabled string (0.1631ms)
✔ policy rejects zero scale (0.1557ms)
✔ policy rejects negative scale (0.1589ms)
✔ policy rejects nonfinite canvas (0.1629ms)
✔ policy rejects unsupported placement (0.1828ms)
✔ decoded dimensions must be positive safe integers and have no extra fields (0.9561ms)
✔ scale overflow fails instead of producing an invalid or substituted size (0.4746ms)
✔ valid contract is cloned without injecting defaults (2.9423ms)
✔ reject version with field path (0.739ms)
✔ reject unknown Button type with field path (0.2645ms)
✔ reject missing id with field path (0.2561ms)
✔ reject empty id with field path (0.2171ms)
✔ reject duplicate id with field path (0.1988ms)
✔ reject missing layout with field path (0.6242ms)
✔ reject NaN coordinate with field path (0.3367ms)
✔ reject infinite coordinate with field path (0.3018ms)
✔ reject zero width with field path (0.38ms)
✔ reject negative height with field path (0.3051ms)
✔ reject string size with field path (0.2714ms)
✔ reject enabled string with field path (0.2661ms)
✔ reject missing enabled with field path (0.4692ms)
✔ reject missing visual with field path (0.6066ms)
✔ reject unknown visual type with field path (0.2304ms)
✔ reject missing source with field path (0.3467ms)
✔ reject empty source with field path (0.3281ms)
✔ reject unsupported source scheme with field path (0.3021ms)
✔ reject unsupported label with field path (0.197ms)
✔ reject unsupported icon with field path (0.1776ms)
✔ reject unsupported animation with field path (0.4517ms)
✔ reject unknown props with field path (0.3089ms)
✔ reject non-object inputs (0.1525ms)
✔ allow negative position and non-empty HTTP reference; resource loading is separate (0.3147ms)
✔ motion CLI capabilities, compile, compose, validate and sample run offline from another directory (1693.4926ms)
✔ Image: all five whole-node recipes compile, sample and preserve UI (15.1748ms)
✔ Text: all five whole-node recipes compile, sample and preserve UI (8.6578ms)
✔ Container: all five whole-node recipes compile, sample and preserve UI (9.8858ms)
✔ Button: all five whole-node recipes compile, sample and preserve UI (7.2391ms)
✔ Switch: all five whole-node recipes compile, sample and preserve UI (7.1938ms)
✔ CheckBox: all five whole-node recipes compile, sample and preserve UI (6.8652ms)
✔ RadioGroup: all five whole-node recipes compile, sample and preserve UI (7.2635ms)
✔ Input: all five whole-node recipes compile, sample and preserve UI (6.464ms)
✔ Select: all five whole-node recipes compile, sample and preserve UI (6.3435ms)
✔ ProgressBar: all five whole-node recipes compile, sample and preserve UI (6.8884ms)
✔ Slider: all five whole-node recipes compile, sample and preserve UI (7.0683ms)
✔ ScrollView: all five whole-node recipes compile, sample and preserve UI (7.3734ms)
✔ List: all five whole-node recipes compile, sample and preserve UI (7.0824ms)
✔ Panel: all five whole-node recipes compile, sample and preserve UI (6.6449ms)
✔ Dialog: all five whole-node recipes compile, sample and preserve UI (7.3171ms)
✔ Tabs: all five whole-node recipes compile, sample and preserve UI (6.6464ms)
✔ capability registry covers 16 types and exposes only implemented trigger pairs (177.1632ms)
✔ pulse keeps layout center through easing, including subpixel and expanded samples (7.1362ms)
✔ recipes reject unsupported params, nonfinite numbers, unsafe timelines and non-node identifiers (5.4503ms)
✔ playful: motion system and timeline round trip together without losing bindings or bytes (25.5669ms)
✔ premium: motion system and timeline round trip together without losing bindings or bytes (10.3921ms)
✔ corporate: motion system and timeline round trip together without losing bindings or bytes (8.7991ms)
✔ bundle rejects downgraded, missing, unsupported and stale system declarations (10.2037ms)
✔ motion system CLI catalog, compilation, validation, pack and unpack are executable offline (1540.0317ms)
✔ unpack refuses a case-variant system metadata resource before writing any payload (101.089ms)
✔ playful Image compiles every registered action (9.5786ms)
✔ playful Text compiles every registered action (3.2717ms)
✔ playful Container compiles every registered action (2.4468ms)
✔ playful Button compiles every registered action (2.6705ms)
✔ playful Switch compiles every registered action (2.4652ms)
✔ playful CheckBox compiles every registered action (2.2454ms)
✔ playful RadioGroup compiles every registered action (1.8417ms)
✔ playful Input compiles every registered action (2.0889ms)
✔ playful Select compiles every registered action (1.4548ms)
✔ playful ProgressBar compiles every registered action (2.5103ms)
✔ playful Slider compiles every registered action (1.7439ms)
✔ playful ScrollView compiles every registered action (2.6566ms)
✔ playful List compiles every registered action (1.8788ms)
✔ playful Panel compiles every registered action (1.2089ms)
✔ playful Dialog compiles every registered action (1.9899ms)
✔ playful Tabs compiles every registered action (1.4534ms)
✔ premium Image compiles every registered action (1.803ms)
✔ premium Text compiles every registered action (1.4049ms)
✔ premium Container compiles every registered action (1.3962ms)
✔ premium Button compiles every registered action (1.6862ms)
✔ premium Switch compiles every registered action (1.9127ms)
✔ premium CheckBox compiles every registered action (1.1579ms)
✔ premium RadioGroup compiles every registered action (1.2379ms)
✔ premium Input compiles every registered action (1.9449ms)
✔ premium Select compiles every registered action (1.5485ms)
✔ premium ProgressBar compiles every registered action (1.3952ms)
✔ premium Slider compiles every registered action (1.8836ms)
✔ premium ScrollView compiles every registered action (1.4422ms)
✔ premium List compiles every registered action (1.4542ms)
✔ premium Panel compiles every registered action (1.5812ms)
✔ premium Dialog compiles every registered action (1.2897ms)
✔ premium Tabs compiles every registered action (0.8175ms)
✔ corporate Image compiles every registered action (1.4871ms)
✔ corporate Text compiles every registered action (1.3703ms)
✔ corporate Container compiles every registered action (1.2562ms)
✔ corporate Button compiles every registered action (1.3708ms)
✔ corporate Switch compiles every registered action (1.5165ms)
✔ corporate CheckBox compiles every registered action (1.1609ms)
✔ corporate RadioGroup compiles every registered action (1.1994ms)
✔ corporate Input compiles every registered action (1.7346ms)
✔ corporate Select compiles every registered action (1.3679ms)
✔ corporate ProgressBar compiles every registered action (1.3434ms)
✔ corporate Slider compiles every registered action (1.4707ms)
✔ corporate ScrollView compiles every registered action (1.1583ms)
✔ corporate List compiles every registered action (1.3431ms)
✔ corporate Panel compiles every registered action (1.7436ms)
✔ corporate Dialog compiles every registered action (1.3502ms)
✔ corporate Tabs compiles every registered action (1.3184ms)
✔ style profiles preserve supplied button facts and catalog data is caller-isolated (1.0091ms)
✔ motion-system documents reject extra fields, bad IDs, counts, types, actions, and duplicates (14.2335ms)
✔ one shared frame drives concurrent channels and retains exact endpoints (1.0243ms)
✔ retarget starts from caller presentation and stale cancelled frames cannot apply (0.3667ms)
✔ cancellation and destruction tear down frames without resetting other channels (0.4791ms)
✔ scheduler rejects unsafe arguments without changing a running channel (0.3583ms)
✔ apply and completion failures clean their channels and report errors (0.3706ms)
✔ reentrant apply and completion retain the newest generation without duplicate frames (0.2652ms)
✔ motion validation rejects unsupported versions, targets, values, timeline overlap, triggers, and scope leakage (4.4194ms)
✔ motion is separate from the UI document and event triggers are capability-checked (1.4071ms)
✔ explicit local clips compile into one pure canvas motion without inherited timing or triggers (1.7508ms)
✔ canvas clip composition rejects missing placement, invalid local targets, overflow, and resultant overlaps (1.2083ms)
✔ sampling is pure and preserves sequential values while x/y remain runtime offsets (0.6335ms)
✔ injected clock makes play, seek, stop, replay, and destroy deterministic (0.6884ms)
✔ apply and update callback failures cancel frames and clear temporary transforms (0.5683ms)
✔ accepts unchanged portable local and explicit HTTP(S) references (2.7185ms)
✔ rejects path traversal (0.5052ms)
✔ rejects middle traversal (0.1084ms)
✔ rejects absolute Unix path (0.0893ms)
✔ rejects absolute Windows path (0.0885ms)
✔ rejects backslash (0.1088ms)
✔ rejects encoded separator (0.0938ms)
✔ rejects encoded traversal (0.0774ms)
✔ rejects query in local path (0.1095ms)
✔ rejects fragment in local path (0.1941ms)
✔ rejects Windows reserved path (0.1189ms)
✔ rejects Windows reserved path with spacing (0.1294ms)
✔ rejects Windows trailing dot (0.0696ms)
✔ rejects Windows alternate data stream (0.0654ms)
✔ rejects Windows forbidden angle bracket (0.128ms)
✔ rejects unsupported protocol (0.0817ms)
✔ rejects credentialed URL (0.0953ms)
✔ rejects protocol relative URL (0.0718ms)
✔ legacy contract and intent use the shared resource validation (1.3251ms)
✔ slider values stay in the inclusive range and on its step lattice (0.9793ms)
✔ scroll ranges use content minus viewport and reject invalid dimensions (0.5193ms)
✔ step alignment validates a program value without coercing it (0.2061ms)
✔ click produces normal → hover → pressed → hover and one activate (1.3171ms)
✔ outside release clears press and does not activate (0.1853ms)
✔ cancel prevents later inside release (0.1967ms)
✔ disable before press blocks activate (0.1607ms)
✔ disable while pressed invalidates operation even if enabled before up (0.1895ms)
✔ secondary pointer cannot finish or cancel primary operation (0.1321ms)
✔ right click and release without press never activate (0.1134ms)
✔ blur, hidden, Escape and scale cancellation discard press (0.1507ms)
✔ destroy is idempotent, clears subscriptions and rejects mutation (0.5332ms)
✔ destroy cleans every subscription even when a destroy callback throws (1.0462ms)
✔ unsubscribe stops delivery (0.1599ms)
✔ subscriber disable at release prevents activation (0.2005ms)
✔ short submit/poll keeps one task through a transport retry, running receipt, and normalized Ready result (1077.9958ms)
✔ adapter never resubmits after an indeterminate task poll and writes a private terminal receipt (2019.0644ms)
✔ adapter returns an exact v0.2 Unresolved envelope instead of inventing a renderable fallback (17.5309ms)
✔ adapter returns a flat v0.2 Ready response without nested intent fields (16.8126ms)
✔ adapter rejects malformed flat v0.2 JSON without repairing it (18.53ms)
✔ poll restores a legacy completed raw result without a provider read (6.2941ms)
✔ a revised instruction creates a distinct submission instead of reusing a stale v0.2 result (13.64ms)
✔ submit resumes a matching pending submission whose persisted image payload exceeds one MiB (16.7694ms)
✔ adapter refuses over-limit images before contact and makes unresolved output explicit without a fallback (7.4763ms)
✔ one premature envelope close is removed with hashes and every field preserved (2.0574ms)
✔ valid JSON is untouched and other malformed or incomplete responses still fail (0.7281ms)
✔ semantic boundary compiles all sixteen types from explicit model-shaped fixtures (12.4661ms)
✔ uncertain and unsupported semantic results cannot acquire a render document (1.6751ms)
✔ semantic results reject stale source digests, invented resources and missing layout (3.9859ms)
✔ a live-shaped root ID without a node object cannot publish a Ready document (0.8301ms)
✔ tree compiler is deterministic, preserves inputs, and returns all explicit layouts (7.6615ms)
✔ intent forbids layout, Unresolved, Custom, missing composites, and source path guesses (1.4915ms)
✔ policy requires provenance and exactly one finite layout for each renderable node (0.9629ms)
✔ image facts are source-keyed actual decode facts and regions are checked against their bounds (1.6891ms)
✔ v0.2 validates every renderable node branch, optional image region, font source, and composite children (6.156ms)
✔ strict document failures report paths without repairing caller data (8.4966ms)
✔ cycle and tree-depth guards reject non-tree input before cloning (0.7914ms)
✔ bridge preserves a flat v0.2 result for strict consumer compilation (55.5192ms)
✔ final semantic envelopes are top-level whitelists and cannot leak adapter fields (51.6318ms)
✔ status does not disclose configuration and an absent adapter never receives a request (11.223ms)
✔ an unavailable configured adapter returns a stable 503 without exposing its module path (8.2337ms)
✔ the handler verifies raster bytes and source identity before invoking a configured adapter (13.7754ms)
✔ short submit and poll requests keep one opaque UUID while a legacy analyze adapter remains separate (12.8013ms)
✔ a submit cache hit returns final semantics immediately and private task fields never reach the browser (13.559ms)
✔ poll final results require a bound-source shaped digest before the browser compiler receives them (6.9449ms)
✔ the handler permits only same-origin loopback requests and caps declared request size (10.787ms)
✔ one in-flight analysis is allowed, while provider failures and oversized opaque results stay redacted (14.1664ms)
✔ direct validation rejects unsafe paths and does not accept image MIME claims without matching bytes (4.938ms)
✔ a timeout aborts the one provider call without an automatic retry (21.3929ms)
✔ a disconnected browser aborts the adapter signal without leaking a provider failure response (46.2614ms)
✔ flat responses expand explicit reused styles and preserve wire sibling order (8.1142ms)
✔ a flat gallery compiles every supported semantic component type (8.8173ms)
✔ missing props are rejected instead of being filled from defaults (1.1954ms)
✔ parent cycles, orphaned parents, and non-composite parents are rejected (0.8185ms)
✔ flat envelopes reject malformed fields and hidden style or child channels (0.3062ms)
✔ image sources bind to decoded facts and text cannot introduce a font resource (0.5127ms)
✔ observations and classifications must agree with the provided nodes (0.2403ms)
✔ a standalone composite node is valid without invented child nodes (0.3615ms)
✔ every declared style is referenced and therefore receives strict style validation (1.6838ms)
✔ observed semantics cannot be supplied only by an invisible overlay control (0.4511ms)
✔ an invisible ancestor prevents its observed descendant from establishing semantics (0.2991ms)
✔ opaque observed controls and standalone artwork remain valid (0.778ms)
✔ non-ready outcomes normalize without an intent, policy, or rendering path (0.6324ms)
✔ flat hierarchy rejects depth and total-node overflows before tree assembly (1.4175ms)
✔ workflow browser URL rejects remote origins, credentials, and ambiguous local names (1.0316ms)
✔ workflow check validation rejects stale bindings and unspecified outcomes before launching a browser (0.792ms)
✔ manifest resources cannot escape their directory, use links, or exceed byte caps (23.3607ms)
✔ unified CLI stops before browser on invalid contracts, records failure, and refuses rerun output (339.8765ms)
✔ intent source compiles a complete v0.2 document and binds every node for all targets (5.6114ms)
✔ document input supports an explicit target subset (1.1322ms)
✔ an authored timeline is independently validated and can coexist with a motion system (1.8696ms)
✔ strict requests reject legacy sources, unknown fields, malformed input, missing styles, and stale targets (2.1215ms)
✔ workflow compilation and returned values are isolated from caller-owned input (1.8467ms)
ℹ tests 249
ℹ suites 0
ℹ pass 249
ℹ fail 0
ℹ cancelled 0
ℹ skipped 0
ℹ todo 0
ℹ duration_ms 3903.3287
