
> ai-ui-component-harness@0.2.0 test
> node --test tests/*.test.ts

✔ analysis ledger binds a source, derives NOT_RUN, and records an explicit unresolved retry (2.6449ms)
✔ recording is source-bound, immutable, and never creates renderable UI input (1.3854ms)
✔ Composite and Custom-required are explicit, validated terminal classifications (1.0145ms)
✔ strict records reject unknown result fields, fake statuses, unsupported types, and invalid budgets (0.5528ms)
✔ persisted ledgers reject budget bypasses and reanalysis after terminal states (0.7174ms)
✔ validated binding binds exact UI, exact authenticated ZIP, explicit registration, and component-local switch states (57.722ms)
✔ document digest is canonical and role catalog covers every v0.2 component type without exposing mutable registry state (7.0592ms)
✔ every role catalog declaration accepts its complete required-role binding against one authenticated imported ZIP (26.8284ms)
✔ binding rejects stale evidence, inferred canvas registration, and unknown source layers (77.7145ms)
✔ validation snapshots the handoff before asynchronous ZIP authentication and rejects forged or mutated importer contexts (68.5967ms)
✔ each declared binding is complete and explicit: no duplicate controls, layers, roles, wrong control types, or guessed switch coordinates (81.3911ms)
✔ v0.1 bundle embeds verified bytes and materializes fresh bytes after validation (13.0129ms)
✔ verified bundles are immutable and reject oversized Base64 before decoding (6.0554ms)
✔ rejects aggregate Base64 bytes before decoding resources beyond the total limit (556.983ms)
✔ requires every local document source and does not package network or blob references (0.5007ms)
✔ rejects unsafe resource paths, duplicate IDs and checksum tampering (2.7009ms)
✔ rejects paths that collide on case-insensitive extraction targets (0.9448ms)
✔ supports v0.2 documents and validates optional motion against that document (6.2207ms)
✔ v0.2 button backgroundImage is a required portable bundle resource (4.6283ms)
✔ self-test and doctor are offline and do not disclose a working path (268.2556ms)
✔ compile reads supplied PNG dimensions without claiming vision (147.8427ms)
✔ pack and unpack round trip verified bytes and refuse an existing target (497.3115ms)
✔ inspect redacts query and fragment text from external references (117.7664ms)
✔ compile actual button matches accepted contract and does not duplicate baked text (3.8212ms)
✔ deterministic output; no input mutation or shared output references (0.8282ms)
✔ same compiler accepts another image and explicit scale/enabled without hand-written layout (0.4794ms)
✔ large image preserves explicit scale; no silent auto-fit (0.4053ms)
✔ intent rejects unknown version (0.866ms)
✔ intent rejects unresolved (0.4495ms)
✔ intent rejects unsupported type (0.3968ms)
✔ intent rejects missing id (0.5138ms)
✔ intent rejects missing source (0.5203ms)
✔ intent rejects empty source (0.7547ms)
✔ intent rejects unsafe source scheme (0.406ms)
✔ intent rejects layer mode (0.3347ms)
✔ intent rejects independent label (0.3659ms)
✔ intent rejects unknown baked text (0.5401ms)
✔ intent rejects none with non-empty text (0.6083ms)
✔ intent rejects guessed width (0.5794ms)
✔ intent rejects inferred business event (0.6468ms)
✔ intent rejects inferred enabled (0.4954ms)
✔ legacy narrative analysis is not silently accepted as structured intent (0.3293ms)
✔ policy rejects missing enabled (0.3899ms)
✔ policy rejects enabled string (0.2386ms)
✔ policy rejects zero scale (0.2042ms)
✔ policy rejects negative scale (0.2083ms)
✔ policy rejects nonfinite canvas (0.3204ms)
✔ policy rejects unsupported placement (0.2207ms)
✔ decoded dimensions must be positive safe integers and have no extra fields (1.3589ms)
✔ scale overflow fails instead of producing an invalid or substituted size (0.4549ms)
✔ valid contract is cloned without injecting defaults (3.1805ms)
✔ reject version with field path (1.1161ms)
✔ reject unknown Button type with field path (0.3243ms)
✔ reject missing id with field path (0.3338ms)
✔ reject empty id with field path (0.2807ms)
✔ reject duplicate id with field path (0.2294ms)
✔ reject missing layout with field path (0.2141ms)
✔ reject NaN coordinate with field path (0.242ms)
✔ reject infinite coordinate with field path (0.2856ms)
✔ reject zero width with field path (0.3576ms)
✔ reject negative height with field path (0.292ms)
✔ reject string size with field path (0.3549ms)
✔ reject enabled string with field path (0.3003ms)
✔ reject missing enabled with field path (0.2853ms)
✔ reject missing visual with field path (0.2831ms)
✔ reject unknown visual type with field path (0.3139ms)
✔ reject missing source with field path (0.4266ms)
✔ reject empty source with field path (0.6263ms)
✔ reject unsupported source scheme with field path (0.4229ms)
✔ reject unsupported label with field path (0.4126ms)
✔ reject unsupported icon with field path (0.3653ms)
✔ reject unsupported animation with field path (0.2988ms)
✔ reject unknown props with field path (0.2858ms)
✔ reject non-object inputs (0.326ms)
✔ allow negative position and non-empty HTTP reference; resource loading is separate (0.4382ms)
✔ imports the upstream ZIP_STORED force-ZIP64 public draft layout and its optional QA receipt (26.3117ms)
✔ rehashes public PNG bytes before an imported delivery crosses another runtime boundary (4.8857ms)
✔ keeps the reviewed delivery claim bound to its reviewed scene evidence (3.2135ms)
✔ rejects corruption in a stored member before trusting scene metadata (2.6012ms)
✔ rejects closed-inventory traversal entries and compressed ZIP methods (2.6397ms)
✔ requires the Python canonical delivery and QA digests after their receipt bindings are parsed (5.904ms)
✔ rejects duplicate JSON keys, hidden fields, extra files and mislabeled review receipts (3.6658ms)
✔ import snapshots archive bytes and rejects fabricated import objects and mutated previews (2.8429ms)
✔ legacy case uses only explicit Button mappings and preserves remaining PNG layers and legacy provenance (33.0238ms)
✔ legacy case rejects unknown or duplicate mappings and never guesses control roles from layer names (15.2038ms)
✔ imports only the explicit compressed legacy pilot shape and preserves its legacy identity (15.3596ms)
✔ rejects changed manifest file hashes and archive path traversal (8.0936ms)
✔ rejects duplicate names, symbolic-link metadata, and entries above the bounded inflate limit (8.691ms)
✔ motion CLI capabilities, compile, compose, validate and sample run offline from another directory (1737.7328ms)
✔ Image: all five whole-node recipes compile, sample and preserve UI (15.8892ms)
✔ Text: all five whole-node recipes compile, sample and preserve UI (10.0644ms)
✔ Container: all five whole-node recipes compile, sample and preserve UI (8.7692ms)
✔ Button: all five whole-node recipes compile, sample and preserve UI (5.9046ms)
✔ Switch: all five whole-node recipes compile, sample and preserve UI (7.2997ms)
✔ CheckBox: all five whole-node recipes compile, sample and preserve UI (7.2249ms)
✔ RadioGroup: all five whole-node recipes compile, sample and preserve UI (7.0412ms)
✔ Input: all five whole-node recipes compile, sample and preserve UI (6.3019ms)
✔ Select: all five whole-node recipes compile, sample and preserve UI (7.3836ms)
✔ ProgressBar: all five whole-node recipes compile, sample and preserve UI (7.6794ms)
✔ Slider: all five whole-node recipes compile, sample and preserve UI (8.7395ms)
✔ ScrollView: all five whole-node recipes compile, sample and preserve UI (6.0687ms)
✔ List: all five whole-node recipes compile, sample and preserve UI (6.6023ms)
✔ Panel: all five whole-node recipes compile, sample and preserve UI (6.572ms)
✔ Dialog: all five whole-node recipes compile, sample and preserve UI (6.466ms)
✔ Tabs: all five whole-node recipes compile, sample and preserve UI (9.1879ms)
✔ capability registry covers 16 types and exposes only implemented trigger pairs (197.9239ms)
✔ pulse keeps layout center through easing, including subpixel and expanded samples (7.9086ms)
✔ recipes reject unsupported params, nonfinite numbers, unsafe timelines and non-node identifiers (6.1749ms)
✔ playful: motion system and timeline round trip together without losing bindings or bytes (27.7909ms)
✔ premium: motion system and timeline round trip together without losing bindings or bytes (10.1681ms)
✔ corporate: motion system and timeline round trip together without losing bindings or bytes (10.9499ms)
✔ bundle rejects downgraded, missing, unsupported and stale system declarations (11.2667ms)
✔ motion system CLI catalog, compilation, validation, pack and unpack are executable offline (1511.8361ms)
✔ unpack refuses a case-variant system metadata resource before writing any payload (94.5161ms)
✔ playful Image compiles every registered action (10.494ms)
✔ playful Text compiles every registered action (3.1641ms)
✔ playful Container compiles every registered action (3.1062ms)
✔ playful Button compiles every registered action (2.3575ms)
✔ playful Switch compiles every registered action (1.9198ms)
✔ playful CheckBox compiles every registered action (3.814ms)
✔ playful RadioGroup compiles every registered action (3.577ms)
✔ playful Input compiles every registered action (2.3504ms)
✔ playful Select compiles every registered action (1.7429ms)
✔ playful ProgressBar compiles every registered action (2.4028ms)
✔ playful Slider compiles every registered action (1.3771ms)
✔ playful ScrollView compiles every registered action (1.6355ms)
✔ playful List compiles every registered action (1.3929ms)
✔ playful Panel compiles every registered action (1.8697ms)
✔ playful Dialog compiles every registered action (1.5636ms)
✔ playful Tabs compiles every registered action (1.7041ms)
✔ premium Image compiles every registered action (1.4753ms)
✔ premium Text compiles every registered action (1.5636ms)
✔ premium Container compiles every registered action (0.8754ms)
✔ premium Button compiles every registered action (1.7594ms)
✔ premium Switch compiles every registered action (1.3781ms)
✔ premium CheckBox compiles every registered action (1.4547ms)
✔ premium RadioGroup compiles every registered action (2.1101ms)
✔ premium Input compiles every registered action (1.4026ms)
✔ premium Select compiles every registered action (1.2782ms)
✔ premium ProgressBar compiles every registered action (1.4663ms)
✔ premium Slider compiles every registered action (1.2016ms)
✔ premium ScrollView compiles every registered action (2.7737ms)
✔ premium List compiles every registered action (2.3951ms)
✔ premium Panel compiles every registered action (1.4197ms)
✔ premium Dialog compiles every registered action (1.5649ms)
✔ premium Tabs compiles every registered action (2.22ms)
✔ corporate Image compiles every registered action (1.5321ms)
✔ corporate Text compiles every registered action (1.5971ms)
✔ corporate Container compiles every registered action (1.7136ms)
✔ corporate Button compiles every registered action (2.0734ms)
✔ corporate Switch compiles every registered action (1.6329ms)
✔ corporate CheckBox compiles every registered action (1.4224ms)
✔ corporate RadioGroup compiles every registered action (2.2767ms)
✔ corporate Input compiles every registered action (1.5417ms)
✔ corporate Select compiles every registered action (1.3474ms)
✔ corporate ProgressBar compiles every registered action (1.6365ms)
✔ corporate Slider compiles every registered action (1.2826ms)
✔ corporate ScrollView compiles every registered action (1.4107ms)
✔ corporate List compiles every registered action (2.0296ms)
✔ corporate Panel compiles every registered action (1.2634ms)
✔ corporate Dialog compiles every registered action (1.2297ms)
✔ corporate Tabs compiles every registered action (1.4549ms)
✔ style profiles preserve supplied button facts and catalog data is caller-isolated (0.5854ms)
✔ motion-system documents reject extra fields, bad IDs, counts, types, actions, and duplicates (20.2097ms)
✔ one shared frame drives concurrent channels and retains exact endpoints (1.6551ms)
✔ retarget starts from caller presentation and stale cancelled frames cannot apply (0.3523ms)
✔ cancellation and destruction tear down frames without resetting other channels (0.4104ms)
✔ scheduler rejects unsafe arguments without changing a running channel (0.8682ms)
✔ apply and completion failures clean their channels and report errors (0.4608ms)
✔ reentrant apply and completion retain the newest generation without duplicate frames (0.3146ms)
✔ motion validation rejects unsupported versions, targets, values, timeline overlap, triggers, and scope leakage (3.3527ms)
✔ motion is separate from the UI document and event triggers are capability-checked (1.1923ms)
✔ explicit local clips compile into one pure canvas motion without inherited timing or triggers (1.2181ms)
✔ canvas clip composition rejects missing placement, invalid local targets, overflow, and resultant overlaps (1.4887ms)
✔ sampling is pure and preserves sequential values while x/y remain runtime offsets (0.5108ms)
✔ injected clock makes play, seek, stop, replay, and destroy deterministic (1.026ms)
✔ apply and update callback failures cancel frames and clear temporary transforms (0.7093ms)
✔ accepts unchanged portable local and explicit HTTP(S) references (2.7391ms)
✔ rejects path traversal (0.5789ms)
✔ rejects middle traversal (0.1455ms)
✔ rejects absolute Unix path (0.0873ms)
✔ rejects absolute Windows path (0.088ms)
✔ rejects backslash (0.1039ms)
✔ rejects encoded separator (0.0997ms)
✔ rejects encoded traversal (0.0741ms)
✔ rejects query in local path (0.0904ms)
✔ rejects fragment in local path (0.1501ms)
✔ rejects Windows reserved path (0.1066ms)
✔ rejects Windows reserved path with spacing (0.0871ms)
✔ rejects Windows trailing dot (0.0614ms)
✔ rejects Windows alternate data stream (0.0811ms)
✔ rejects Windows forbidden angle bracket (0.0902ms)
✔ rejects unsupported protocol (0.0685ms)
✔ rejects credentialed URL (0.092ms)
✔ rejects protocol relative URL (0.0622ms)
✔ legacy contract and intent use the shared resource validation (0.8511ms)
✔ slider values stay in the inclusive range and on its step lattice (1.3058ms)
✔ scroll ranges use content minus viewport and reject invalid dimensions (0.6473ms)
✔ step alignment validates a program value without coercing it (0.2385ms)
✔ click produces normal → hover → pressed → hover and one activate (1.1196ms)
✔ outside release clears press and does not activate (0.1691ms)
✔ cancel prevents later inside release (0.1953ms)
✔ disable before press blocks activate (0.1364ms)
✔ disable while pressed invalidates operation even if enabled before up (0.1573ms)
✔ secondary pointer cannot finish or cancel primary operation (0.1478ms)
✔ right click and release without press never activate (0.1362ms)
✔ blur, hidden, Escape and scale cancellation discard press (0.1854ms)
✔ destroy is idempotent, clears subscriptions and rejects mutation (0.5598ms)
✔ destroy cleans every subscription even when a destroy callback throws (0.9795ms)
✔ unsubscribe stops delivery (0.1743ms)
✔ subscriber disable at release prevents activation (0.1242ms)
✔ short submit/poll keeps one task through a transport retry, running receipt, and normalized Ready result (1091.8848ms)
✔ adapter never resubmits after an indeterminate task poll and writes a private terminal receipt (2037.8713ms)
✔ adapter returns an exact v0.2 Unresolved envelope instead of inventing a renderable fallback (16.491ms)
✔ adapter returns a flat v0.2 Ready response without nested intent fields (17.1038ms)
✔ adapter rejects malformed flat v0.2 JSON without repairing it (16.3684ms)
✔ poll restores a legacy completed raw result without a provider read (5.9425ms)
✔ a revised instruction creates a distinct submission instead of reusing a stale v0.2 result (13.2282ms)
✔ submit resumes a matching pending submission whose persisted image payload exceeds one MiB (18.7688ms)
✔ adapter refuses over-limit images before contact and makes unresolved output explicit without a fallback (9.5925ms)
✔ deidentified v0.2 prompt requires observable controls, complete references, and a final self-check (0.2583ms)
✔ semantic adapter submits one v0.2 observation, then polls only that stage and returns an exact v0.4 envelope (24.7215ms)
✔ semantic adapter refuses an incompatible persisted observation instruction before calling the poll mock (11.9411ms)
✔ concurrent POSTs join the in-progress observation submission after its stage record is written (13.7685ms)
✔ semantic adapter rejects a v0.1 observation downgrade and never converts provider Ready into a terminal public status (6.1048ms)
✔ semantic adapter preserves only whitelisted non-observed outcomes in a v0.4 envelope (7.799ms)
✔ staged pipeline advances one observed task to one contract task and then restores its final result (104.8489ms)
✔ a non-ready observation never creates a contract submission (47.5554ms)
✔ staged templates are source-bound, omit observation evidence from contract prompts, and stay bounded (4.795ms)
✔ a current pipeline rejects an observation protocol downgrade before submitting a contract (50.2184ms)
✔ cached pipeline and observation submission prompts must retain their exact digests and binding (11.0572ms)
✔ a stored contract gate cannot replace the v0.2 policy-bound instruction (31.2372ms)
✔ semantic prompts distinguish optional image facts from explicit preview policy (0.5338ms)
✔ staged recovery accepts a submission record above one MiB without contacting a provider (25.8793ms)
✔ two concurrent observation polls share one receipt transition and create one contract vision task (60.5786ms)
✔ an indeterminate contract submit remains terminal and never opens another contract task (57.9419ms)
✔ an invalid observation fails before contract submission (26.841ms)
✔ a non-ready contract produces the matching v0.3 result after a valid observation (56.1721ms)
✔ one premature envelope close is removed with hashes and every field preserved (3.3658ms)
✔ valid JSON is untouched and other malformed or incomplete responses still fail (0.5187ms)
✔ observation-only boundary compiles without a model contract and preserves incomplete facts (5.8785ms)
✔ semantic boundary compiles all sixteen types from explicit model-shaped fixtures (17.8326ms)
✔ uncertain and unsupported semantic results cannot acquire a render document (1.2187ms)
✔ semantic results reject stale source digests, invented resources and missing layout (4.0829ms)
✔ a live-shaped root ID without a node object cannot publish a Ready document (0.6045ms)
✔ recognition preserves semantic rejection codes without another provider request (25.3553ms)
✔ recognition distinguishes malformed component contracts from transport failures (1.3462ms)
✔ tree compiler is deterministic, preserves inputs, and returns all explicit layouts (9.4801ms)
✔ intent forbids layout, Unresolved, Custom, missing composites, and source path guesses (2.1297ms)
✔ policy requires provenance and exactly one finite layout for each renderable node (1.3331ms)
✔ image facts are source-keyed actual decode facts and regions are checked against their bounds (1.8432ms)
✔ v0.2 validates every renderable node branch, optional image region, font source, and composite children (11.3326ms)
✔ opt-in raster paint fields are portable, preserve absent defaults, and reject invalid resource or paint values (2.4392ms)
✔ strict document failures report paths without repairing caller data (8.4487ms)
✔ cycle and tree-depth guards reject non-tree input before cloning (0.9421ms)
✔ bridge preserves a flat v0.2 result for strict consumer compilation (41.8495ms)
✔ final semantic envelopes are top-level whitelists and cannot leak adapter fields (61.6369ms)
✔ status does not disclose configuration and an absent adapter never receives a request (7.1218ms)
✔ an unavailable configured adapter returns a stable 503 without exposing its module path (7.1334ms)
✔ the handler verifies raster bytes and source identity before invoking a configured adapter (8.567ms)
✔ short submit and poll requests keep one opaque UUID while a legacy analyze adapter remains separate (7.7799ms)
✔ a submit cache hit returns final semantics immediately and private task fields never reach the browser (7.1892ms)
✔ poll final results require a bound-source shaped digest before the browser compiler receives them (3.7678ms)
✔ the handler permits only same-origin loopback requests and caps declared request size (4.8491ms)
✔ one in-flight analysis is allowed, while provider failures and oversized opaque results stay redacted (8.667ms)
✔ direct validation rejects unsafe paths and does not accept image MIME claims without matching bytes (5.839ms)
✔ a timeout aborts the one provider call without an automatic retry (24.5629ms)
✔ a disconnected browser aborts the adapter signal without leaking a provider failure response (31.4454ms)
✔ flat responses expand explicit reused styles and preserve wire sibling order (6.0244ms)
✔ a flat gallery compiles every supported semantic component type (8.0504ms)
✔ missing props are rejected instead of being filled from defaults (2.8745ms)
✔ hierarchy and style references expose stable failure codes (1.7538ms)
✔ flat envelopes reject malformed fields and hidden style or child channels (0.5407ms)
✔ image sources bind to decoded facts and text cannot introduce a font resource (0.5573ms)
✔ observations and classifications must agree with the provided nodes (0.4512ms)
✔ a standalone composite node is valid without invented child nodes (0.697ms)
✔ every declared style is referenced and therefore receives strict style validation (0.2733ms)
✔ observed semantics cannot be supplied only by an invisible overlay control (0.6792ms)
✔ an invisible ancestor prevents its observed descendant from establishing semantics (0.3402ms)
✔ opaque observed controls and standalone artwork remain valid (0.6073ms)
✔ non-ready outcomes normalize without an intent, policy, or rendering path (0.1725ms)
✔ flat hierarchy rejects depth and total-node overflows before tree assembly (0.7137ms)
✔ observation accepts bounded visible facts without defaults or mutation (3.2173ms)
✔ observation rejects hidden properties, source-bound violations, bounds, and invalid graph references (0.8665ms)
✔ v0.2 observation contains only source-visible semantics and permits semantic leaf parents (0.5157ms)
✔ observation rejects non-finite and contradictory visible numeric facts without supplying defaults (0.327ms)
✔ observation keeps option, item, and tab IDs globally distinct from component IDs and validates selected references (0.3824ms)
✔ observed Image regions must remain within the source image (0.5088ms)
✔ staged Ready compiles only after observed identities, visible props, and parents bind (6.8584ms)
✔ binding permits only extra Containers between observed parents and rejects extra semantic nodes (2.3239ms)
✔ v0.2 binding flattens only semantic leaf parenting into its same render parent (3.2368ms)
✔ staged non-ready values have one valid provenance path (0.4693ms)
✔ v1 policy is deeply immutable and identifies non-observed preview configuration (1.2929ms)
✔ v1 accepts every policy-owned preview setting when explicitly supplied (0.4365ms)
✔ v1 rejects omitted or conflicting preview settings without mutating the supplied nodes (1.0927ms)
✔ v1 does not prescribe Slider step, Text line height, or content (0.3807ms)
✔ neutral policy is deeply immutable and requires an explicit exact policy argument (1.0825ms)
✔ compiler preserves every observed semantic value, uses only disclosed neutral preview choices, and does not mutate input (9.1689ms)
✔ tabs never receive invented content placeholders and block as Unresolved (0.4293ms)
✔ missing facts are aggregated, while observed false and empty values remain valid (0.2862ms)
✔ malformed sources and duplicate observation IDs fail closed before a document can be created (0.5264ms)
✔ wrapper and document IDs are deterministic and avoid observed IDs and semantic entry IDs (1.0169ms)
✔ a sole observed leaf receives one deterministic wrapper child without changing its identity (0.4275ms)
✔ workflow browser URL rejects remote origins, credentials, and ambiguous local names (1.0442ms)
✔ workflow check validation rejects stale bindings and unspecified outcomes before launching a browser (0.8695ms)
✔ manifest resources cannot escape their directory, use links, or exceed byte caps (17.835ms)
✔ unified CLI stops before browser on invalid contracts, records failure, and refuses rerun output (323.2115ms)
✔ intent source compiles a complete v0.2 document and binds every node for all targets (5.5985ms)
✔ document input supports an explicit target subset (1.2451ms)
✔ an authored timeline is independently validated and can coexist with a motion system (1.4093ms)
✔ strict requests reject legacy sources, unknown fields, malformed input, missing styles, and stale targets (1.9785ms)
✔ workflow compilation and returned values are isolated from caller-owned input (1.3276ms)
ℹ tests 312
ℹ suites 0
ℹ pass 312
ℹ fail 0
ℹ cancelled 0
ℹ skipped 0
ℹ todo 0
ℹ duration_ms 4099.679
