
> button-contract-harness@0.1.0 build
> tsc --noEmit && vite build

vite v8.2.2 building client environment for production...
transforming...
✓ 721 modules transformed.
rendering chunks...
computing gzip size...
dist/index.html                                     5.65 kB │ gzip:  2.31 kB
dist/assets/index-DySuDVRz.css                      5.47 kB │ gzip:  1.75 kB
dist/assets/webworkerAll-RDW8M1D_.js                0.05 kB │ gzip:  0.06 kB
dist/assets/WebGLRenderer-ClQxge6i.js               0.07 kB │ gzip:  0.07 kB
dist/assets/CanvasRenderer-CAzHMaVF.js              0.07 kB │ gzip:  0.08 kB
dist/assets/WebGPURenderer-tO_P2CPj.js              0.07 kB │ gzip:  0.08 kB
dist/assets/getTextureBatchBindGroup-CtAvoxrS.js    0.34 kB │ gzip:  0.26 kB
dist/assets/CanvasPool-DhEZXKGR.js                  0.75 kB │ gzip:  0.42 kB
dist/assets/canvasUtils-BdbY8HhG.js                 6.02 kB │ gzip:  2.01 kB
dist/assets/BufferResource-DLNT2bZI.js             11.03 kB │ gzip:  2.82 kB
dist/assets/init-IIcOQHKs.js                       15.58 kB │ gzip:  4.89 kB
dist/assets/init-BznYXipG.js                       24.67 kB │ gzip:  8.48 kB
dist/assets/index-BYtcDWA4.js                      33.41 kB │ gzip: 12.29 kB
dist/assets/browserAll-pFVXNe2x.js                 42.64 kB │ gzip: 11.13 kB
dist/assets/WebGPURenderer-DfE4R4u3.js             45.46 kB │ gzip: 13.09 kB
dist/assets/WebGLRenderer-DA9MuB6R.js              71.31 kB │ gzip: 19.45 kB
dist/assets/RenderTargetSystem-m0QiHY3a.js         76.67 kB │ gzip: 21.80 kB
dist/assets/CanvasRenderer-BLR2wLTW.js             88.40 kB │ gzip: 27.76 kB
dist/assets/Geometry-BnBtZe5G.js                  104.14 kB │ gzip: 31.75 kB

✓ built in 176ms
npm notice
npm notice New minor version of npm available! 11.12.1 -> 11.19.1
npm notice Changelog: https://github.com/npm/cli/releases/tag/v11.19.1
npm notice To update run: npm install -g npm@11.19.1
npm notice
