
> ai-ui-component-harness@0.2.0 test
> node --test tests/*.test.ts

✔ analysis ledger binds a source, derives NOT_RUN, and records an explicit unresolved retry (3.6063ms)
✔ recording is source-bound, immutable, and never creates renderable UI input (2.6971ms)
✔ Composite and Custom-required are explicit, validated terminal classifications (0.6972ms)
✔ strict records reject unknown result fields, fake statuses, unsupported types, and invalid budgets (0.6948ms)
✔ persisted ledgers reject budget bypasses and reanalysis after terminal states (0.7341ms)
✔ v0.1 bundle embeds verified bytes and materializes fresh bytes after validation (17.0977ms)
✔ verified bundles are immutable and reject oversized Base64 before decoding (7.8079ms)
✔ rejects aggregate Base64 bytes before decoding resources beyond the total limit (678.8307ms)
✔ requires every local document source and does not package network or blob references (0.9767ms)
✔ rejects unsafe resource paths, duplicate IDs and checksum tampering (5.8342ms)
✔ rejects paths that collide on case-insensitive extraction targets (1.8013ms)
✔ supports v0.2 documents and validates optional motion against that document (6.4859ms)
✔ self-test and doctor are offline and do not disclose a working path (397.4525ms)
✔ compile reads supplied PNG dimensions without claiming vision (218.9412ms)
✔ pack and unpack round trip verified bytes and refuse an existing target (421.3425ms)
✔ inspect redacts query and fragment text from external references (104.0257ms)
✔ compile actual button matches accepted contract and does not duplicate baked text (4.7093ms)
✔ deterministic output; no input mutation or shared output references (1.0997ms)
✔ same compiler accepts another image and explicit scale/enabled without hand-written layout (0.5885ms)
✔ large image preserves explicit scale; no silent auto-fit (0.5479ms)
✔ intent rejects unknown version (0.9357ms)
✔ intent rejects unresolved (0.4331ms)
✔ intent rejects unsupported type (0.3764ms)
✔ intent rejects missing id (0.4018ms)
✔ intent rejects missing source (0.396ms)
✔ intent rejects empty source (0.7493ms)
✔ intent rejects unsafe source scheme (0.4526ms)
✔ intent rejects layer mode (0.4043ms)
✔ intent rejects independent label (0.3229ms)
✔ intent rejects unknown baked text (0.2852ms)
✔ intent rejects none with non-empty text (0.2437ms)
✔ intent rejects guessed width (0.2325ms)
✔ intent rejects inferred business event (0.2589ms)
✔ intent rejects inferred enabled (0.348ms)
✔ legacy narrative analysis is not silently accepted as structured intent (0.1524ms)
✔ policy rejects missing enabled (0.2942ms)
✔ policy rejects enabled string (0.1631ms)
✔ policy rejects zero scale (0.1764ms)
✔ policy rejects negative scale (0.1518ms)
✔ policy rejects nonfinite canvas (0.1611ms)
✔ policy rejects unsupported placement (0.1594ms)
✔ decoded dimensions must be positive safe integers and have no extra fields (1.0735ms)
✔ scale overflow fails instead of producing an invalid or substituted size (0.4402ms)
✔ valid contract is cloned without injecting defaults (5.7965ms)
✔ reject version with field path (1.4649ms)
✔ reject unknown Button type with field path (0.6477ms)
✔ reject missing id with field path (0.5484ms)
✔ reject empty id with field path (0.4267ms)
✔ reject duplicate id with field path (0.5317ms)
✔ reject missing layout with field path (0.3862ms)
✔ reject NaN coordinate with field path (0.3825ms)
✔ reject infinite coordinate with field path (0.4168ms)
✔ reject zero width with field path (0.4875ms)
✔ reject negative height with field path (0.4419ms)
✔ reject string size with field path (0.3507ms)
✔ reject enabled string with field path (0.3731ms)
✔ reject missing enabled with field path (0.3301ms)
✔ reject missing visual with field path (0.3414ms)
✔ reject unknown visual type with field path (0.2921ms)
✔ reject missing source with field path (0.301ms)
✔ reject empty source with field path (0.5036ms)
✔ reject unsupported source scheme with field path (0.4961ms)
✔ reject unsupported label with field path (0.3388ms)
✔ reject unsupported icon with field path (0.3226ms)
✔ reject unsupported animation with field path (0.3184ms)
✔ reject unknown props with field path (0.2963ms)
✔ reject non-object inputs (0.1846ms)
✔ allow negative position and non-empty HTTP reference; resource loading is separate (0.3938ms)
✔ motion CLI capabilities, compile, compose, validate and sample run offline from another directory (1766.9845ms)
✔ Image: all five whole-node recipes compile, sample and preserve UI (20.688ms)
✔ Text: all five whole-node recipes compile, sample and preserve UI (9.9128ms)
✔ Container: all five whole-node recipes compile, sample and preserve UI (8.675ms)
✔ Button: all five whole-node recipes compile, sample and preserve UI (8.2516ms)
✔ Switch: all five whole-node recipes compile, sample and preserve UI (16.4403ms)
✔ CheckBox: all five whole-node recipes compile, sample and preserve UI (8.4138ms)
✔ RadioGroup: all five whole-node recipes compile, sample and preserve UI (6.902ms)
✔ Input: all five whole-node recipes compile, sample and preserve UI (7.7361ms)
✔ Select: all five whole-node recipes compile, sample and preserve UI (26.5704ms)
✔ ProgressBar: all five whole-node recipes compile, sample and preserve UI (26.148ms)
✔ Slider: all five whole-node recipes compile, sample and preserve UI (7.23ms)
✔ ScrollView: all five whole-node recipes compile, sample and preserve UI (7.1401ms)
✔ List: all five whole-node recipes compile, sample and preserve UI (6.9124ms)
✔ Panel: all five whole-node recipes compile, sample and preserve UI (29.2994ms)
✔ Dialog: all five whole-node recipes compile, sample and preserve UI (15.5087ms)
✔ Tabs: all five whole-node recipes compile, sample and preserve UI (7.5697ms)
✔ capability registry covers 16 types and exposes only implemented trigger pairs (269.2645ms)
✔ pulse keeps layout center through easing, including subpixel and expanded samples (8.9684ms)
✔ recipes reject unsupported params, nonfinite numbers, unsafe timelines and non-node identifiers (4.5937ms)
✔ playful: motion system and timeline round trip together without losing bindings or bytes (126.54ms)
✔ premium: motion system and timeline round trip together without losing bindings or bytes (12.1446ms)
✔ corporate: motion system and timeline round trip together without losing bindings or bytes (27.7745ms)
✔ bundle rejects downgraded, missing, unsupported and stale system declarations (16.7475ms)
✔ motion system CLI catalog, compilation, validation, pack and unpack are executable offline (1454.03ms)
✔ unpack refuses a case-variant system metadata resource before writing any payload (101.1731ms)
✔ playful Image compiles every registered action (9.3709ms)
✔ playful Text compiles every registered action (2.8154ms)
✔ playful Container compiles every registered action (8.4184ms)
✔ playful Button compiles every registered action (2.6247ms)
✔ playful Switch compiles every registered action (1.7165ms)
✔ playful CheckBox compiles every registered action (2.4551ms)
✔ playful RadioGroup compiles every registered action (1.6702ms)
✔ playful Input compiles every registered action (3.0097ms)
✔ playful Select compiles every registered action (2.671ms)
✔ playful ProgressBar compiles every registered action (2.654ms)
✔ playful Slider compiles every registered action (1.4521ms)
✔ playful ScrollView compiles every registered action (2.6414ms)
✔ playful List compiles every registered action (1.6885ms)
✔ playful Panel compiles every registered action (1.4004ms)
✔ playful Dialog compiles every registered action (1.6808ms)
✔ playful Tabs compiles every registered action (1.5585ms)
✔ premium Image compiles every registered action (1.8894ms)
✔ premium Text compiles every registered action (1.4315ms)
✔ premium Container compiles every registered action (10.8723ms)
✔ premium Button compiles every registered action (2.0336ms)
✔ premium Switch compiles every registered action (1.4043ms)
✔ premium CheckBox compiles every registered action (1.41ms)
✔ premium RadioGroup compiles every registered action (1.764ms)
✔ premium Input compiles every registered action (1.4002ms)
✔ premium Select compiles every registered action (1.1821ms)
✔ premium ProgressBar compiles every registered action (1.0396ms)
✔ premium Slider compiles every registered action (1.2134ms)
✔ premium ScrollView compiles every registered action (1.0246ms)
✔ premium List compiles every registered action (1.5629ms)
✔ premium Panel compiles every registered action (1.5865ms)
✔ premium Dialog compiles every registered action (1.0998ms)
✔ premium Tabs compiles every registered action (0.994ms)
✔ corporate Image compiles every registered action (1.7001ms)
✔ corporate Text compiles every registered action (1.6789ms)
✔ corporate Container compiles every registered action (1.4933ms)
✔ corporate Button compiles every registered action (1.5413ms)
✔ corporate Switch compiles every registered action (1.264ms)
✔ corporate CheckBox compiles every registered action (1.1898ms)
✔ corporate RadioGroup compiles every registered action (1.7451ms)
✔ corporate Input compiles every registered action (1.3461ms)
✔ corporate Select compiles every registered action (1.2872ms)
✔ corporate ProgressBar compiles every registered action (2.9831ms)
✔ corporate Slider compiles every registered action (1.8495ms)
✔ corporate ScrollView compiles every registered action (1.5158ms)
✔ corporate List compiles every registered action (1.4429ms)
✔ corporate Panel compiles every registered action (1.7792ms)
✔ corporate Dialog compiles every registered action (1.3073ms)
✔ corporate Tabs compiles every registered action (1.3208ms)
✔ style profiles preserve supplied button facts and catalog data is caller-isolated (0.9375ms)
✔ motion-system documents reject extra fields, bad IDs, counts, types, actions, and duplicates (19.2683ms)
✔ one shared frame drives concurrent channels and retains exact endpoints (1.33ms)
✔ retarget starts from caller presentation and stale cancelled frames cannot apply (0.3327ms)
✔ cancellation and destruction tear down frames without resetting other channels (0.3779ms)
✔ scheduler rejects unsafe arguments without changing a running channel (0.3484ms)
✔ apply and completion failures clean their channels and report errors (5.8339ms)
✔ reentrant apply and completion retain the newest generation without duplicate frames (0.5994ms)
✔ motion validation rejects unsupported versions, targets, values, timeline overlap, triggers, and scope leakage (9.1732ms)
✔ motion is separate from the UI document and event triggers are capability-checked (1.7203ms)
✔ explicit local clips compile into one pure canvas motion without inherited timing or triggers (1.7509ms)
✔ canvas clip composition rejects missing placement, invalid local targets, overflow, and resultant overlaps (1.9371ms)
✔ sampling is pure and preserves sequential values while x/y remain runtime offsets (0.7895ms)
✔ injected clock makes play, seek, stop, replay, and destroy deterministic (1.2269ms)
✔ apply and update callback failures cancel frames and clear temporary transforms (0.8584ms)
✔ accepts unchanged portable local and explicit HTTP(S) references (3.0358ms)
✔ rejects path traversal (0.5441ms)
✔ rejects middle traversal (0.1155ms)
✔ rejects absolute Unix path (0.0785ms)
✔ rejects absolute Windows path (0.0904ms)
✔ rejects backslash (0.106ms)
✔ rejects encoded separator (0.0869ms)
✔ rejects encoded traversal (0.0974ms)
✔ rejects query in local path (0.1025ms)
✔ rejects fragment in local path (0.1682ms)
✔ rejects Windows reserved path (0.1169ms)
✔ rejects Windows reserved path with spacing (0.084ms)
✔ rejects Windows trailing dot (0.1308ms)
✔ rejects Windows alternate data stream (0.0795ms)
✔ rejects Windows forbidden angle bracket (0.0985ms)
✔ rejects unsupported protocol (0.0764ms)
✔ rejects credentialed URL (0.0982ms)
✔ rejects protocol relative URL (0.063ms)
✔ legacy contract and intent use the shared resource validation (1.2626ms)
✔ slider values stay in the inclusive range and on its step lattice (1.2202ms)
✔ scroll ranges use content minus viewport and reject invalid dimensions (0.6563ms)
✔ step alignment validates a program value without coercing it (0.2231ms)
✔ click produces normal → hover → pressed → hover and one activate (1.5025ms)
✔ outside release clears press and does not activate (0.1982ms)
✔ cancel prevents later inside release (0.1926ms)
✔ disable before press blocks activate (0.1569ms)
✔ disable while pressed invalidates operation even if enabled before up (0.1704ms)
✔ secondary pointer cannot finish or cancel primary operation (0.124ms)
✔ right click and release without press never activate (0.1343ms)
✔ blur, hidden, Escape and scale cancellation discard press (0.177ms)
✔ destroy is idempotent, clears subscriptions and rejects mutation (0.5682ms)
✔ destroy cleans every subscription even when a destroy callback throws (1.1102ms)
✔ unsubscribe stops delivery (0.1763ms)
✔ subscriber disable at release prevents activation (0.178ms)
✔ tree compiler is deterministic, preserves inputs, and returns all explicit layouts (12.4264ms)
✔ intent forbids layout, Unresolved, Custom, missing composites, and source path guesses (2.1504ms)
✔ policy requires provenance and exactly one finite layout for each renderable node (3.0995ms)
✔ image facts are source-keyed actual decode facts and regions are checked against their bounds (10.5118ms)
✔ v0.2 validates every renderable node branch, optional image region, font source, and composite children (5.6174ms)
✔ strict document failures report paths without repairing caller data (8.8239ms)
✔ cycle and tree-depth guards reject non-tree input before cloning (0.8326ms)
ℹ tests 198
ℹ suites 0
ℹ pass 198
ℹ fail 0
ℹ cancelled 0
ℹ skipped 0
ℹ todo 0
ℹ duration_ms 2233.8342
