
> ai-ui-component-harness@0.2.0 test
> node --test tests/*.test.ts

✔ analysis ledger binds a source, derives NOT_RUN, and records an explicit unresolved retry (3.6737ms)
✔ recording is source-bound, immutable, and never creates renderable UI input (1.3735ms)
✔ Composite and Custom-required are explicit, validated terminal classifications (0.3666ms)
✔ strict records reject unknown result fields, fake statuses, unsupported types, and invalid budgets (0.4044ms)
✔ persisted ledgers reject budget bypasses and reanalysis after terminal states (0.4754ms)
✔ v0.1 bundle embeds verified bytes and materializes fresh bytes after validation (10.3531ms)
✔ verified bundles are immutable and reject oversized Base64 before decoding (5.1555ms)
✔ rejects aggregate Base64 bytes before decoding resources beyond the total limit (431.0425ms)
✔ requires every local document source and does not package network or blob references (0.501ms)
✔ rejects unsafe resource paths, duplicate IDs and checksum tampering (1.4814ms)
✔ rejects paths that collide on case-insensitive extraction targets (0.7785ms)
✔ supports v0.2 documents and validates optional motion against that document (4.1416ms)
✔ self-test and doctor are offline and do not disclose a working path (268.4019ms)
✔ compile reads supplied PNG dimensions without claiming vision (114.1606ms)
✔ pack and unpack round trip verified bytes and refuse an existing target (283.1944ms)
✔ inspect redacts query and fragment text from external references (84.3439ms)
✔ compile actual button matches accepted contract and does not duplicate baked text (3.8908ms)
✔ deterministic output; no input mutation or shared output references (0.7736ms)
✔ same compiler accepts another image and explicit scale/enabled without hand-written layout (0.5925ms)
✔ large image preserves explicit scale; no silent auto-fit (0.4999ms)
✔ intent rejects unknown version (0.8285ms)
✔ intent rejects unresolved (0.3834ms)
✔ intent rejects unsupported type (0.5322ms)
✔ intent rejects missing id (0.4186ms)
✔ intent rejects missing source (0.5296ms)
✔ intent rejects empty source (1.5584ms)
✔ intent rejects unsafe source scheme (0.808ms)
✔ intent rejects layer mode (0.5516ms)
✔ intent rejects independent label (0.4855ms)
✔ intent rejects unknown baked text (0.5257ms)
✔ intent rejects none with non-empty text (0.5016ms)
✔ intent rejects guessed width (0.3961ms)
✔ intent rejects inferred business event (0.4181ms)
✔ intent rejects inferred enabled (0.5342ms)
✔ legacy narrative analysis is not silently accepted as structured intent (0.3351ms)
✔ policy rejects missing enabled (0.3741ms)
✔ policy rejects enabled string (0.2492ms)
✔ policy rejects zero scale (0.3493ms)
✔ policy rejects negative scale (0.2458ms)
✔ policy rejects nonfinite canvas (0.3081ms)
✔ policy rejects unsupported placement (0.2196ms)
✔ decoded dimensions must be positive safe integers and have no extra fields (1.157ms)
✔ scale overflow fails instead of producing an invalid or substituted size (0.5031ms)
✔ valid contract is cloned without injecting defaults (3.2907ms)
✔ reject version with field path (0.9419ms)
✔ reject unknown Button type with field path (0.3891ms)
✔ reject missing id with field path (0.3777ms)
✔ reject empty id with field path (0.3119ms)
✔ reject duplicate id with field path (0.2207ms)
✔ reject missing layout with field path (0.2478ms)
✔ reject NaN coordinate with field path (0.4599ms)
✔ reject infinite coordinate with field path (0.3447ms)
✔ reject zero width with field path (0.4158ms)
✔ reject negative height with field path (0.3415ms)
✔ reject string size with field path (0.3ms)
✔ reject enabled string with field path (0.261ms)
✔ reject missing enabled with field path (0.2689ms)
✔ reject missing visual with field path (0.2416ms)
✔ reject unknown visual type with field path (0.2451ms)
✔ reject missing source with field path (0.2698ms)
✔ reject empty source with field path (0.4008ms)
✔ reject unsupported source scheme with field path (0.3109ms)
✔ reject unsupported label with field path (0.2305ms)
✔ reject unsupported icon with field path (0.2399ms)
✔ reject unsupported animation with field path (0.2331ms)
✔ reject unknown props with field path (0.2202ms)
✔ reject non-object inputs (0.2231ms)
✔ allow negative position and non-empty HTTP reference; resource loading is separate (0.3576ms)
✔ motion CLI capabilities, compile, compose, validate and sample run offline from another directory (1180.7849ms)
✔ Image: all five whole-node recipes compile, sample and preserve UI (14.5928ms)
✔ Text: all five whole-node recipes compile, sample and preserve UI (7.3494ms)
✔ Container: all five whole-node recipes compile, sample and preserve UI (8.2623ms)
✔ Button: all five whole-node recipes compile, sample and preserve UI (5.3427ms)
✔ Switch: all five whole-node recipes compile, sample and preserve UI (6.2343ms)
✔ CheckBox: all five whole-node recipes compile, sample and preserve UI (3.9356ms)
✔ RadioGroup: all five whole-node recipes compile, sample and preserve UI (4.5048ms)
✔ Input: all five whole-node recipes compile, sample and preserve UI (5.8144ms)
✔ Select: all five whole-node recipes compile, sample and preserve UI (5.5513ms)
✔ ProgressBar: all five whole-node recipes compile, sample and preserve UI (5.8106ms)
✔ Slider: all five whole-node recipes compile, sample and preserve UI (5.4508ms)
✔ ScrollView: all five whole-node recipes compile, sample and preserve UI (5.9017ms)
✔ List: all five whole-node recipes compile, sample and preserve UI (4.6279ms)
✔ Panel: all five whole-node recipes compile, sample and preserve UI (6.5998ms)
✔ Dialog: all five whole-node recipes compile, sample and preserve UI (6.4886ms)
✔ Tabs: all five whole-node recipes compile, sample and preserve UI (6.7875ms)
✔ capability registry covers 16 types and exposes only implemented trigger pairs (128.6713ms)
✔ pulse keeps layout center through easing, including subpixel and expanded samples (4.9706ms)
✔ recipes reject unsupported params, nonfinite numbers, unsafe timelines and non-node identifiers (4.3593ms)
✔ motion validation rejects unsupported versions, targets, values, timeline overlap, triggers, and scope leakage (4.0491ms)
✔ motion is separate from the UI document and event triggers are capability-checked (1.128ms)
✔ explicit local clips compile into one pure canvas motion without inherited timing or triggers (0.803ms)
✔ canvas clip composition rejects missing placement, invalid local targets, overflow, and resultant overlaps (0.8818ms)
✔ sampling is pure and preserves sequential values while x/y remain runtime offsets (0.4122ms)
✔ injected clock makes play, seek, stop, replay, and destroy deterministic (1.2524ms)
✔ apply and update callback failures cancel frames and clear temporary transforms (0.8664ms)
✔ accepts unchanged portable local and explicit HTTP(S) references (2.1381ms)
✔ rejects path traversal (0.5441ms)
✔ rejects middle traversal (0.1432ms)
✔ rejects absolute Unix path (0.1088ms)
✔ rejects absolute Windows path (0.1151ms)
✔ rejects backslash (0.1369ms)
✔ rejects encoded separator (0.1273ms)
✔ rejects encoded traversal (0.1037ms)
✔ rejects query in local path (0.1278ms)
✔ rejects fragment in local path (0.2088ms)
✔ rejects Windows reserved path (0.1761ms)
✔ rejects Windows reserved path with spacing (0.0743ms)
✔ rejects Windows trailing dot (0.1732ms)
✔ rejects Windows alternate data stream (0.0548ms)
✔ rejects Windows forbidden angle bracket (0.0575ms)
✔ rejects unsupported protocol (0.0533ms)
✔ rejects credentialed URL (0.0531ms)
✔ rejects protocol relative URL (0.094ms)
✔ legacy contract and intent use the shared resource validation (0.7307ms)
✔ slider values stay in the inclusive range and on its step lattice (0.8441ms)
✔ scroll ranges use content minus viewport and reject invalid dimensions (0.5612ms)
✔ step alignment validates a program value without coercing it (0.1893ms)
✔ click produces normal → hover → pressed → hover and one activate (1.1613ms)
✔ outside release clears press and does not activate (0.1724ms)
✔ cancel prevents later inside release (0.1622ms)
✔ disable before press blocks activate (0.1312ms)
✔ disable while pressed invalidates operation even if enabled before up (0.1253ms)
✔ secondary pointer cannot finish or cancel primary operation (0.1077ms)
✔ right click and release without press never activate (0.1006ms)
✔ blur, hidden, Escape and scale cancellation discard press (0.151ms)
✔ destroy is idempotent, clears subscriptions and rejects mutation (0.4647ms)
✔ destroy cleans every subscription even when a destroy callback throws (0.4034ms)
✔ unsubscribe stops delivery (0.1719ms)
✔ subscriber disable at release prevents activation (0.1503ms)
✔ tree compiler is deterministic, preserves inputs, and returns all explicit layouts (6.4312ms)
✔ intent forbids layout, Unresolved, Custom, missing composites, and source path guesses (1.4142ms)
✔ policy requires provenance and exactly one finite layout for each renderable node (1.055ms)
✔ image facts are source-keyed actual decode facts and regions are checked against their bounds (1.3315ms)
✔ v0.2 validates every renderable node branch, optional image region, font source, and composite children (4.6776ms)
✔ strict document failures report paths without repairing caller data (5.441ms)
✔ cycle and tree-depth guards reject non-tree input before cloning (0.5989ms)
ℹ tests 136
ℹ suites 0
ℹ pass 136
ℹ fail 0
ℹ cancelled 0
ℹ skipped 0
ℹ todo 0
ℹ duration_ms 1479.818
