
> ai-ui-component-harness@0.2.0-rc.1 test:browser
> playwright test


Running 76 tests using 1 worker

  ok  1 tests\browser\components.spec.ts:67:1 › gallery mounts a live canvas with every supported component type (1.3s)
  ok  2 tests\browser\components.spec.ts:78:1 › a Button has visible press feedback without a motion binding (1.4s)
  ok  3 tests\browser\components.spec.ts:85:1 › mouse interaction updates switch, checkbox, and radio-group values (1.5s)
  ok  4 tests\browser\components.spec.ts:98:1 › raster-layered Switch moves its thumb without a bound motion system (1.4s)
  ok  5 tests\browser\components.spec.ts:124:1 › raster-layered Select opens its popup, changes value, and exports all layers (1.4s)
  ok  6 tests\browser\components.spec.ts:155:1 › slider commits pointer input on release, cancels Escape, and ignores mouse input once disabled (1.3s)
  ok  7 tests\browser\components.spec.ts:173:1 › native keyboard editing honors the runtime readOnly state (1.5s)
  ok  8 tests\browser\components.spec.ts:191:1 › select popup chooses a row and scroll/list/tabs respond to canvas input (2.0s)
  ok  9 tests\browser\components.spec.ts:223:1 › modal dialog blocks background controls and its canvas close button restores interaction (1.5s)
  ok 10 tests\browser\decomposition.spec.ts:40:1 › offline ZIP preview and explicit appearance binding roundtrip preserve draft evidence (2.2s)
  ok 11 tests\browser\decomposition.spec.ts:74:1 › invalid or replaced imports cannot retain a validated binding or stale material canvas (1.2s)
  ok 12 tests\browser\decomposition.spec.ts:97:1 › v0.2 binding applies Button, Switch, and Select, preserves schemes, and exports without model calls (3.8s)
  ok 13 tests\browser\decomposition.spec.ts:138:1 › v0.2 binding applies the first five additional controls with live interaction and portable export (2.1s)
  ok 14 tests\browser\decomposition.spec.ts:166:1 › v0.2 binding applies the remaining eight component types and exports their portable raster resources (5.1s)
  ok 15 tests\browser\decomposition.spec.ts:191:1 › the eight-component showcase keeps List, Tabs, and ScrollView interactive beside a visible Dialog (1.4s)
  ok 16 tests\browser\integration.spec.ts:18:1 › composite follows actual compiler facts and trusted mouse activates composed Button once (898ms)
  ok 17 tests\browser\integration.spec.ts:30:1 › invalid contract, missing image, corrupt image and font failure leave no successful tree (888ms)
  ok 18 tests\browser\integration.spec.ts:44:1 › shared image survives sibling destruction and final destroy releases resources/listeners (648ms)
  ok 19 tests\browser\integration.spec.ts:55:1 › uploaded image creates explicit intent; portable bundle restores without fetching source in a fresh page (1.4s)
  ok 20 tests\browser\integration.spec.ts:73:1 › tampered imported bundle is rejected and clears old result (574ms)
  ok 21 tests\browser\integration.spec.ts:81:1 › raw contract file import validates the document and reloads declared resources (664ms)
  ok 22 tests\browser\integration.spec.ts:90:1 › legacy Button 14 probes pass and legacy bundle restores embedded resource (1.8s)
  ok 23 tests\browser\integration.spec.ts:104:1 › separate motion seeks and restores without changing component contract (2.5s)
  ok 24 tests\browser\integration.spec.ts:117:1 › concurrent requests discard stale result and repeated reload has stable live counts (1.6s)
  ok 25 tests\browser\integration.spec.ts:126:1 › unresolved intent and overflowing text expose real errors before success (795ms)
  ok 26 tests\browser\motion-presets.spec.ts:17:1 › Pixi centered pulse and reset on all 16 node types (3.4s)
  ok 27 tests\browser\motion-presets.spec.ts:41:1 › activation preset follows real Button input, replays and preserves disabled state (2.0s)
  ok 28 tests\browser\motion-system-lifecycle.spec.ts:146:1 › an unbound real hover preserves a settled subset exit presentation channel (3.1s)
  ok 29 tests\browser\motion-system-lifecycle.spec.ts:164:1 › programmatic Input state rebases the focused native editing session before a real keystroke (1.2s)
  ok 30 tests\browser\motion-system-lifecycle.spec.ts:172:1 › programmatic Slider state wins when a captured pointer releases (1.2s)
  ok 31 tests\browser\motion-system-lifecycle.spec.ts:183:1 › hidden modal backdrops release input and the visually latest modal owns its close control (1.7s)
  ok 32 tests\browser\motion-system-lifecycle.spec.ts:204:1 › a nested modal follows its legacy animated ancestor while portaled (1.7s)
  ok 33 tests\browser\motion-system-lifecycle.spec.ts:232:1 › deactivating a Tabs page closes its Select overlay through the public motion inspection (1.5s)
  ok 34 tests\browser\motion-system.spec.ts:237:1 › catalog and compiler validate all 48 style/component bindings without mutating input (48ms)
  ok 35 tests\browser\motion-system.spec.ts:260:1 › each profile binds every live gallery type and enter, exit, reapply, and clear have deterministic endpoints (23.6s)
  ok 36 tests\browser\motion-system.spec.ts:329:1 › latest entry channel ownership wins across parent interruption and child stagger (5.1s)
  ok 37 tests\browser\motion-system.spec.ts:347:1 › composite Button image pixels follow the Button presentation scale (3.7s)
  ok 38 tests\browser\motion-system.spec.ts:364:1 › Tabs indicator pixels move after an inspected in-flight tabProgress transition (3.3s)
  ok 39 tests\browser\motion-system.spec.ts:384:1 › trusted Button press, release, cancellation, and disabling produce one activation in every profile (10.0s)
  ok 40 tests\browser\motion-system.spec.ts:417:1 › ancestor hiding, unrelated disabling, dialog teardown, and transformed Slider gestures preserve their own lifecycles (11.3s)
  ok 41 tests\browser\motion-system.spec.ts:506:1 › control-specific presentation follows real gallery input and settles without changing committed values early (18.6s)
  ok 42 tests\browser\motion-system.spec.ts:590:1 › Dialog protects the full canvas through close while Tabs transition header and content (11.4s)
  ok 43 tests\browser\motion-system.spec.ts:646:1 › workbench controls and portable bundles preserve a system alongside an independent timeline (11.3s)
  ok 44 tests\browser\runtime-edge.spec.ts:47:1 › destroyNode updates exported snapshots and rejects direct Tabs content removal (1.1s)
  ok 45 tests\browser\runtime-edge.spec.ts:72:1 › programmatic Slider and ScrollView mutations reject invalid values without changing the document (979ms)
  ok 46 tests\browser\runtime-edge.spec.ts:97:1 › a valid image region creates a cropped Pixi image and remains exportable (1.1s)
  ok 47 tests\browser\runtime-edge.spec.ts:126:1 › the hidden native editor accepts composition input and disabling it blurs and blocks later input (1.1s)
  ok 48 tests\browser\runtime-edge.spec.ts:151:1 › Select rows portal above sibling controls and repeated opening retains the adapter listener count (1.4s)
  ok 49 tests\browser\studio.spec.ts:179:1 › the consumer studio begins empty without exposing a manual component mode (368ms)
  ok 50 tests\browser\studio.spec.ts:189:1 › a PNG is sent to the semantic endpoint and its ready Panel/Switch result compiles without a manual choice (783ms)
  ok 51 tests\browser\studio.spec.ts:221:1 › comparison keeps four independently mounted semantic previews and exports exact uploaded bytes (2.9s)
  ok 52 tests\browser\studio.spec.ts:268:1 › an imported v0.2 bundle preserves its timeline and motion system, then reset clears the session (1.5s)
  ok 53 tests\browser\studio.spec.ts:305:1 › Unresolved and Custom-required recognition results are displayed but never default to Button or a canvas (445ms)
  ok 54 tests\browser\studio.spec.ts:326:1 › wrong source digests, invalid contracts, and missing semantic configuration all fail closed (618ms)
  ok 55 tests\browser\studio.spec.ts:354:1 › invalid local inputs and malformed bundles clear prior semantic output without calling the endpoint (544ms)
  ok 56 tests\browser\studio.spec.ts:380:1 › a stale recognition result cannot replace the newer upload, and the mobile studio does not overflow (568ms)
  ok 57 tests\browser\studio.spec.ts:412:1 › a pending receipt polls twice before compiling the Ready Panel/Switch result and never reposts (3.6s)
  ok 58 tests\browser\studio.spec.ts:451:1 › a semantic network abort reports a recognition failure rather than an image decoding failure and clears the old canvas (903ms)
  ok 59 tests\browser\studio.spec.ts:473:1 › reset and a replacement upload cancel pending polls without an automatic POST or GET (3.2s)
  ok 60 tests\browser\studio.spec.ts:511:1 › a pending receipt rejects source and analysis ID drift without polling again or enabling export (4.2s)
  ok 61 tests\browser\studio.spec.ts:556:1 › a flat v0.2 Panel with Switch and CheckBox compiles to canvas and exports both observed checked states (761ms)
  ok 62 tests\browser\studio.spec.ts:574:1 › a flat response cannot claim ProgressBar while providing only an Image fallback (426ms)
  ok 63 tests\browser\studio.spec.ts:595:1 › a flat Button with no observed label fails instead of acquiring a default label (418ms)
  ok 64 tests\browser\studio.spec.ts:613:1 › a flat response with an unused style is rejected with a stable diagnostic and cannot export (398ms)
  ok 65 tests\browser\studio.spec.ts:630:1 › a v0.3 observation and matching flat contract survive repeated Pending receipts, then render and export checked states (4.4s)
  ok 66 tests\browser\studio.spec.ts:660:1 › observation-only recognition compiles locally and type corrections do not call the model again (1.6s)
  ok 67 tests\browser\studio.spec.ts:697:1 › missing semantic fields remain explicit until confirmed locally, including an empty Input value (814ms)
  ok 68 tests\browser\studio.spec.ts:717:1 › semantic v0.2 renders with explicit preview flags and rejects a policy mismatch (910ms)
  ok 69 tests\browser\studio.spec.ts:736:1 › a v0.3 contract cannot change an observed CheckBox checked state (514ms)
  ok 70 tests\browser\studio.spec.ts:752:1 › a v0.3 unresolved observation with no contract is shown as uncertain and never creates a canvas (544ms)
  ok 71 tests\browser\studio.spec.ts:770:1 › a v0.3 contract cannot replace an observed CheckBox with Image artwork (428ms)
  ok 72 tests\browser\textured-buttons.spec.ts:21:1 › transparent image and Button textures preserve pixels, activation, motion, and portable restoration (1.9s)
  ok 73 tests\browser\workflow.spec.ts:37:1 › unified run compiles intent and both motions, checks pixels and real click, restores and delivers (5.3s)
  ok 74 tests\browser\workflow.spec.ts:59:1 › failed real interaction leaves failure evidence and no successful bundle (2.9s)
  ok 75 tests\browser\workflow.spec.ts:71:1 › corrupt image that passes resource hashing fails actual browser decode before delivery (2.1s)
  ok 76 tests\browser\workflow.spec.ts:86:1 › clicking an overlapping different Button cannot satisfy the named target activation check (3.0s)

  76 passed (3.5m)
(node:45636) Warning: The 'NO_COLOR' env is ignored due to the 'FORCE_COLOR' env being set.
(Use `node --trace-warnings ...` to show where the warning was created)
