
> ai-ui-component-harness@0.2.0-rc.1 test
> node --test tests/*.test.ts

✔ analysis ledger binds a source, derives NOT_RUN, and records an explicit unresolved retry (4.3363ms)
✔ recording is source-bound, immutable, and never creates renderable UI input (1.8436ms)
✔ Composite and Custom-required are explicit, validated terminal classifications (0.5734ms)
✔ strict records reject unknown result fields, fake statuses, unsupported types, and invalid budgets (0.5404ms)
✔ persisted ledgers reject budget bypasses and reanalysis after terminal states (0.611ms)
✔ v0.2 binding deterministically applies Button, Switch, and Select appearances with original evidence (61.6732ms)
✔ v0.2 binding applies CheckBox, RadioGroup, Input, ProgressBar, and Slider without mutating the target (55.2599ms)
✔ first-batch application rejects overlapping RadioGroup hit areas and stale Slider thumb geometry (54.9878ms)
✔ v0.2 binding applies the remaining eight types from explicit reusable templates (120.3019ms)
✔ second-batch application rejects stale dynamic state and implicit repeated samples (110.1834ms)
✔ application rejects legacy binding, stale popup geometry, and existing appearance instead of guessing or overwriting (54.2101ms)
✔ validated binding binds exact UI, exact authenticated ZIP, explicit registration, and component-local switch states (70.1757ms)
✔ document digest is canonical and role catalog covers every v0.2 component type without exposing mutable registry state (4.2996ms)
✔ every role catalog declaration accepts its complete required-role binding against one authenticated imported ZIP (30.459ms)
✔ binding rejects stale evidence, inferred canvas registration, and unknown source layers (76.9247ms)
✔ validation snapshots the handoff before asynchronous ZIP authentication and rejects forged or mutated importer contexts (58.5995ms)
✔ each declared binding is complete and explicit: no duplicate controls, layers, roles, wrong control types, or guessed switch coordinates (68.2041ms)
✔ v0.2 application maps Image and static surfaces while retaining semantic Text (78.2818ms)
✔ static application fails closed for stale text pixels, unsupported container foregrounds, and invalid panel title geometry (34.2142ms)
✔ v0.1 bundle embeds verified bytes and materializes fresh bytes after validation (12.1702ms)
✔ verified bundles are immutable and reject oversized Base64 before decoding (9.0033ms)
✔ rejects aggregate Base64 bytes before decoding resources beyond the total limit (483.0025ms)
✔ requires every local document source and does not package network or blob references (0.7722ms)
✔ rejects unsafe resource paths, duplicate IDs and checksum tampering (2.529ms)
✔ rejects paths that collide on case-insensitive extraction targets (1.35ms)
✔ supports v0.2 documents and validates optional motion against that document (6.5689ms)
✔ v0.2 button backgroundImage is a required portable bundle resource (5.4542ms)
✔ v0.2 Switch raster appearance requires both portable layer resources (3.8541ms)
✔ v0.2 Select raster appearance requires field, arrow, and popup resources (4.1232ms)
✔ self-test and doctor are offline and do not disclose a working path (271.1715ms)
✔ compile reads supplied PNG dimensions without claiming vision (125.8855ms)
✔ pack and unpack round trip verified bytes and refuse an existing target (403.833ms)
✔ inspect redacts query and fragment text from external references (152.8135ms)
✔ compile actual button matches accepted contract and does not duplicate baked text (2.9935ms)
✔ deterministic output; no input mutation or shared output references (0.6828ms)
✔ same compiler accepts another image and explicit scale/enabled without hand-written layout (0.3815ms)
✔ large image preserves explicit scale; no silent auto-fit (0.4381ms)
✔ intent rejects unknown version (0.8408ms)
✔ intent rejects unresolved (0.7517ms)
✔ intent rejects unsupported type (0.5512ms)
✔ intent rejects missing id (0.4683ms)
✔ intent rejects missing source (0.4148ms)
✔ intent rejects empty source (0.6076ms)
✔ intent rejects unsafe source scheme (0.4262ms)
✔ intent rejects layer mode (0.3923ms)
✔ intent rejects independent label (0.5484ms)
✔ intent rejects unknown baked text (0.4324ms)
✔ intent rejects none with non-empty text (0.3995ms)
✔ intent rejects guessed width (0.2953ms)
✔ intent rejects inferred business event (0.2979ms)
✔ intent rejects inferred enabled (0.3725ms)
✔ legacy narrative analysis is not silently accepted as structured intent (0.1428ms)
✔ policy rejects missing enabled (0.261ms)
✔ policy rejects enabled string (0.1811ms)
✔ policy rejects zero scale (0.2955ms)
✔ policy rejects negative scale (0.2817ms)
✔ policy rejects nonfinite canvas (0.694ms)
✔ policy rejects unsupported placement (0.5137ms)
✔ decoded dimensions must be positive safe integers and have no extra fields (1.1022ms)
✔ scale overflow fails instead of producing an invalid or substituted size (0.372ms)
✔ valid contract is cloned without injecting defaults (3.4411ms)
✔ reject version with field path (1.1394ms)
✔ reject unknown Button type with field path (0.4417ms)
✔ reject missing id with field path (0.429ms)
✔ reject empty id with field path (0.4121ms)
✔ reject duplicate id with field path (0.3626ms)
✔ reject missing layout with field path (0.3674ms)
✔ reject NaN coordinate with field path (0.3589ms)
✔ reject infinite coordinate with field path (0.3941ms)
✔ reject zero width with field path (0.5085ms)
✔ reject negative height with field path (0.3869ms)
✔ reject string size with field path (0.3661ms)
✔ reject enabled string with field path (0.2402ms)
✔ reject missing enabled with field path (0.2565ms)
✔ reject missing visual with field path (0.2503ms)
✔ reject unknown visual type with field path (0.2649ms)
✔ reject missing source with field path (0.2564ms)
✔ reject empty source with field path (0.3642ms)
✔ reject unsupported source scheme with field path (0.4567ms)
✔ reject unsupported label with field path (0.2591ms)
✔ reject unsupported icon with field path (0.2755ms)
✔ reject unsupported animation with field path (0.2367ms)
✔ reject unknown props with field path (0.5516ms)
✔ reject non-object inputs (0.1895ms)
✔ allow negative position and non-empty HTTP reference; resource loading is separate (0.3927ms)
✔ imports the upstream ZIP_STORED force-ZIP64 public draft layout and its optional QA receipt (26.4712ms)
✔ rehashes public PNG bytes before an imported delivery crosses another runtime boundary (4.0055ms)
✔ keeps the reviewed delivery claim bound to its reviewed scene evidence (1.8801ms)
✔ rejects corruption in a stored member before trusting scene metadata (1.5283ms)
✔ rejects closed-inventory traversal entries and compressed ZIP methods (1.851ms)
✔ requires the Python canonical delivery and QA digests after their receipt bindings are parsed (5.7373ms)
✔ rejects duplicate JSON keys, hidden fields, extra files and mislabeled review receipts (5.2984ms)
✔ import snapshots archive bytes and rejects fabricated import objects and mutated previews (2.5466ms)
✔ legacy case uses only explicit Button mappings and preserves remaining PNG layers and legacy provenance (23.9169ms)
✔ legacy case rejects unknown or duplicate mappings and never guesses control roles from layer names (13.1506ms)
✔ imports only the explicit compressed legacy pilot shape and preserves its legacy identity (12.8751ms)
✔ rejects changed manifest file hashes and archive path traversal (5.4781ms)
✔ rejects duplicate names, symbolic-link metadata, and entries above the bounded inflate limit (8.6929ms)
✔ motion CLI capabilities, compile, compose, validate and sample run offline from another directory (1487.1123ms)
✔ Image: all five whole-node recipes compile, sample and preserve UI (15.0985ms)
✔ Text: all five whole-node recipes compile, sample and preserve UI (8.9261ms)
✔ Container: all five whole-node recipes compile, sample and preserve UI (6.6919ms)
✔ Button: all five whole-node recipes compile, sample and preserve UI (7.397ms)
✔ Switch: all five whole-node recipes compile, sample and preserve UI (6.6624ms)
✔ CheckBox: all five whole-node recipes compile, sample and preserve UI (5.8856ms)
✔ RadioGroup: all five whole-node recipes compile, sample and preserve UI (7.679ms)
✔ Input: all five whole-node recipes compile, sample and preserve UI (8.6106ms)
✔ Select: all five whole-node recipes compile, sample and preserve UI (6.4513ms)
✔ ProgressBar: all five whole-node recipes compile, sample and preserve UI (6.3703ms)
✔ Slider: all five whole-node recipes compile, sample and preserve UI (6.7387ms)
✔ ScrollView: all five whole-node recipes compile, sample and preserve UI (6.318ms)
✔ List: all five whole-node recipes compile, sample and preserve UI (6.948ms)
✔ Panel: all five whole-node recipes compile, sample and preserve UI (6.7979ms)
✔ Dialog: all five whole-node recipes compile, sample and preserve UI (6.2808ms)
✔ Tabs: all five whole-node recipes compile, sample and preserve UI (6.7383ms)
✔ capability registry covers 16 types and exposes only implemented trigger pairs (165.9847ms)
✔ pulse keeps layout center through easing, including subpixel and expanded samples (5.5247ms)
✔ recipes reject unsupported params, nonfinite numbers, unsafe timelines and non-node identifiers (4.2752ms)
✔ playful: motion system and timeline round trip together without losing bindings or bytes (30.5585ms)
✔ premium: motion system and timeline round trip together without losing bindings or bytes (13.2848ms)
✔ corporate: motion system and timeline round trip together without losing bindings or bytes (11.0354ms)
✔ bundle rejects downgraded, missing, unsupported and stale system declarations (13.4448ms)
✔ motion system CLI catalog, compilation, validation, pack and unpack are executable offline (1327.5743ms)
✔ unpack refuses a case-variant system metadata resource before writing any payload (77.9206ms)
✔ playful Image compiles every registered action (9.8467ms)
✔ playful Text compiles every registered action (2.9625ms)
✔ playful Container compiles every registered action (2.6419ms)
✔ playful Button compiles every registered action (2.1591ms)
✔ playful Switch compiles every registered action (2.3275ms)
✔ playful CheckBox compiles every registered action (1.5055ms)
✔ playful RadioGroup compiles every registered action (1.8167ms)
✔ playful Input compiles every registered action (1.8348ms)
✔ playful Select compiles every registered action (2.2438ms)
✔ playful ProgressBar compiles every registered action (1.6473ms)
✔ playful Slider compiles every registered action (1.8779ms)
✔ playful ScrollView compiles every registered action (1.4542ms)
✔ playful List compiles every registered action (1.771ms)
✔ playful Panel compiles every registered action (1.4014ms)
✔ playful Dialog compiles every registered action (1.5014ms)
✔ playful Tabs compiles every registered action (0.9309ms)
✔ premium Image compiles every registered action (1.2143ms)
✔ premium Text compiles every registered action (1.4143ms)
✔ premium Container compiles every registered action (1.0324ms)
✔ premium Button compiles every registered action (1.152ms)
✔ premium Switch compiles every registered action (1.4704ms)
✔ premium CheckBox compiles every registered action (1.3282ms)
✔ premium RadioGroup compiles every registered action (1.3604ms)
✔ premium Input compiles every registered action (1.7186ms)
✔ premium Select compiles every registered action (1.345ms)
✔ premium ProgressBar compiles every registered action (1.3578ms)
✔ premium Slider compiles every registered action (1.4659ms)
✔ premium ScrollView compiles every registered action (1.1405ms)
✔ premium List compiles every registered action (1.0492ms)
✔ premium Panel compiles every registered action (1.1901ms)
✔ premium Dialog compiles every registered action (1.4093ms)
✔ premium Tabs compiles every registered action (1.8674ms)
✔ corporate Image compiles every registered action (1.4205ms)
✔ corporate Text compiles every registered action (1.5077ms)
✔ corporate Container compiles every registered action (1.6702ms)
✔ corporate Button compiles every registered action (1.2092ms)
✔ corporate Switch compiles every registered action (1.2013ms)
✔ corporate CheckBox compiles every registered action (1.1666ms)
✔ corporate RadioGroup compiles every registered action (0.9194ms)
✔ corporate Input compiles every registered action (0.8941ms)
✔ corporate Select compiles every registered action (1.4695ms)
✔ corporate ProgressBar compiles every registered action (1.419ms)
✔ corporate Slider compiles every registered action (1.4277ms)
✔ corporate ScrollView compiles every registered action (1.5884ms)
✔ corporate List compiles every registered action (1.0466ms)
✔ corporate Panel compiles every registered action (1.2539ms)
✔ corporate Dialog compiles every registered action (1.455ms)
✔ corporate Tabs compiles every registered action (0.8094ms)
✔ style profiles preserve supplied button facts and catalog data is caller-isolated (0.5723ms)
✔ motion-system documents reject extra fields, bad IDs, counts, types, actions, and duplicates (13.5601ms)
✔ one shared frame drives concurrent channels and retains exact endpoints (1.4313ms)
✔ retarget starts from caller presentation and stale cancelled frames cannot apply (0.3976ms)
✔ cancellation and destruction tear down frames without resetting other channels (0.4058ms)
✔ scheduler rejects unsafe arguments without changing a running channel (0.4433ms)
✔ apply and completion failures clean their channels and report errors (0.4546ms)
✔ reentrant apply and completion retain the newest generation without duplicate frames (0.3154ms)
✔ motion validation rejects unsupported versions, targets, values, timeline overlap, triggers, and scope leakage (5.0705ms)
✔ motion is separate from the UI document and event triggers are capability-checked (1.2857ms)
✔ explicit local clips compile into one pure canvas motion without inherited timing or triggers (1.4945ms)
✔ canvas clip composition rejects missing placement, invalid local targets, overflow, and resultant overlaps (1.4111ms)
✔ sampling is pure and preserves sequential values while x/y remain runtime offsets (0.7673ms)
✔ injected clock makes play, seek, stop, replay, and destroy deterministic (1.317ms)
✔ apply and update callback failures cancel frames and clear temporary transforms (1.3212ms)
✔ accepts unchanged portable local and explicit HTTP(S) references (2.4359ms)
✔ rejects path traversal (0.5558ms)
✔ rejects middle traversal (0.1221ms)
✔ rejects absolute Unix path (0.0849ms)
✔ rejects absolute Windows path (0.0938ms)
✔ rejects backslash (0.1184ms)
✔ rejects encoded separator (0.0967ms)
✔ rejects encoded traversal (0.0824ms)
✔ rejects query in local path (0.087ms)
✔ rejects fragment in local path (0.1496ms)
✔ rejects Windows reserved path (0.1306ms)
✔ rejects Windows reserved path with spacing (0.1169ms)
✔ rejects Windows trailing dot (0.1846ms)
✔ rejects Windows alternate data stream (0.0904ms)
✔ rejects Windows forbidden angle bracket (0.089ms)
✔ rejects unsupported protocol (0.0684ms)
✔ rejects credentialed URL (0.0987ms)
✔ rejects protocol relative URL (0.0826ms)
✔ legacy contract and intent use the shared resource validation (0.9966ms)
✔ slider values stay in the inclusive range and on its step lattice (1.1953ms)
✔ scroll ranges use content minus viewport and reject invalid dimensions (0.3208ms)
✔ step alignment validates a program value without coercing it (0.1109ms)
✔ click produces normal → hover → pressed → hover and one activate (1.1888ms)
✔ outside release clears press and does not activate (0.1884ms)
✔ cancel prevents later inside release (0.1864ms)
✔ disable before press blocks activate (0.1416ms)
✔ disable while pressed invalidates operation even if enabled before up (0.1399ms)
✔ secondary pointer cannot finish or cancel primary operation (0.1248ms)
✔ right click and release without press never activate (0.1378ms)
✔ blur, hidden, Escape and scale cancellation discard press (0.1843ms)
✔ destroy is idempotent, clears subscriptions and rejects mutation (0.4592ms)
✔ destroy cleans every subscription even when a destroy callback throws (0.9559ms)
✔ unsubscribe stops delivery (0.1704ms)
✔ subscriber disable at release prevents activation (0.1379ms)
✔ short submit/poll keeps one task through a transport retry, running receipt, and normalized Ready result (1077.7379ms)
✔ adapter never resubmits after an indeterminate task poll and writes a private terminal receipt (2021.6293ms)
✔ adapter returns an exact v0.2 Unresolved envelope instead of inventing a renderable fallback (13.7201ms)
✔ adapter returns a flat v0.2 Ready response without nested intent fields (12.9098ms)
✔ adapter rejects malformed flat v0.2 JSON without repairing it (12.5788ms)
✔ poll restores a legacy completed raw result without a provider read (4.6332ms)
✔ a revised instruction creates a distinct submission instead of reusing a stale v0.2 result (10.1921ms)
✔ submit resumes a matching pending submission whose persisted image payload exceeds one MiB (18.2012ms)
✔ adapter refuses over-limit images before contact and makes unresolved output explicit without a fallback (9.0755ms)
✔ deidentified v0.2 prompt requires observable controls, complete references, and a final self-check (0.3736ms)
✔ semantic adapter submits one v0.2 observation, then polls only that stage and returns an exact v0.4 envelope (28.6936ms)
✔ semantic adapter refuses an incompatible persisted observation instruction before calling the poll mock (10.2182ms)
✔ concurrent POSTs join the in-progress observation submission after its stage record is written (10.8406ms)
✔ semantic adapter rejects a v0.1 observation downgrade and never converts provider Ready into a terminal public status (7.3761ms)
✔ semantic adapter preserves only whitelisted non-observed outcomes in a v0.4 envelope (5.9925ms)
✔ staged pipeline advances one observed task to one contract task and then restores its final result (98.1162ms)
✔ a non-ready observation never creates a contract submission (34.5336ms)
✔ staged templates are source-bound, omit observation evidence from contract prompts, and stay bounded (0.4892ms)
✔ a current pipeline rejects an observation protocol downgrade before submitting a contract (33.1651ms)
✔ cached pipeline and observation submission prompts must retain their exact digests and binding (11.1198ms)
✔ a stored contract gate cannot replace the v0.2 policy-bound instruction (26.1251ms)
✔ semantic prompts distinguish optional image facts from explicit preview policy (0.5022ms)
✔ staged recovery accepts a submission record above one MiB without contacting a provider (23.0463ms)
✔ two concurrent observation polls share one receipt transition and create one contract vision task (115.6152ms)
✔ an indeterminate contract submit remains terminal and never opens another contract task (42.8202ms)
✔ an invalid observation fails before contract submission (33.3838ms)
✔ a non-ready contract produces the matching v0.3 result after a valid observation (47.1299ms)
✔ one premature envelope close is removed with hashes and every field preserved (2.6651ms)
✔ valid JSON is untouched and other malformed or incomplete responses still fail (1.5075ms)
✔ observation-only boundary compiles without a model contract and preserves incomplete facts (7.7205ms)
✔ semantic boundary compiles all sixteen types from explicit model-shaped fixtures (8.153ms)
✔ uncertain and unsupported semantic results cannot acquire a render document (0.9097ms)
✔ semantic results reject stale source digests, invented resources and missing layout (6.9191ms)
✔ a live-shaped root ID without a node object cannot publish a Ready document (0.4472ms)
✔ recognition preserves semantic rejection codes without another provider request (23.3121ms)
✔ recognition distinguishes malformed component contracts from transport failures (1.0442ms)
✔ tree compiler is deterministic, preserves inputs, and returns all explicit layouts (8.9498ms)
✔ intent forbids layout, Unresolved, Custom, missing composites, and source path guesses (1.7763ms)
✔ policy requires provenance and exactly one finite layout for each renderable node (0.9849ms)
✔ image facts are source-keyed actual decode facts and regions are checked against their bounds (1.4411ms)
✔ v0.2 validates every renderable node branch, optional image region, font source, and composite children (6.6875ms)
✔ opt-in raster paint fields are portable, preserve absent defaults, and reject invalid resource or paint values (3.5081ms)
✔ Slider raster appearance requires integer texture canvases and a bounded horizontal left-to-right axis (3.0178ms)
✔ strict document failures report paths without repairing caller data (6.5801ms)
✔ cycle and tree-depth guards reject non-tree input before cloning (0.6298ms)
✔ bridge preserves a flat v0.2 result for strict consumer compilation (34.5242ms)
✔ final semantic envelopes are top-level whitelists and cannot leak adapter fields (57.1722ms)
✔ status does not disclose configuration and an absent adapter never receives a request (5.4605ms)
✔ an unavailable configured adapter returns a stable 503 without exposing its module path (12.9333ms)
✔ the handler verifies raster bytes and source identity before invoking a configured adapter (5.5387ms)
✔ short submit and poll requests keep one opaque UUID while a legacy analyze adapter remains separate (5.3966ms)
✔ a submit cache hit returns final semantics immediately and private task fields never reach the browser (5.6538ms)
✔ poll final results require a bound-source shaped digest before the browser compiler receives them (2.5965ms)
✔ the handler permits only same-origin loopback requests and caps declared request size (3.4637ms)
✔ one in-flight analysis is allowed, while provider failures and oversized opaque results stay redacted (5.1936ms)
✔ direct validation rejects unsafe paths and does not accept image MIME claims without matching bytes (4.7721ms)
✔ a timeout aborts the one provider call without an automatic retry (31.4054ms)
✔ a disconnected browser aborts the adapter signal without leaking a provider failure response (30.432ms)
✔ flat responses expand explicit reused styles and preserve wire sibling order (7.0149ms)
✔ a flat gallery compiles every supported semantic component type (17.9282ms)
✔ missing props are rejected instead of being filled from defaults (0.6353ms)
✔ hierarchy and style references expose stable failure codes (0.6199ms)
✔ flat envelopes reject malformed fields and hidden style or child channels (0.3058ms)
✔ image sources bind to decoded facts and text cannot introduce a font resource (0.2578ms)
✔ observations and classifications must agree with the provided nodes (0.7205ms)
✔ a standalone composite node is valid without invented child nodes (0.3419ms)
✔ every declared style is referenced and therefore receives strict style validation (0.2277ms)
✔ observed semantics cannot be supplied only by an invisible overlay control (0.2683ms)
✔ an invisible ancestor prevents its observed descendant from establishing semantics (0.2098ms)
✔ opaque observed controls and standalone artwork remain valid (0.5831ms)
✔ non-ready outcomes normalize without an intent, policy, or rendering path (0.2097ms)
✔ flat hierarchy rejects depth and total-node overflows before tree assembly (0.7192ms)
✔ observation accepts bounded visible facts without defaults or mutation (2.2558ms)
✔ observation rejects hidden properties, source-bound violations, bounds, and invalid graph references (0.7118ms)
✔ v0.2 observation contains only source-visible semantics and permits semantic leaf parents (0.609ms)
✔ observation rejects non-finite and contradictory visible numeric facts without supplying defaults (0.4764ms)
✔ observation keeps option, item, and tab IDs globally distinct from component IDs and validates selected references (0.4053ms)
✔ observed Image regions must remain within the source image (0.2594ms)
✔ staged Ready compiles only after observed identities, visible props, and parents bind (7.1926ms)
✔ binding permits only extra Containers between observed parents and rejects extra semantic nodes (1.2347ms)
✔ v0.2 binding flattens only semantic leaf parenting into its same render parent (2.7988ms)
✔ staged non-ready values have one valid provenance path (0.472ms)
✔ v1 policy is deeply immutable and identifies non-observed preview configuration (0.8104ms)
✔ v1 accepts every policy-owned preview setting when explicitly supplied (1.0393ms)
✔ v1 rejects omitted or conflicting preview settings without mutating the supplied nodes (1.6296ms)
✔ v1 does not prescribe Slider step, Text line height, or content (0.1849ms)
✔ neutral policy is deeply immutable and requires an explicit exact policy argument (1.2628ms)
✔ compiler preserves every observed semantic value, uses only disclosed neutral preview choices, and does not mutate input (9.8364ms)
✔ tabs never receive invented content placeholders and block as Unresolved (0.5533ms)
✔ missing facts are aggregated, while observed false and empty values remain valid (0.3567ms)
✔ malformed sources and duplicate observation IDs fail closed before a document can be created (0.6421ms)
✔ wrapper and document IDs are deterministic and avoid observed IDs and semantic entry IDs (1.4613ms)
✔ a sole observed leaf receives one deterministic wrapper child without changing its identity (0.5914ms)
✔ workflow browser URL rejects remote origins, credentials, and ambiguous local names (1.2941ms)
✔ workflow check validation rejects stale bindings and unspecified outcomes before launching a browser (1.0246ms)
✔ manifest resources cannot escape their directory, use links, or exceed byte caps (17.7842ms)
✔ unified CLI stops before browser on invalid contracts, records failure, and refuses rerun output (295.1129ms)
✔ intent source compiles a complete v0.2 document and binds every node for all targets (6.5406ms)
✔ document input supports an explicit target subset (1.3656ms)
✔ an authored timeline is independently validated and can coexist with a motion system (2.3663ms)
✔ strict requests reject legacy sources, unknown fields, malformed input, missing styles, and stale targets (3.5978ms)
✔ workflow compilation and returned values are isolated from caller-owned input (1.351ms)
ℹ tests 323
ℹ suites 0
ℹ pass 323
ℹ fail 0
ℹ cancelled 0
ℹ skipped 0
ℹ todo 0
ℹ duration_ms 4107.1642
