
> ai-ui-component-harness@0.2.0 test:browser
> playwright test


Running 50 tests using 1 worker

  ok  1 tests\browser\components.spec.ts:66:1 › gallery mounts a live canvas with every supported component type (1.6s)
  ok  2 tests\browser\components.spec.ts:77:1 › mouse interaction updates switch, checkbox, and radio-group values (1.6s)
  ok  3 tests\browser\components.spec.ts:89:1 › slider commits pointer input on release, cancels Escape, and ignores mouse input once disabled (1.6s)
  ok  4 tests\browser\components.spec.ts:107:1 › native keyboard editing honors the runtime readOnly state (1.8s)
  ok  5 tests\browser\components.spec.ts:125:1 › select popup chooses a row and scroll/list/tabs respond to canvas input (2.2s)
  ok  6 tests\browser\components.spec.ts:147:1 › modal dialog blocks background controls and its canvas close button restores interaction (1.9s)
  ok  7 tests\browser\integration.spec.ts:18:1 › composite follows actual compiler facts and trusted mouse activates composed Button once (1.1s)
  ok  8 tests\browser\integration.spec.ts:30:1 › invalid contract, missing image, corrupt image and font failure leave no successful tree (1.1s)
  ok  9 tests\browser\integration.spec.ts:44:1 › shared image survives sibling destruction and final destroy releases resources/listeners (935ms)
  ok 10 tests\browser\integration.spec.ts:55:1 › uploaded image creates explicit intent; portable bundle restores without fetching source in a fresh page (2.7s)
  ok 11 tests\browser\integration.spec.ts:73:1 › tampered imported bundle is rejected and clears old result (894ms)
  ok 12 tests\browser\integration.spec.ts:81:1 › raw contract file import validates the document and reloads declared resources (1.1s)
  ok 13 tests\browser\integration.spec.ts:90:1 › legacy Button 14 probes pass and legacy bundle restores embedded resource (4.0s)
  ok 14 tests\browser\integration.spec.ts:104:1 › separate motion seeks and restores without changing component contract (3.0s)
  ok 15 tests\browser\integration.spec.ts:117:1 › concurrent requests discard stale result and repeated reload has stable live counts (2.1s)
  ok 16 tests\browser\integration.spec.ts:126:1 › unresolved intent and overflowing text expose real errors before success (1.5s)
  ok 17 tests\browser\motion-presets.spec.ts:17:1 › Pixi centered pulse and reset on all 16 node types (4.1s)
  ok 18 tests\browser\motion-presets.spec.ts:41:1 › activation preset follows real Button input, replays and preserves disabled state (2.5s)
  ok 19 tests\browser\motion-system-lifecycle.spec.ts:146:1 › an unbound real hover preserves a settled subset exit presentation channel (3.7s)
  ok 20 tests\browser\motion-system-lifecycle.spec.ts:164:1 › programmatic Input state rebases the focused native editing session before a real keystroke (1.4s)
  ok 21 tests\browser\motion-system-lifecycle.spec.ts:172:1 › programmatic Slider state wins when a captured pointer releases (1.5s)
  ok 22 tests\browser\motion-system-lifecycle.spec.ts:183:1 › hidden modal backdrops release input and the visually latest modal owns its close control (1.9s)
  ok 23 tests\browser\motion-system-lifecycle.spec.ts:204:1 › a nested modal follows its legacy animated ancestor while portaled (1.9s)
  ok 24 tests\browser\motion-system-lifecycle.spec.ts:232:1 › deactivating a Tabs page closes its Select overlay through the public motion inspection (2.2s)
  ok 25 tests\browser\motion-system.spec.ts:237:1 › catalog and compiler validate all 48 style/component bindings without mutating input (48ms)
  ok 26 tests\browser\motion-system.spec.ts:260:1 › each profile binds every live gallery type and enter, exit, reapply, and clear have deterministic endpoints (26.3s)
  ok 27 tests\browser\motion-system.spec.ts:329:1 › latest entry channel ownership wins across parent interruption and child stagger (5.9s)
  ok 28 tests\browser\motion-system.spec.ts:347:1 › composite Button image pixels follow the Button presentation scale (4.6s)
  ok 29 tests\browser\motion-system.spec.ts:364:1 › Tabs indicator pixels move after an inspected in-flight tabProgress transition (3.8s)
  ok 30 tests\browser\motion-system.spec.ts:384:1 › trusted Button press, release, cancellation, and disabling produce one activation in every profile (9.5s)
  ok 31 tests\browser\motion-system.spec.ts:417:1 › ancestor hiding, unrelated disabling, dialog teardown, and transformed Slider gestures preserve their own lifecycles (11.9s)
  ok 32 tests\browser\motion-system.spec.ts:506:1 › control-specific presentation follows real gallery input and settles without changing committed values early (18.3s)
  ok 33 tests\browser\motion-system.spec.ts:590:1 › Dialog protects the full canvas through close while Tabs transition header and content (11.9s)
  ok 34 tests\browser\motion-system.spec.ts:646:1 › workbench controls and portable bundles preserve a system alongside an independent timeline (11.4s)
  ok 35 tests\browser\runtime-edge.spec.ts:47:1 › destroyNode updates exported snapshots and rejects direct Tabs content removal (1.3s)
  ok 36 tests\browser\runtime-edge.spec.ts:72:1 › programmatic Slider and ScrollView mutations reject invalid values without changing the document (1.1s)
  ok 37 tests\browser\runtime-edge.spec.ts:97:1 › a valid image region creates a cropped Pixi image and remains exportable (1.3s)
  ok 38 tests\browser\runtime-edge.spec.ts:126:1 › the hidden native editor accepts composition input and disabling it blurs and blocks later input (1.3s)
  ok 39 tests\browser\runtime-edge.spec.ts:151:1 › Select rows portal above sibling controls and repeated opening retains the adapter listener count (1.4s)
  ok 40 tests\browser\studio.spec.ts:93:1 › the consumer studio begins empty without exposing the engineering workbench (977ms)
  ok 41 tests\browser\studio.spec.ts:103:1 › a local SVG immediately becomes one authored whole-image Image preview (1.1s)
  ok 42 tests\browser\studio.spec.ts:119:1 › explicit Button mode compiles premium motion, replays it, and accepts real canvas pointer input (1.9s)
  ok 43 tests\browser\studio.spec.ts:148:1 › comparison renders all four independent styles and exports the selected card with exact source bytes (3.1s)
  ok 44 tests\browser\studio.spec.ts:197:1 › a v0.2 bundle preserves its imported timeline and motion system, then reset clears the session (2.1s)
  ok 45 tests\browser\studio.spec.ts:234:1 › invalid image and malformed bundles fail closed, clear old output, and expose a dismissible error (1.2s)
  ok 46 tests\browser\studio.spec.ts:252:1 › rapid local replacements keep only the newest input and the mobile studio does not overflow the page (816ms)
  ok 47 tests\browser\workflow.spec.ts:37:1 › unified run compiles intent and both motions, checks pixels and real click, restores and delivers (5.6s)
  ok 48 tests\browser\workflow.spec.ts:59:1 › failed real interaction leaves failure evidence and no successful bundle (3.0s)
  ok 49 tests\browser\workflow.spec.ts:71:1 › corrupt image that passes resource hashing fails actual browser decode before delivery (2.2s)
  ok 50 tests\browser\workflow.spec.ts:86:1 › clicking an overlapping different Button cannot satisfy the named target activation check (3.0s)

  50 passed (3.1m)
(node:3480) Warning: The 'NO_COLOR' env is ignored due to the 'FORCE_COLOR' env being set.
(Use `node --trace-warnings ...` to show where the warning was created)
