
> ai-ui-component-harness@0.2.0 test
> node --test tests/*.test.ts

✔ analysis ledger binds a source, derives NOT_RUN, and records an explicit unresolved retry (3.5836ms)
✔ recording is source-bound, immutable, and never creates renderable UI input (1.8816ms)
✔ Composite and Custom-required are explicit, validated terminal classifications (0.5623ms)
✔ strict records reject unknown result fields, fake statuses, unsupported types, and invalid budgets (0.434ms)
✔ persisted ledgers reject budget bypasses and reanalysis after terminal states (0.3973ms)
✔ v0.1 bundle embeds verified bytes and materializes fresh bytes after validation (10.1206ms)
✔ verified bundles are immutable and reject oversized Base64 before decoding (6.789ms)
✔ rejects aggregate Base64 bytes before decoding resources beyond the total limit (458.6555ms)
✔ requires every local document source and does not package network or blob references (0.7967ms)
✔ rejects unsafe resource paths, duplicate IDs and checksum tampering (3.3967ms)
✔ rejects paths that collide on case-insensitive extraction targets (1.1921ms)
✔ supports v0.2 documents and validates optional motion against that document (6.2496ms)
✔ self-test and doctor are offline and do not disclose a working path (252.1743ms)
✔ compile reads supplied PNG dimensions without claiming vision (163.8779ms)
✔ pack and unpack round trip verified bytes and refuse an existing target (349.1183ms)
✔ inspect redacts query and fragment text from external references (102.1045ms)
✔ compile actual button matches accepted contract and does not duplicate baked text (3.2399ms)
✔ deterministic output; no input mutation or shared output references (1.4417ms)
✔ same compiler accepts another image and explicit scale/enabled without hand-written layout (0.5831ms)
✔ large image preserves explicit scale; no silent auto-fit (1.0489ms)
✔ intent rejects unknown version (0.7914ms)
✔ intent rejects unresolved (0.3622ms)
✔ intent rejects unsupported type (0.4086ms)
✔ intent rejects missing id (0.4135ms)
✔ intent rejects missing source (0.3286ms)
✔ intent rejects empty source (0.4583ms)
✔ intent rejects unsafe source scheme (0.3949ms)
✔ intent rejects layer mode (0.2994ms)
✔ intent rejects independent label (0.6726ms)
✔ intent rejects unknown baked text (0.5943ms)
✔ intent rejects none with non-empty text (0.5344ms)
✔ intent rejects guessed width (0.3733ms)
✔ intent rejects inferred business event (0.3515ms)
✔ intent rejects inferred enabled (0.4066ms)
✔ legacy narrative analysis is not silently accepted as structured intent (0.146ms)
✔ policy rejects missing enabled (0.2921ms)
✔ policy rejects enabled string (0.4607ms)
✔ policy rejects zero scale (0.6041ms)
✔ policy rejects negative scale (0.3348ms)
✔ policy rejects nonfinite canvas (0.3812ms)
✔ policy rejects unsupported placement (0.252ms)
✔ decoded dimensions must be positive safe integers and have no extra fields (1.7084ms)
✔ scale overflow fails instead of producing an invalid or substituted size (1.3952ms)
✔ valid contract is cloned without injecting defaults (2.7148ms)
✔ reject version with field path (0.6732ms)
✔ reject unknown Button type with field path (0.349ms)
✔ reject missing id with field path (0.36ms)
✔ reject empty id with field path (0.3087ms)
✔ reject duplicate id with field path (0.2524ms)
✔ reject missing layout with field path (0.2469ms)
✔ reject NaN coordinate with field path (0.2419ms)
✔ reject infinite coordinate with field path (0.2691ms)
✔ reject zero width with field path (0.3818ms)
✔ reject negative height with field path (0.2835ms)
✔ reject string size with field path (0.2878ms)
✔ reject enabled string with field path (0.2459ms)
✔ reject missing enabled with field path (0.2597ms)
✔ reject missing visual with field path (0.2895ms)
✔ reject unknown visual type with field path (0.2558ms)
✔ reject missing source with field path (0.2279ms)
✔ reject empty source with field path (0.304ms)
✔ reject unsupported source scheme with field path (0.2382ms)
✔ reject unsupported label with field path (0.2ms)
✔ reject unsupported icon with field path (0.4812ms)
✔ reject unsupported animation with field path (0.4215ms)
✔ reject unknown props with field path (0.3267ms)
✔ reject non-object inputs (0.1385ms)
✔ allow negative position and non-empty HTTP reference; resource loading is separate (0.3497ms)
✔ motion CLI capabilities, compile, compose, validate and sample run offline from another directory (1383.0919ms)
✔ Image: all five whole-node recipes compile, sample and preserve UI (19.5541ms)
✔ Text: all five whole-node recipes compile, sample and preserve UI (9.4898ms)
✔ Container: all five whole-node recipes compile, sample and preserve UI (8.3718ms)
✔ Button: all five whole-node recipes compile, sample and preserve UI (5.8821ms)
✔ Switch: all five whole-node recipes compile, sample and preserve UI (6.0352ms)
✔ CheckBox: all five whole-node recipes compile, sample and preserve UI (5.9153ms)
✔ RadioGroup: all five whole-node recipes compile, sample and preserve UI (7.2251ms)
✔ Input: all five whole-node recipes compile, sample and preserve UI (6.9936ms)
✔ Select: all five whole-node recipes compile, sample and preserve UI (7.051ms)
✔ ProgressBar: all five whole-node recipes compile, sample and preserve UI (6.5647ms)
✔ Slider: all five whole-node recipes compile, sample and preserve UI (6.744ms)
✔ ScrollView: all five whole-node recipes compile, sample and preserve UI (7.4929ms)
✔ List: all five whole-node recipes compile, sample and preserve UI (7.885ms)
✔ Panel: all five whole-node recipes compile, sample and preserve UI (6.6507ms)
✔ Dialog: all five whole-node recipes compile, sample and preserve UI (7.3628ms)
✔ Tabs: all five whole-node recipes compile, sample and preserve UI (9.9596ms)
✔ capability registry covers 16 types and exposes only implemented trigger pairs (183.2704ms)
✔ pulse keeps layout center through easing, including subpixel and expanded samples (6.7909ms)
✔ recipes reject unsupported params, nonfinite numbers, unsafe timelines and non-node identifiers (3.7762ms)
✔ playful: motion system and timeline round trip together without losing bindings or bytes (23.3983ms)
✔ premium: motion system and timeline round trip together without losing bindings or bytes (9.6929ms)
✔ corporate: motion system and timeline round trip together without losing bindings or bytes (9.5099ms)
✔ bundle rejects downgraded, missing, unsupported and stale system declarations (10.8129ms)
✔ motion system CLI catalog, compilation, validation, pack and unpack are executable offline (1219.7105ms)
✔ unpack refuses a case-variant system metadata resource before writing any payload (88.5309ms)
✔ playful Image compiles every registered action (9.0557ms)
✔ playful Text compiles every registered action (2.6095ms)
✔ playful Container compiles every registered action (2.0761ms)
✔ playful Button compiles every registered action (2.7702ms)
✔ playful Switch compiles every registered action (2.7557ms)
✔ playful CheckBox compiles every registered action (2.3835ms)
✔ playful RadioGroup compiles every registered action (2.0896ms)
✔ playful Input compiles every registered action (2.9448ms)
✔ playful Select compiles every registered action (1.6748ms)
✔ playful ProgressBar compiles every registered action (1.8836ms)
✔ playful Slider compiles every registered action (1.4085ms)
✔ playful ScrollView compiles every registered action (1.5723ms)
✔ playful List compiles every registered action (1.397ms)
✔ playful Panel compiles every registered action (1.3987ms)
✔ playful Dialog compiles every registered action (1.7774ms)
✔ playful Tabs compiles every registered action (2.0867ms)
✔ premium Image compiles every registered action (1.9308ms)
✔ premium Text compiles every registered action (1.2963ms)
✔ premium Container compiles every registered action (1.2629ms)
✔ premium Button compiles every registered action (1.4375ms)
✔ premium Switch compiles every registered action (1.4552ms)
✔ premium CheckBox compiles every registered action (1.2549ms)
✔ premium RadioGroup compiles every registered action (1.4651ms)
✔ premium Input compiles every registered action (1.2038ms)
✔ premium Select compiles every registered action (0.9571ms)
✔ premium ProgressBar compiles every registered action (1.141ms)
✔ premium Slider compiles every registered action (1.3064ms)
✔ premium ScrollView compiles every registered action (1.0447ms)
✔ premium List compiles every registered action (0.982ms)
✔ premium Panel compiles every registered action (1.5453ms)
✔ premium Dialog compiles every registered action (1.3196ms)
✔ premium Tabs compiles every registered action (1.2869ms)
✔ corporate Image compiles every registered action (1.4714ms)
✔ corporate Text compiles every registered action (1.1446ms)
✔ corporate Container compiles every registered action (1.1297ms)
✔ corporate Button compiles every registered action (2.0244ms)
✔ corporate Switch compiles every registered action (1.4433ms)
✔ corporate CheckBox compiles every registered action (1.7512ms)
✔ corporate RadioGroup compiles every registered action (1.8878ms)
✔ corporate Input compiles every registered action (1.1232ms)
✔ corporate Select compiles every registered action (1.2126ms)
✔ corporate ProgressBar compiles every registered action (1.4576ms)
✔ corporate Slider compiles every registered action (1.2403ms)
✔ corporate ScrollView compiles every registered action (1.2517ms)
✔ corporate List compiles every registered action (1.0551ms)
✔ corporate Panel compiles every registered action (1.677ms)
✔ corporate Dialog compiles every registered action (1.3339ms)
✔ corporate Tabs compiles every registered action (1.5243ms)
✔ style profiles preserve supplied button facts and catalog data is caller-isolated (1.3157ms)
✔ motion-system documents reject extra fields, bad IDs, counts, types, actions, and duplicates (14.2272ms)
✔ one shared frame drives concurrent channels and retains exact endpoints (1.2122ms)
✔ retarget starts from caller presentation and stale cancelled frames cannot apply (0.1711ms)
✔ cancellation and destruction tear down frames without resetting other channels (0.2734ms)
✔ scheduler rejects unsafe arguments without changing a running channel (0.3301ms)
✔ apply and completion failures clean their channels and report errors (0.4267ms)
✔ reentrant apply and completion retain the newest generation without duplicate frames (0.2483ms)
✔ motion validation rejects unsupported versions, targets, values, timeline overlap, triggers, and scope leakage (4.5285ms)
✔ motion is separate from the UI document and event triggers are capability-checked (1.2129ms)
✔ explicit local clips compile into one pure canvas motion without inherited timing or triggers (1.15ms)
✔ canvas clip composition rejects missing placement, invalid local targets, overflow, and resultant overlaps (1.371ms)
✔ sampling is pure and preserves sequential values while x/y remain runtime offsets (0.6212ms)
✔ injected clock makes play, seek, stop, replay, and destroy deterministic (0.7737ms)
✔ apply and update callback failures cancel frames and clear temporary transforms (0.56ms)
✔ accepts unchanged portable local and explicit HTTP(S) references (2.8028ms)
✔ rejects path traversal (0.3979ms)
✔ rejects middle traversal (0.0736ms)
✔ rejects absolute Unix path (0.059ms)
✔ rejects absolute Windows path (0.0518ms)
✔ rejects backslash (0.0623ms)
✔ rejects encoded separator (0.0619ms)
✔ rejects encoded traversal (0.0952ms)
✔ rejects query in local path (0.1892ms)
✔ rejects fragment in local path (0.1574ms)
✔ rejects Windows reserved path (0.097ms)
✔ rejects Windows reserved path with spacing (0.0929ms)
✔ rejects Windows trailing dot (0.0787ms)
✔ rejects Windows alternate data stream (0.06ms)
✔ rejects Windows forbidden angle bracket (0.0682ms)
✔ rejects unsupported protocol (0.0663ms)
✔ rejects credentialed URL (0.0916ms)
✔ rejects protocol relative URL (0.0607ms)
✔ legacy contract and intent use the shared resource validation (1.3481ms)
✔ slider values stay in the inclusive range and on its step lattice (0.95ms)
✔ scroll ranges use content minus viewport and reject invalid dimensions (0.3897ms)
✔ step alignment validates a program value without coercing it (0.1773ms)
✔ click produces normal → hover → pressed → hover and one activate (0.91ms)
✔ outside release clears press and does not activate (0.1048ms)
✔ cancel prevents later inside release (0.114ms)
✔ disable before press blocks activate (0.0862ms)
✔ disable while pressed invalidates operation even if enabled before up (0.0966ms)
✔ secondary pointer cannot finish or cancel primary operation (0.107ms)
✔ right click and release without press never activate (0.1017ms)
✔ blur, hidden, Escape and scale cancellation discard press (0.1513ms)
✔ destroy is idempotent, clears subscriptions and rejects mutation (0.5265ms)
✔ destroy cleans every subscription even when a destroy callback throws (0.9709ms)
✔ unsubscribe stops delivery (0.1042ms)
✔ subscriber disable at release prevents activation (0.0949ms)
✔ tree compiler is deterministic, preserves inputs, and returns all explicit layouts (7.1918ms)
✔ intent forbids layout, Unresolved, Custom, missing composites, and source path guesses (2.0351ms)
✔ policy requires provenance and exactly one finite layout for each renderable node (1.1048ms)
✔ image facts are source-keyed actual decode facts and regions are checked against their bounds (1.436ms)
✔ v0.2 validates every renderable node branch, optional image region, font source, and composite children (5.385ms)
✔ strict document failures report paths without repairing caller data (6.4817ms)
✔ cycle and tree-depth guards reject non-tree input before cloning (0.5982ms)
✔ workflow browser URL rejects remote origins, credentials, and ambiguous local names (0.8026ms)
✔ workflow check validation rejects stale bindings and unspecified outcomes before launching a browser (0.5617ms)
✔ manifest resources cannot escape their directory, use links, or exceed byte caps (11.6434ms)
✔ unified CLI stops before browser on invalid contracts, records failure, and refuses rerun output (286.0883ms)
✔ intent source compiles a complete v0.2 document and binds every node for all targets (4.8699ms)
✔ document input supports an explicit target subset (1.1949ms)
✔ an authored timeline is independently validated and can coexist with a motion system (1.4651ms)
✔ strict requests reject legacy sources, unknown fields, malformed input, missing styles, and stale targets (2.0156ms)
✔ workflow compilation and returned values are isolated from caller-owned input (1.5985ms)
ℹ tests 207
ℹ suites 0
ℹ pass 207
ℹ fail 0
ℹ cancelled 0
ℹ skipped 0
ℹ todo 0
ℹ duration_ms 1759.5113
