
> ai-ui-component-harness@0.2.0 test
> node --test tests/*.test.ts

✔ analysis ledger binds a source, derives NOT_RUN, and records an explicit unresolved retry (4.4372ms)
✔ recording is source-bound, immutable, and never creates renderable UI input (2.242ms)
✔ Composite and Custom-required are explicit, validated terminal classifications (0.8202ms)
✔ strict records reject unknown result fields, fake statuses, unsupported types, and invalid budgets (1.0108ms)
✔ persisted ledgers reject budget bypasses and reanalysis after terminal states (0.9335ms)
✔ v0.1 bundle embeds verified bytes and materializes fresh bytes after validation (15.3736ms)
✔ verified bundles are immutable and reject oversized Base64 before decoding (7.1386ms)
✔ rejects aggregate Base64 bytes before decoding resources beyond the total limit (659.211ms)
✔ requires every local document source and does not package network or blob references (1.2126ms)
✔ rejects unsafe resource paths, duplicate IDs and checksum tampering (4.5847ms)
✔ rejects paths that collide on case-insensitive extraction targets (5.2681ms)
✔ supports v0.2 documents and validates optional motion against that document (10.09ms)
✔ self-test and doctor are offline and do not disclose a working path (440.5226ms)
✔ compile reads supplied PNG dimensions without claiming vision (186.1352ms)
✔ pack and unpack round trip verified bytes and refuse an existing target (398.2807ms)
✔ inspect redacts query and fragment text from external references (100.4725ms)
✔ compile actual button matches accepted contract and does not duplicate baked text (6.0515ms)
✔ deterministic output; no input mutation or shared output references (1.0256ms)
✔ same compiler accepts another image and explicit scale/enabled without hand-written layout (0.9055ms)
✔ large image preserves explicit scale; no silent auto-fit (1.0111ms)
✔ intent rejects unknown version (1.2019ms)
✔ intent rejects unresolved (0.4898ms)
✔ intent rejects unsupported type (0.5604ms)
✔ intent rejects missing id (0.9266ms)
✔ intent rejects missing source (0.6094ms)
✔ intent rejects empty source (0.6562ms)
✔ intent rejects unsafe source scheme (0.8249ms)
✔ intent rejects layer mode (0.5675ms)
✔ intent rejects independent label (0.4382ms)
✔ intent rejects unknown baked text (0.4165ms)
✔ intent rejects none with non-empty text (0.3955ms)
✔ intent rejects guessed width (0.6598ms)
✔ intent rejects inferred business event (0.9034ms)
✔ intent rejects inferred enabled (0.475ms)
✔ legacy narrative analysis is not silently accepted as structured intent (0.1623ms)
✔ policy rejects missing enabled (0.342ms)
✔ policy rejects enabled string (0.6009ms)
✔ policy rejects zero scale (0.2625ms)
✔ policy rejects negative scale (0.6381ms)
✔ policy rejects nonfinite canvas (0.7089ms)
✔ policy rejects unsupported placement (0.7297ms)
✔ decoded dimensions must be positive safe integers and have no extra fields (3.9568ms)
✔ scale overflow fails instead of producing an invalid or substituted size (2.2804ms)
✔ valid contract is cloned without injecting defaults (4.2513ms)
✔ reject version with field path (0.9951ms)
✔ reject unknown Button type with field path (0.4377ms)
✔ reject missing id with field path (3.1548ms)
✔ reject empty id with field path (1.6704ms)
✔ reject duplicate id with field path (1.998ms)
✔ reject missing layout with field path (2.1877ms)
✔ reject NaN coordinate with field path (1.1776ms)
✔ reject infinite coordinate with field path (1.3465ms)
✔ reject zero width with field path (1.1275ms)
✔ reject negative height with field path (0.6793ms)
✔ reject string size with field path (0.2905ms)
✔ reject enabled string with field path (0.2781ms)
✔ reject missing enabled with field path (0.2913ms)
✔ reject missing visual with field path (0.2617ms)
✔ reject unknown visual type with field path (0.3042ms)
✔ reject missing source with field path (0.2933ms)
✔ reject empty source with field path (0.4139ms)
✔ reject unsupported source scheme with field path (0.3306ms)
✔ reject unsupported label with field path (0.3411ms)
✔ reject unsupported icon with field path (0.2727ms)
✔ reject unsupported animation with field path (0.2583ms)
✔ reject unknown props with field path (0.4072ms)
✔ reject non-object inputs (0.2362ms)
✔ allow negative position and non-empty HTTP reference; resource loading is separate (0.5336ms)
✔ motion CLI capabilities, compile, compose, validate and sample run offline from another directory (1620.6657ms)
✔ Image: all five whole-node recipes compile, sample and preserve UI (26.384ms)
✔ Text: all five whole-node recipes compile, sample and preserve UI (15.7168ms)
✔ Container: all five whole-node recipes compile, sample and preserve UI (8.1923ms)
✔ Button: all five whole-node recipes compile, sample and preserve UI (7.4125ms)
✔ Switch: all five whole-node recipes compile, sample and preserve UI (9.5454ms)
✔ CheckBox: all five whole-node recipes compile, sample and preserve UI (6.9241ms)
✔ RadioGroup: all five whole-node recipes compile, sample and preserve UI (8.6552ms)
✔ Input: all five whole-node recipes compile, sample and preserve UI (7.7049ms)
✔ Select: all five whole-node recipes compile, sample and preserve UI (8.7975ms)
✔ ProgressBar: all five whole-node recipes compile, sample and preserve UI (12.5306ms)
✔ Slider: all five whole-node recipes compile, sample and preserve UI (7.1427ms)
✔ ScrollView: all five whole-node recipes compile, sample and preserve UI (10.0653ms)
✔ List: all five whole-node recipes compile, sample and preserve UI (7.8669ms)
✔ Panel: all five whole-node recipes compile, sample and preserve UI (23.8139ms)
✔ Dialog: all five whole-node recipes compile, sample and preserve UI (10.3889ms)
✔ Tabs: all five whole-node recipes compile, sample and preserve UI (6.7549ms)
✔ capability registry covers 16 types and exposes only implemented trigger pairs (240.3817ms)
✔ pulse keeps layout center through easing, including subpixel and expanded samples (15.4092ms)
✔ recipes reject unsupported params, nonfinite numbers, unsafe timelines and non-node identifiers (6.8034ms)
✔ playful: motion system and timeline round trip together without losing bindings or bytes (39.824ms)
✔ premium: motion system and timeline round trip together without losing bindings or bytes (11.1671ms)
✔ corporate: motion system and timeline round trip together without losing bindings or bytes (10.3773ms)
✔ bundle rejects downgraded, missing, unsupported and stale system declarations (26.3674ms)
✔ motion system CLI catalog, compilation, validation, pack and unpack are executable offline (1357.2348ms)
✔ unpack refuses a case-variant system metadata resource before writing any payload (87.1141ms)
✔ playful Image compiles every registered action (10.371ms)
✔ playful Text compiles every registered action (2.8215ms)
✔ playful Container compiles every registered action (2.544ms)
✔ playful Button compiles every registered action (2.8216ms)
✔ playful Switch compiles every registered action (2.2391ms)
✔ playful CheckBox compiles every registered action (8.6394ms)
✔ playful RadioGroup compiles every registered action (2.7505ms)
✔ playful Input compiles every registered action (1.9674ms)
✔ playful Select compiles every registered action (2.8782ms)
✔ playful ProgressBar compiles every registered action (2.0214ms)
✔ playful Slider compiles every registered action (1.3454ms)
✔ playful ScrollView compiles every registered action (1.686ms)
✔ playful List compiles every registered action (1.709ms)
✔ playful Panel compiles every registered action (1.6933ms)
✔ playful Dialog compiles every registered action (2.2526ms)
✔ playful Tabs compiles every registered action (2.0116ms)
✔ premium Image compiles every registered action (1.8589ms)
✔ premium Text compiles every registered action (1.3325ms)
✔ premium Container compiles every registered action (1.5983ms)
✔ premium Button compiles every registered action (1.8846ms)
✔ premium Switch compiles every registered action (1.3721ms)
✔ premium CheckBox compiles every registered action (1.3316ms)
✔ premium RadioGroup compiles every registered action (1.4626ms)
✔ premium Input compiles every registered action (1.4102ms)
✔ premium Select compiles every registered action (9.9916ms)
✔ premium ProgressBar compiles every registered action (15.1221ms)
✔ premium Slider compiles every registered action (4.3673ms)
✔ premium ScrollView compiles every registered action (1.8905ms)
✔ premium List compiles every registered action (1.9269ms)
✔ premium Panel compiles every registered action (1.4498ms)
✔ premium Dialog compiles every registered action (1.0483ms)
✔ premium Tabs compiles every registered action (1.2595ms)
✔ corporate Image compiles every registered action (3.9144ms)
✔ corporate Text compiles every registered action (1.683ms)
✔ corporate Container compiles every registered action (1.3021ms)
✔ corporate Button compiles every registered action (2.0425ms)
✔ corporate Switch compiles every registered action (2.1399ms)
✔ corporate CheckBox compiles every registered action (1.2843ms)
✔ corporate RadioGroup compiles every registered action (1.4082ms)
✔ corporate Input compiles every registered action (1.6095ms)
✔ corporate Select compiles every registered action (1.3196ms)
✔ corporate ProgressBar compiles every registered action (1.3023ms)
✔ corporate Slider compiles every registered action (1.5811ms)
✔ corporate ScrollView compiles every registered action (1.2299ms)
✔ corporate List compiles every registered action (1.4682ms)
✔ corporate Panel compiles every registered action (9.4772ms)
✔ corporate Dialog compiles every registered action (4.4517ms)
✔ corporate Tabs compiles every registered action (2.185ms)
✔ style profiles preserve supplied button facts and catalog data is caller-isolated (1.2444ms)
✔ motion-system documents reject extra fields, bad IDs, counts, types, actions, and duplicates (18.056ms)
✔ one shared frame drives concurrent channels and retains exact endpoints (1.1981ms)
✔ retarget starts from caller presentation and stale cancelled frames cannot apply (0.2918ms)
✔ cancellation and destruction tear down frames without resetting other channels (0.3941ms)
✔ scheduler rejects unsafe arguments without changing a running channel (0.4378ms)
✔ apply and completion failures clean their channels and report errors (0.4683ms)
✔ reentrant apply and completion retain the newest generation without duplicate frames (0.2619ms)
✔ motion validation rejects unsupported versions, targets, values, timeline overlap, triggers, and scope leakage (5.9045ms)
✔ motion is separate from the UI document and event triggers are capability-checked (1.7084ms)
✔ explicit local clips compile into one pure canvas motion without inherited timing or triggers (1.4706ms)
✔ canvas clip composition rejects missing placement, invalid local targets, overflow, and resultant overlaps (1.8876ms)
✔ sampling is pure and preserves sequential values while x/y remain runtime offsets (0.7691ms)
✔ injected clock makes play, seek, stop, replay, and destroy deterministic (1.6692ms)
✔ apply and update callback failures cancel frames and clear temporary transforms (0.9997ms)
✔ accepts unchanged portable local and explicit HTTP(S) references (6.76ms)
✔ rejects path traversal (0.6042ms)
✔ rejects middle traversal (0.13ms)
✔ rejects absolute Unix path (0.0922ms)
✔ rejects absolute Windows path (0.0974ms)
✔ rejects backslash (0.1114ms)
✔ rejects encoded separator (0.0994ms)
✔ rejects encoded traversal (0.0838ms)
✔ rejects query in local path (0.1001ms)
✔ rejects fragment in local path (0.203ms)
✔ rejects Windows reserved path (0.152ms)
✔ rejects Windows reserved path with spacing (0.1225ms)
✔ rejects Windows trailing dot (0.119ms)
✔ rejects Windows alternate data stream (0.0936ms)
✔ rejects Windows forbidden angle bracket (0.0956ms)
✔ rejects unsupported protocol (0.1173ms)
✔ rejects credentialed URL (0.1151ms)
✔ rejects protocol relative URL (0.1529ms)
✔ legacy contract and intent use the shared resource validation (1.2265ms)
✔ slider values stay in the inclusive range and on its step lattice (0.7682ms)
✔ scroll ranges use content minus viewport and reject invalid dimensions (0.4487ms)
✔ step alignment validates a program value without coercing it (0.1742ms)
✔ click produces normal → hover → pressed → hover and one activate (1.4895ms)
✔ outside release clears press and does not activate (0.263ms)
✔ cancel prevents later inside release (0.2049ms)
✔ disable before press blocks activate (0.1748ms)
✔ disable while pressed invalidates operation even if enabled before up (4.6385ms)
✔ secondary pointer cannot finish or cancel primary operation (0.2465ms)
✔ right click and release without press never activate (0.1768ms)
✔ blur, hidden, Escape and scale cancellation discard press (0.335ms)
✔ destroy is idempotent, clears subscriptions and rejects mutation (0.7905ms)
✔ destroy cleans every subscription even when a destroy callback throws (2.4813ms)
✔ unsubscribe stops delivery (0.1973ms)
✔ subscriber disable at release prevents activation (0.3104ms)
✔ adapter persists immutable full arguments before one vision submission and accepts a bounded SSE task result (2074.1584ms)
✔ adapter never resubmits after an indeterminate task poll and writes a private terminal receipt (1024.5556ms)
✔ adapter returns an exact Unresolved envelope instead of inventing a renderable fallback (1024.5172ms)
✔ adapter refuses over-limit images before contact and makes unresolved output explicit without a fallback (7.7504ms)
✔ semantic boundary compiles all sixteen types from explicit model-shaped fixtures (10.0412ms)
✔ uncertain and unsupported semantic results cannot acquire a render document (1.0274ms)
✔ semantic results reject stale source digests, invented resources and missing layout (11.6948ms)
✔ tree compiler is deterministic, preserves inputs, and returns all explicit layouts (9.9657ms)
✔ intent forbids layout, Unresolved, Custom, missing composites, and source path guesses (1.851ms)
✔ policy requires provenance and exactly one finite layout for each renderable node (1.2186ms)
✔ image facts are source-keyed actual decode facts and regions are checked against their bounds (1.5932ms)
✔ v0.2 validates every renderable node branch, optional image region, font source, and composite children (5.8125ms)
✔ strict document failures report paths without repairing caller data (9.9331ms)
✔ cycle and tree-depth guards reject non-tree input before cloning (1.073ms)
✔ status does not disclose configuration and an absent adapter never receives a request (54.0927ms)
✔ an unavailable configured adapter returns a stable 503 without exposing its module path (17.2034ms)
✔ the handler verifies raster bytes and source identity before invoking a configured adapter (15.8099ms)
✔ the handler permits only same-origin loopback requests and caps declared request size (9.1208ms)
✔ one in-flight analysis is allowed, while provider failures and oversized opaque results stay redacted (11.3209ms)
✔ direct validation rejects unsafe paths and does not accept image MIME claims without matching bytes (4.2953ms)
✔ a timeout aborts the one provider call without an automatic retry (22.0807ms)
✔ a disconnected browser aborts the adapter signal without leaking a provider failure response (44.4085ms)
✔ workflow browser URL rejects remote origins, credentials, and ambiguous local names (0.8642ms)
✔ workflow check validation rejects stale bindings and unspecified outcomes before launching a browser (1.0457ms)
✔ manifest resources cannot escape their directory, use links, or exceed byte caps (15.8838ms)
✔ unified CLI stops before browser on invalid contracts, records failure, and refuses rerun output (303.8703ms)
✔ intent source compiles a complete v0.2 document and binds every node for all targets (4.9002ms)
✔ document input supports an explicit target subset (0.7544ms)
✔ an authored timeline is independently validated and can coexist with a motion system (1.6953ms)
✔ strict requests reject legacy sources, unknown fields, malformed input, missing styles, and stale targets (2.3599ms)
✔ workflow compilation and returned values are isolated from caller-owned input (1.5697ms)
ℹ tests 222
ℹ suites 0
ℹ pass 222
ℹ fail 0
ℹ cancelled 0
ℹ skipped 0
ℹ todo 0
ℹ duration_ms 4915.2673
