
> ai-ui-component-harness@0.2.0 test
> node --test tests/*.test.ts

✔ analysis ledger binds a source, derives NOT_RUN, and records an explicit unresolved retry (2.9577ms)
✔ recording is source-bound, immutable, and never creates renderable UI input (1.5821ms)
✔ Composite and Custom-required are explicit, validated terminal classifications (0.5205ms)
✔ strict records reject unknown result fields, fake statuses, unsupported types, and invalid budgets (0.4318ms)
✔ persisted ledgers reject budget bypasses and reanalysis after terminal states (0.3807ms)
✔ v0.1 bundle embeds verified bytes and materializes fresh bytes after validation (11.0888ms)
✔ verified bundles are immutable and reject oversized Base64 before decoding (6.5813ms)
✔ rejects aggregate Base64 bytes before decoding resources beyond the total limit (471.6229ms)
✔ requires every local document source and does not package network or blob references (1.7032ms)
✔ rejects unsafe resource paths, duplicate IDs and checksum tampering (2.6206ms)
✔ rejects paths that collide on case-insensitive extraction targets (1.1382ms)
✔ supports v0.2 documents and validates optional motion against that document (6.552ms)
✔ self-test and doctor are offline and do not disclose a working path (263.2266ms)
✔ compile reads supplied PNG dimensions without claiming vision (155.1714ms)
✔ pack and unpack round trip verified bytes and refuse an existing target (457.9912ms)
✔ inspect redacts query and fragment text from external references (109.9509ms)
✔ compile actual button matches accepted contract and does not duplicate baked text (2.7053ms)
✔ deterministic output; no input mutation or shared output references (0.6984ms)
✔ same compiler accepts another image and explicit scale/enabled without hand-written layout (0.6561ms)
✔ large image preserves explicit scale; no silent auto-fit (0.4085ms)
✔ intent rejects unknown version (0.7954ms)
✔ intent rejects unresolved (0.3194ms)
✔ intent rejects unsupported type (0.3233ms)
✔ intent rejects missing id (0.2729ms)
✔ intent rejects missing source (0.3674ms)
✔ intent rejects empty source (0.506ms)
✔ intent rejects unsafe source scheme (0.5551ms)
✔ intent rejects layer mode (0.3854ms)
✔ intent rejects independent label (0.318ms)
✔ intent rejects unknown baked text (0.3798ms)
✔ intent rejects none with non-empty text (0.5566ms)
✔ intent rejects guessed width (0.3274ms)
✔ intent rejects inferred business event (0.6384ms)
✔ intent rejects inferred enabled (0.5331ms)
✔ legacy narrative analysis is not silently accepted as structured intent (0.1127ms)
✔ policy rejects missing enabled (0.2293ms)
✔ policy rejects enabled string (0.1583ms)
✔ policy rejects zero scale (0.2338ms)
✔ policy rejects negative scale (0.2081ms)
✔ policy rejects nonfinite canvas (0.1547ms)
✔ policy rejects unsupported placement (0.1421ms)
✔ decoded dimensions must be positive safe integers and have no extra fields (1.2751ms)
✔ scale overflow fails instead of producing an invalid or substituted size (0.4427ms)
✔ valid contract is cloned without injecting defaults (3.509ms)
✔ reject version with field path (0.984ms)
✔ reject unknown Button type with field path (0.4422ms)
✔ reject missing id with field path (0.4405ms)
✔ reject empty id with field path (0.3384ms)
✔ reject duplicate id with field path (0.3135ms)
✔ reject missing layout with field path (0.3073ms)
✔ reject NaN coordinate with field path (0.29ms)
✔ reject infinite coordinate with field path (0.3417ms)
✔ reject zero width with field path (0.3997ms)
✔ reject negative height with field path (0.313ms)
✔ reject string size with field path (0.3001ms)
✔ reject enabled string with field path (0.2451ms)
✔ reject missing enabled with field path (0.2417ms)
✔ reject missing visual with field path (0.1801ms)
✔ reject unknown visual type with field path (0.1616ms)
✔ reject missing source with field path (0.1553ms)
✔ reject empty source with field path (0.3293ms)
✔ reject unsupported source scheme with field path (0.292ms)
✔ reject unsupported label with field path (0.236ms)
✔ reject unsupported icon with field path (0.2066ms)
✔ reject unsupported animation with field path (0.1994ms)
✔ reject unknown props with field path (0.1728ms)
✔ reject non-object inputs (0.1165ms)
✔ allow negative position and non-empty HTTP reference; resource loading is separate (0.2564ms)
✔ motion CLI capabilities, compile, compose, validate and sample run offline from another directory (1533.9756ms)
✔ Image: all five whole-node recipes compile, sample and preserve UI (12.1333ms)
✔ Text: all five whole-node recipes compile, sample and preserve UI (7.8819ms)
✔ Container: all five whole-node recipes compile, sample and preserve UI (8.6658ms)
✔ Button: all five whole-node recipes compile, sample and preserve UI (10.3279ms)
✔ Switch: all five whole-node recipes compile, sample and preserve UI (6.8325ms)
✔ CheckBox: all five whole-node recipes compile, sample and preserve UI (5.1489ms)
✔ RadioGroup: all five whole-node recipes compile, sample and preserve UI (6.511ms)
✔ Input: all five whole-node recipes compile, sample and preserve UI (5.918ms)
✔ Select: all five whole-node recipes compile, sample and preserve UI (7.9668ms)
✔ ProgressBar: all five whole-node recipes compile, sample and preserve UI (6.253ms)
✔ Slider: all five whole-node recipes compile, sample and preserve UI (6.1453ms)
✔ ScrollView: all five whole-node recipes compile, sample and preserve UI (6.7924ms)
✔ List: all five whole-node recipes compile, sample and preserve UI (6.6891ms)
✔ Panel: all five whole-node recipes compile, sample and preserve UI (8.969ms)
✔ Dialog: all five whole-node recipes compile, sample and preserve UI (8.0152ms)
✔ Tabs: all five whole-node recipes compile, sample and preserve UI (6.5713ms)
✔ capability registry covers 16 types and exposes only implemented trigger pairs (181.7526ms)
✔ pulse keeps layout center through easing, including subpixel and expanded samples (6.581ms)
✔ recipes reject unsupported params, nonfinite numbers, unsafe timelines and non-node identifiers (5.5982ms)
✔ playful: motion system and timeline round trip together without losing bindings or bytes (25.4795ms)
✔ premium: motion system and timeline round trip together without losing bindings or bytes (16.9688ms)
✔ corporate: motion system and timeline round trip together without losing bindings or bytes (8.8118ms)
✔ bundle rejects downgraded, missing, unsupported and stale system declarations (10.0617ms)
✔ motion system CLI catalog, compilation, validation, pack and unpack are executable offline (1352.2183ms)
✔ unpack refuses a case-variant system metadata resource before writing any payload (92.055ms)
✔ playful Image compiles every registered action (9.8061ms)
✔ playful Text compiles every registered action (2.7801ms)
✔ playful Container compiles every registered action (2.6105ms)
✔ playful Button compiles every registered action (1.9056ms)
✔ playful Switch compiles every registered action (1.6827ms)
✔ playful CheckBox compiles every registered action (2.4035ms)
✔ playful RadioGroup compiles every registered action (1.6099ms)
✔ playful Input compiles every registered action (3.555ms)
✔ playful Select compiles every registered action (1.942ms)
✔ playful ProgressBar compiles every registered action (2.1662ms)
✔ playful Slider compiles every registered action (1.2896ms)
✔ playful ScrollView compiles every registered action (1.4176ms)
✔ playful List compiles every registered action (1.1773ms)
✔ playful Panel compiles every registered action (1.4912ms)
✔ playful Dialog compiles every registered action (1.6198ms)
✔ playful Tabs compiles every registered action (1.1772ms)
✔ premium Image compiles every registered action (1.6719ms)
✔ premium Text compiles every registered action (1.5216ms)
✔ premium Container compiles every registered action (1.4479ms)
✔ premium Button compiles every registered action (1.1728ms)
✔ premium Switch compiles every registered action (1.4307ms)
✔ premium CheckBox compiles every registered action (1.4812ms)
✔ premium RadioGroup compiles every registered action (1.4361ms)
✔ premium Input compiles every registered action (1.8199ms)
✔ premium Select compiles every registered action (1.5664ms)
✔ premium ProgressBar compiles every registered action (1.4676ms)
✔ premium Slider compiles every registered action (1.5938ms)
✔ premium ScrollView compiles every registered action (1.2662ms)
✔ premium List compiles every registered action (1.2113ms)
✔ premium Panel compiles every registered action (1.676ms)
✔ premium Dialog compiles every registered action (1.6768ms)
✔ premium Tabs compiles every registered action (1.5766ms)
✔ corporate Image compiles every registered action (2.4724ms)
✔ corporate Text compiles every registered action (1.3602ms)
✔ corporate Container compiles every registered action (1.3053ms)
✔ corporate Button compiles every registered action (1.4566ms)
✔ corporate Switch compiles every registered action (1.0714ms)
✔ corporate CheckBox compiles every registered action (0.7757ms)
✔ corporate RadioGroup compiles every registered action (1.1642ms)
✔ corporate Input compiles every registered action (0.9979ms)
✔ corporate Select compiles every registered action (1.7647ms)
✔ corporate ProgressBar compiles every registered action (1.3828ms)
✔ corporate Slider compiles every registered action (1.6295ms)
✔ corporate ScrollView compiles every registered action (1.1286ms)
✔ corporate List compiles every registered action (1.4237ms)
✔ corporate Panel compiles every registered action (1.306ms)
✔ corporate Dialog compiles every registered action (1.2074ms)
✔ corporate Tabs compiles every registered action (1.2044ms)
✔ style profiles preserve supplied button facts and catalog data is caller-isolated (0.8375ms)
✔ motion-system documents reject extra fields, bad IDs, counts, types, actions, and duplicates (15.1052ms)
✔ one shared frame drives concurrent channels and retains exact endpoints (1.2186ms)
✔ retarget starts from caller presentation and stale cancelled frames cannot apply (0.2893ms)
✔ cancellation and destruction tear down frames without resetting other channels (0.4081ms)
✔ scheduler rejects unsafe arguments without changing a running channel (0.3107ms)
✔ apply and completion failures clean their channels and report errors (0.3516ms)
✔ reentrant apply and completion retain the newest generation without duplicate frames (0.2201ms)
✔ motion validation rejects unsupported versions, targets, values, timeline overlap, triggers, and scope leakage (5.9991ms)
✔ motion is separate from the UI document and event triggers are capability-checked (1.5365ms)
✔ explicit local clips compile into one pure canvas motion without inherited timing or triggers (1.4739ms)
✔ canvas clip composition rejects missing placement, invalid local targets, overflow, and resultant overlaps (1.3318ms)
✔ sampling is pure and preserves sequential values while x/y remain runtime offsets (0.765ms)
✔ injected clock makes play, seek, stop, replay, and destroy deterministic (1.0833ms)
✔ apply and update callback failures cancel frames and clear temporary transforms (0.7032ms)
✔ accepts unchanged portable local and explicit HTTP(S) references (3.9354ms)
✔ rejects path traversal (0.5433ms)
✔ rejects middle traversal (0.134ms)
✔ rejects absolute Unix path (0.1126ms)
✔ rejects absolute Windows path (0.1224ms)
✔ rejects backslash (0.1818ms)
✔ rejects encoded separator (0.0889ms)
✔ rejects encoded traversal (0.0491ms)
✔ rejects query in local path (0.0589ms)
✔ rejects fragment in local path (0.1011ms)
✔ rejects Windows reserved path (0.0637ms)
✔ rejects Windows reserved path with spacing (0.0541ms)
✔ rejects Windows trailing dot (0.0419ms)
✔ rejects Windows alternate data stream (0.0536ms)
✔ rejects Windows forbidden angle bracket (0.079ms)
✔ rejects unsupported protocol (0.0724ms)
✔ rejects credentialed URL (0.0787ms)
✔ rejects protocol relative URL (0.0638ms)
✔ legacy contract and intent use the shared resource validation (0.7701ms)
✔ slider values stay in the inclusive range and on its step lattice (1.1097ms)
✔ scroll ranges use content minus viewport and reject invalid dimensions (0.5225ms)
✔ step alignment validates a program value without coercing it (0.1828ms)
✔ click produces normal → hover → pressed → hover and one activate (1.4131ms)
✔ outside release clears press and does not activate (0.3681ms)
✔ cancel prevents later inside release (0.2167ms)
✔ disable before press blocks activate (0.1634ms)
✔ disable while pressed invalidates operation even if enabled before up (0.151ms)
✔ secondary pointer cannot finish or cancel primary operation (0.1151ms)
✔ right click and release without press never activate (0.119ms)
✔ blur, hidden, Escape and scale cancellation discard press (0.1721ms)
✔ destroy is idempotent, clears subscriptions and rejects mutation (0.7237ms)
✔ destroy cleans every subscription even when a destroy callback throws (0.5679ms)
✔ unsubscribe stops delivery (0.2108ms)
✔ subscriber disable at release prevents activation (0.165ms)
✔ adapter persists immutable full arguments before one vision submission and accepts a bounded SSE task result (3096.9026ms)
✔ adapter never resubmits after an indeterminate task poll and writes a private terminal receipt (3037.6732ms)
✔ adapter returns an exact Unresolved envelope instead of inventing a renderable fallback (1024.9566ms)
✔ adapter refuses over-limit images before contact and makes unresolved output explicit without a fallback (5.5017ms)
✔ one premature envelope close is removed with hashes and every field preserved (2.6502ms)
✔ valid JSON is untouched and other malformed or incomplete responses still fail (0.78ms)
✔ semantic boundary compiles all sixteen types from explicit model-shaped fixtures (10.4063ms)
✔ uncertain and unsupported semantic results cannot acquire a render document (1.1069ms)
✔ semantic results reject stale source digests, invented resources and missing layout (3.6211ms)
✔ a live-shaped root ID without a node object cannot publish a Ready document (0.5535ms)
✔ tree compiler is deterministic, preserves inputs, and returns all explicit layouts (6.9619ms)
✔ intent forbids layout, Unresolved, Custom, missing composites, and source path guesses (1.5504ms)
✔ policy requires provenance and exactly one finite layout for each renderable node (0.8387ms)
✔ image facts are source-keyed actual decode facts and regions are checked against their bounds (2.1898ms)
✔ v0.2 validates every renderable node branch, optional image region, font source, and composite children (7.3073ms)
✔ strict document failures report paths without repairing caller data (9.934ms)
✔ cycle and tree-depth guards reject non-tree input before cloning (1.0679ms)
✔ status does not disclose configuration and an absent adapter never receives a request (77.3621ms)
✔ an unavailable configured adapter returns a stable 503 without exposing its module path (27.5023ms)
✔ the handler verifies raster bytes and source identity before invoking a configured adapter (18.2033ms)
✔ the handler permits only same-origin loopback requests and caps declared request size (10.6789ms)
✔ one in-flight analysis is allowed, while provider failures and oversized opaque results stay redacted (13.0743ms)
✔ direct validation rejects unsafe paths and does not accept image MIME claims without matching bytes (6.0486ms)
✔ a timeout aborts the one provider call without an automatic retry (35.7486ms)
✔ a disconnected browser aborts the adapter signal without leaking a provider failure response (44.8272ms)
✔ workflow browser URL rejects remote origins, credentials, and ambiguous local names (1.0547ms)
✔ workflow check validation rejects stale bindings and unspecified outcomes before launching a browser (0.9247ms)
✔ manifest resources cannot escape their directory, use links, or exceed byte caps (26.9879ms)
✔ unified CLI stops before browser on invalid contracts, records failure, and refuses rerun output (304.5098ms)
✔ intent source compiles a complete v0.2 document and binds every node for all targets (6.1966ms)
✔ document input supports an explicit target subset (1.4456ms)
✔ an authored timeline is independently validated and can coexist with a motion system (1.9886ms)
✔ strict requests reject legacy sources, unknown fields, malformed input, missing styles, and stale targets (2.4571ms)
✔ workflow compilation and returned values are isolated from caller-owned input (1.5971ms)
ℹ tests 225
ℹ suites 0
ℹ pass 225
ℹ fail 0
ℹ cancelled 0
ℹ skipped 0
ℹ todo 0
ℹ duration_ms 7797.7133
