
> ai-ui-component-harness@0.2.0 test
> node --test tests/*.test.ts

✔ analysis ledger binds a source, derives NOT_RUN, and records an explicit unresolved retry (2.239ms)
✔ recording is source-bound, immutable, and never creates renderable UI input (1.2643ms)
✔ Composite and Custom-required are explicit, validated terminal classifications (0.7442ms)
✔ strict records reject unknown result fields, fake statuses, unsupported types, and invalid budgets (0.3669ms)
✔ persisted ledgers reject budget bypasses and reanalysis after terminal states (0.3642ms)
✔ v0.1 bundle embeds verified bytes and materializes fresh bytes after validation (11.8145ms)
✔ verified bundles are immutable and reject oversized Base64 before decoding (6.6206ms)
✔ rejects aggregate Base64 bytes before decoding resources beyond the total limit (540.6073ms)
✔ requires every local document source and does not package network or blob references (1.6147ms)
✔ rejects unsafe resource paths, duplicate IDs and checksum tampering (3.0078ms)
✔ rejects paths that collide on case-insensitive extraction targets (1.5774ms)
✔ supports v0.2 documents and validates optional motion against that document (11.2117ms)
✔ self-test and doctor are offline and do not disclose a working path (257.7329ms)
✔ compile reads supplied PNG dimensions without claiming vision (149.1002ms)
✔ pack and unpack round trip verified bytes and refuse an existing target (426.96ms)
✔ inspect redacts query and fragment text from external references (107.9611ms)
✔ compile actual button matches accepted contract and does not duplicate baked text (3.2343ms)
✔ deterministic output; no input mutation or shared output references (0.7777ms)
✔ same compiler accepts another image and explicit scale/enabled without hand-written layout (0.5662ms)
✔ large image preserves explicit scale; no silent auto-fit (0.5783ms)
✔ intent rejects unknown version (0.8347ms)
✔ intent rejects unresolved (0.4021ms)
✔ intent rejects unsupported type (0.3801ms)
✔ intent rejects missing id (0.3421ms)
✔ intent rejects missing source (0.3176ms)
✔ intent rejects empty source (0.5044ms)
✔ intent rejects unsafe source scheme (0.3139ms)
✔ intent rejects layer mode (0.3673ms)
✔ intent rejects independent label (0.4399ms)
✔ intent rejects unknown baked text (0.962ms)
✔ intent rejects none with non-empty text (0.8498ms)
✔ intent rejects guessed width (0.7412ms)
✔ intent rejects inferred business event (0.8548ms)
✔ intent rejects inferred enabled (0.8399ms)
✔ legacy narrative analysis is not silently accepted as structured intent (0.2323ms)
✔ policy rejects missing enabled (0.3963ms)
✔ policy rejects enabled string (0.2822ms)
✔ policy rejects zero scale (0.2898ms)
✔ policy rejects negative scale (0.3407ms)
✔ policy rejects nonfinite canvas (0.269ms)
✔ policy rejects unsupported placement (0.3865ms)
✔ decoded dimensions must be positive safe integers and have no extra fields (1.9534ms)
✔ scale overflow fails instead of producing an invalid or substituted size (0.6605ms)
✔ valid contract is cloned without injecting defaults (3.4571ms)
✔ reject version with field path (0.9985ms)
✔ reject unknown Button type with field path (0.3756ms)
✔ reject missing id with field path (0.4168ms)
✔ reject empty id with field path (0.344ms)
✔ reject duplicate id with field path (0.2733ms)
✔ reject missing layout with field path (0.2712ms)
✔ reject NaN coordinate with field path (0.3255ms)
✔ reject infinite coordinate with field path (0.3446ms)
✔ reject zero width with field path (0.4065ms)
✔ reject negative height with field path (0.3472ms)
✔ reject string size with field path (0.3004ms)
✔ reject enabled string with field path (0.2773ms)
✔ reject missing enabled with field path (0.2632ms)
✔ reject missing visual with field path (0.2639ms)
✔ reject unknown visual type with field path (0.2446ms)
✔ reject missing source with field path (0.312ms)
✔ reject empty source with field path (0.3522ms)
✔ reject unsupported source scheme with field path (0.3179ms)
✔ reject unsupported label with field path (0.2712ms)
✔ reject unsupported icon with field path (0.2043ms)
✔ reject unsupported animation with field path (0.1849ms)
✔ reject unknown props with field path (0.1733ms)
✔ reject non-object inputs (0.1284ms)
✔ allow negative position and non-empty HTTP reference; resource loading is separate (0.3306ms)
✔ motion CLI capabilities, compile, compose, validate and sample run offline from another directory (1531.1452ms)
✔ Image: all five whole-node recipes compile, sample and preserve UI (15.0635ms)
✔ Text: all five whole-node recipes compile, sample and preserve UI (9.1969ms)
✔ Container: all five whole-node recipes compile, sample and preserve UI (9.3268ms)
✔ Button: all five whole-node recipes compile, sample and preserve UI (7.9228ms)
✔ Switch: all five whole-node recipes compile, sample and preserve UI (8.2982ms)
✔ CheckBox: all five whole-node recipes compile, sample and preserve UI (8.522ms)
✔ RadioGroup: all five whole-node recipes compile, sample and preserve UI (8.4084ms)
✔ Input: all five whole-node recipes compile, sample and preserve UI (7.063ms)
✔ Select: all five whole-node recipes compile, sample and preserve UI (7.2641ms)
✔ ProgressBar: all five whole-node recipes compile, sample and preserve UI (7.9463ms)
✔ Slider: all five whole-node recipes compile, sample and preserve UI (11.9257ms)
✔ ScrollView: all five whole-node recipes compile, sample and preserve UI (7.7071ms)
✔ List: all five whole-node recipes compile, sample and preserve UI (6.7077ms)
✔ Panel: all five whole-node recipes compile, sample and preserve UI (7.6423ms)
✔ Dialog: all five whole-node recipes compile, sample and preserve UI (7.6172ms)
✔ Tabs: all five whole-node recipes compile, sample and preserve UI (7.4434ms)
✔ capability registry covers 16 types and exposes only implemented trigger pairs (199.2635ms)
✔ pulse keeps layout center through easing, including subpixel and expanded samples (6.2063ms)
✔ recipes reject unsupported params, nonfinite numbers, unsafe timelines and non-node identifiers (5.3015ms)
✔ playful: motion system and timeline round trip together without losing bindings or bytes (29.9045ms)
✔ premium: motion system and timeline round trip together without losing bindings or bytes (10.398ms)
✔ corporate: motion system and timeline round trip together without losing bindings or bytes (13.3779ms)
✔ bundle rejects downgraded, missing, unsupported and stale system declarations (11.3611ms)
✔ motion system CLI catalog, compilation, validation, pack and unpack are executable offline (1337.2529ms)
✔ unpack refuses a case-variant system metadata resource before writing any payload (86.3204ms)
✔ playful Image compiles every registered action (9.3788ms)
✔ playful Text compiles every registered action (3.5684ms)
✔ playful Container compiles every registered action (2.3991ms)
✔ playful Button compiles every registered action (5.0077ms)
✔ playful Switch compiles every registered action (2.1534ms)
✔ playful CheckBox compiles every registered action (2.354ms)
✔ playful RadioGroup compiles every registered action (1.9354ms)
✔ playful Input compiles every registered action (3.1072ms)
✔ playful Select compiles every registered action (1.9232ms)
✔ playful ProgressBar compiles every registered action (3.1253ms)
✔ playful Slider compiles every registered action (1.6625ms)
✔ playful ScrollView compiles every registered action (1.7117ms)
✔ playful List compiles every registered action (1.2813ms)
✔ playful Panel compiles every registered action (1.4526ms)
✔ playful Dialog compiles every registered action (1.972ms)
✔ playful Tabs compiles every registered action (1.5369ms)
✔ premium Image compiles every registered action (1.6223ms)
✔ premium Text compiles every registered action (1.4414ms)
✔ premium Container compiles every registered action (1.416ms)
✔ premium Button compiles every registered action (1.5998ms)
✔ premium Switch compiles every registered action (1.194ms)
✔ premium CheckBox compiles every registered action (1.4985ms)
✔ premium RadioGroup compiles every registered action (2.008ms)
✔ premium Input compiles every registered action (1.7811ms)
✔ premium Select compiles every registered action (1.8964ms)
✔ premium ProgressBar compiles every registered action (1.9485ms)
✔ premium Slider compiles every registered action (1.8067ms)
✔ premium ScrollView compiles every registered action (1.364ms)
✔ premium List compiles every registered action (1.0904ms)
✔ premium Panel compiles every registered action (1.4097ms)
✔ premium Dialog compiles every registered action (1.1327ms)
✔ premium Tabs compiles every registered action (5.3772ms)
✔ corporate Image compiles every registered action (4.2067ms)
✔ corporate Text compiles every registered action (1.7625ms)
✔ corporate Container compiles every registered action (1.4251ms)
✔ corporate Button compiles every registered action (1.6158ms)
✔ corporate Switch compiles every registered action (1.2553ms)
✔ corporate CheckBox compiles every registered action (1.4348ms)
✔ corporate RadioGroup compiles every registered action (2.2679ms)
✔ corporate Input compiles every registered action (2.2708ms)
✔ corporate Select compiles every registered action (1.4592ms)
✔ corporate ProgressBar compiles every registered action (1.414ms)
✔ corporate Slider compiles every registered action (1.6017ms)
✔ corporate ScrollView compiles every registered action (1.5301ms)
✔ corporate List compiles every registered action (1.1583ms)
✔ corporate Panel compiles every registered action (4.7644ms)
✔ corporate Dialog compiles every registered action (1.1817ms)
✔ corporate Tabs compiles every registered action (1.1472ms)
✔ style profiles preserve supplied button facts and catalog data is caller-isolated (0.7354ms)
✔ motion-system documents reject extra fields, bad IDs, counts, types, actions, and duplicates (14.3533ms)
✔ one shared frame drives concurrent channels and retains exact endpoints (1.4592ms)
✔ retarget starts from caller presentation and stale cancelled frames cannot apply (0.3615ms)
✔ cancellation and destruction tear down frames without resetting other channels (0.388ms)
✔ scheduler rejects unsafe arguments without changing a running channel (0.3465ms)
✔ apply and completion failures clean their channels and report errors (0.4056ms)
✔ reentrant apply and completion retain the newest generation without duplicate frames (0.2328ms)
✔ motion validation rejects unsupported versions, targets, values, timeline overlap, triggers, and scope leakage (4.7328ms)
✔ motion is separate from the UI document and event triggers are capability-checked (1.1897ms)
✔ explicit local clips compile into one pure canvas motion without inherited timing or triggers (1.4764ms)
✔ canvas clip composition rejects missing placement, invalid local targets, overflow, and resultant overlaps (1.3071ms)
✔ sampling is pure and preserves sequential values while x/y remain runtime offsets (0.9131ms)
✔ injected clock makes play, seek, stop, replay, and destroy deterministic (1.0673ms)
✔ apply and update callback failures cancel frames and clear temporary transforms (0.7582ms)
✔ accepts unchanged portable local and explicit HTTP(S) references (5.6954ms)
✔ rejects path traversal (0.5472ms)
✔ rejects middle traversal (0.1256ms)
✔ rejects absolute Unix path (0.0795ms)
✔ rejects absolute Windows path (0.082ms)
✔ rejects backslash (0.0924ms)
✔ rejects encoded separator (0.096ms)
✔ rejects encoded traversal (0.07ms)
✔ rejects query in local path (0.0963ms)
✔ rejects fragment in local path (0.1574ms)
✔ rejects Windows reserved path (0.1005ms)
✔ rejects Windows reserved path with spacing (0.082ms)
✔ rejects Windows trailing dot (0.0666ms)
✔ rejects Windows alternate data stream (0.0877ms)
✔ rejects Windows forbidden angle bracket (0.0826ms)
✔ rejects unsupported protocol (0.0657ms)
✔ rejects credentialed URL (0.0754ms)
✔ rejects protocol relative URL (0.0692ms)
✔ legacy contract and intent use the shared resource validation (1.9548ms)
✔ slider values stay in the inclusive range and on its step lattice (1.7771ms)
✔ scroll ranges use content minus viewport and reject invalid dimensions (0.7402ms)
✔ step alignment validates a program value without coercing it (0.3022ms)
✔ click produces normal → hover → pressed → hover and one activate (1.2795ms)
✔ outside release clears press and does not activate (0.2342ms)
✔ cancel prevents later inside release (0.1771ms)
✔ disable before press blocks activate (0.1608ms)
✔ disable while pressed invalidates operation even if enabled before up (0.1582ms)
✔ secondary pointer cannot finish or cancel primary operation (0.1399ms)
✔ right click and release without press never activate (0.1314ms)
✔ blur, hidden, Escape and scale cancellation discard press (0.1923ms)
✔ destroy is idempotent, clears subscriptions and rejects mutation (0.5977ms)
✔ destroy cleans every subscription even when a destroy callback throws (1.0929ms)
✔ unsubscribe stops delivery (0.1435ms)
✔ subscriber disable at release prevents activation (0.1109ms)
✔ short submit/poll keeps one task through a transport retry, running receipt, and normalized Ready result (1067.7986ms)
✔ adapter never resubmits after an indeterminate task poll and writes a private terminal receipt (2028.7496ms)
✔ adapter returns an exact Unresolved envelope instead of inventing a renderable fallback (15.5156ms)
✔ submit restores a byte-for-byte matching completed raw result without a provider read (6.7657ms)
✔ submit resumes a matching pending submission whose persisted image payload exceeds one MiB (15.9036ms)
✔ adapter refuses over-limit images before contact and makes unresolved output explicit without a fallback (9.2432ms)
✔ one premature envelope close is removed with hashes and every field preserved (2.1388ms)
✔ valid JSON is untouched and other malformed or incomplete responses still fail (0.651ms)
✔ semantic boundary compiles all sixteen types from explicit model-shaped fixtures (9.5202ms)
✔ uncertain and unsupported semantic results cannot acquire a render document (1.5204ms)
✔ semantic results reject stale source digests, invented resources and missing layout (3.4158ms)
✔ a live-shaped root ID without a node object cannot publish a Ready document (0.6106ms)
✔ tree compiler is deterministic, preserves inputs, and returns all explicit layouts (8.8428ms)
✔ intent forbids layout, Unresolved, Custom, missing composites, and source path guesses (1.8081ms)
✔ policy requires provenance and exactly one finite layout for each renderable node (0.9024ms)
✔ image facts are source-keyed actual decode facts and regions are checked against their bounds (1.1346ms)
✔ v0.2 validates every renderable node branch, optional image region, font source, and composite children (4.738ms)
✔ strict document failures report paths without repairing caller data (6.3817ms)
✔ cycle and tree-depth guards reject non-tree input before cloning (0.6787ms)
✔ status does not disclose configuration and an absent adapter never receives a request (71.7596ms)
✔ an unavailable configured adapter returns a stable 503 without exposing its module path (22.8376ms)
✔ the handler verifies raster bytes and source identity before invoking a configured adapter (15.6507ms)
✔ short submit and poll requests keep one opaque UUID while a legacy analyze adapter remains separate (15.2978ms)
✔ a submit cache hit returns final semantics immediately and private task fields never reach the browser (10.8443ms)
✔ poll final results require a bound-source shaped digest before the browser compiler receives them (6.4004ms)
✔ the handler permits only same-origin loopback requests and caps declared request size (7.8375ms)
✔ one in-flight analysis is allowed, while provider failures and oversized opaque results stay redacted (9.9285ms)
✔ direct validation rejects unsafe paths and does not accept image MIME claims without matching bytes (4.8585ms)
✔ a timeout aborts the one provider call without an automatic retry (32.5391ms)
✔ a disconnected browser aborts the adapter signal without leaking a provider failure response (44.3735ms)
✔ workflow browser URL rejects remote origins, credentials, and ambiguous local names (0.9905ms)
✔ workflow check validation rejects stale bindings and unspecified outcomes before launching a browser (0.6722ms)
✔ manifest resources cannot escape their directory, use links, or exceed byte caps (16.8218ms)
✔ unified CLI stops before browser on invalid contracts, records failure, and refuses rerun output (298.2133ms)
✔ intent source compiles a complete v0.2 document and binds every node for all targets (6.0122ms)
✔ document input supports an explicit target subset (1.0809ms)
✔ an authored timeline is independently validated and can coexist with a motion system (2.3098ms)
✔ strict requests reject legacy sources, unknown fields, malformed input, missing styles, and stale targets (3.0859ms)
✔ workflow compilation and returned values are isolated from caller-owned input (1.8285ms)
ℹ tests 230
ℹ suites 0
ℹ pass 230
ℹ fail 0
ℹ cancelled 0
ℹ skipped 0
ℹ todo 0
ℹ duration_ms 3779.5775
