
> ai-ui-component-harness@0.2.0 test
> node --test tests/*.test.ts

✔ analysis ledger binds a source, derives NOT_RUN, and records an explicit unresolved retry (3.3925ms)
✔ recording is source-bound, immutable, and never creates renderable UI input (1.2896ms)
✔ Composite and Custom-required are explicit, validated terminal classifications (0.6107ms)
✔ strict records reject unknown result fields, fake statuses, unsupported types, and invalid budgets (0.3798ms)
✔ persisted ledgers reject budget bypasses and reanalysis after terminal states (0.6212ms)
✔ v0.1 bundle embeds verified bytes and materializes fresh bytes after validation (10.5336ms)
✔ verified bundles are immutable and reject oversized Base64 before decoding (5.2367ms)
✔ rejects aggregate Base64 bytes before decoding resources beyond the total limit (419.4229ms)
✔ requires every local document source and does not package network or blob references (0.5089ms)
✔ rejects unsafe resource paths, duplicate IDs and checksum tampering (1.8518ms)
✔ rejects paths that collide on case-insensitive extraction targets (0.9771ms)
✔ supports v0.2 documents and validates optional motion against that document (3.5759ms)
✔ self-test and doctor are offline and do not disclose a working path (211.4358ms)
✔ compile reads supplied PNG dimensions without claiming vision (124.7877ms)
✔ pack and unpack round trip verified bytes and refuse an existing target (263.4936ms)
✔ inspect redacts query and fragment text from external references (71.4686ms)
✔ compile actual button matches accepted contract and does not duplicate baked text (2.7015ms)
✔ deterministic output; no input mutation or shared output references (0.9243ms)
✔ same compiler accepts another image and explicit scale/enabled without hand-written layout (0.6784ms)
✔ large image preserves explicit scale; no silent auto-fit (0.454ms)
✔ intent rejects unknown version (0.7581ms)
✔ intent rejects unresolved (0.2903ms)
✔ intent rejects unsupported type (0.2416ms)
✔ intent rejects missing id (0.2681ms)
✔ intent rejects missing source (0.3107ms)
✔ intent rejects empty source (0.4215ms)
✔ intent rejects unsafe source scheme (0.306ms)
✔ intent rejects layer mode (0.2498ms)
✔ intent rejects independent label (0.252ms)
✔ intent rejects unknown baked text (0.3105ms)
✔ intent rejects none with non-empty text (0.2682ms)
✔ intent rejects guessed width (0.2924ms)
✔ intent rejects inferred business event (0.3ms)
✔ intent rejects inferred enabled (0.2759ms)
✔ legacy narrative analysis is not silently accepted as structured intent (0.1628ms)
✔ policy rejects missing enabled (0.2092ms)
✔ policy rejects enabled string (0.1428ms)
✔ policy rejects zero scale (0.1313ms)
✔ policy rejects negative scale (0.1326ms)
✔ policy rejects nonfinite canvas (0.123ms)
✔ policy rejects unsupported placement (0.1241ms)
✔ decoded dimensions must be positive safe integers and have no extra fields (0.7453ms)
✔ scale overflow fails instead of producing an invalid or substituted size (0.3113ms)
✔ valid contract is cloned without injecting defaults (3.5977ms)
✔ reject version with field path (0.9095ms)
✔ reject unknown Button type with field path (0.5452ms)
✔ reject missing id with field path (0.5347ms)
✔ reject empty id with field path (0.3207ms)
✔ reject duplicate id with field path (0.2574ms)
✔ reject missing layout with field path (0.2187ms)
✔ reject NaN coordinate with field path (0.2947ms)
✔ reject infinite coordinate with field path (0.2435ms)
✔ reject zero width with field path (0.304ms)
✔ reject negative height with field path (0.2162ms)
✔ reject string size with field path (0.1896ms)
✔ reject enabled string with field path (0.3028ms)
✔ reject missing enabled with field path (0.1994ms)
✔ reject missing visual with field path (0.1708ms)
✔ reject unknown visual type with field path (0.1491ms)
✔ reject missing source with field path (0.243ms)
✔ reject empty source with field path (0.3544ms)
✔ reject unsupported source scheme with field path (0.2028ms)
✔ reject unsupported label with field path (0.1524ms)
✔ reject unsupported icon with field path (0.1653ms)
✔ reject unsupported animation with field path (0.2392ms)
✔ reject unknown props with field path (0.1457ms)
✔ reject non-object inputs (0.0941ms)
✔ allow negative position and non-empty HTTP reference; resource loading is separate (0.6731ms)
✔ motion CLI capabilities, compile, compose, validate and sample run offline from another directory (1146.726ms)
✔ Image: all five whole-node recipes compile, sample and preserve UI (13.664ms)
✔ Text: all five whole-node recipes compile, sample and preserve UI (8.2237ms)
✔ Container: all five whole-node recipes compile, sample and preserve UI (8.2858ms)
✔ Button: all five whole-node recipes compile, sample and preserve UI (6.6553ms)
✔ Switch: all five whole-node recipes compile, sample and preserve UI (6.7172ms)
✔ CheckBox: all five whole-node recipes compile, sample and preserve UI (6.3181ms)
✔ RadioGroup: all five whole-node recipes compile, sample and preserve UI (4.5407ms)
✔ Input: all five whole-node recipes compile, sample and preserve UI (6.542ms)
✔ Select: all five whole-node recipes compile, sample and preserve UI (6.4676ms)
✔ ProgressBar: all five whole-node recipes compile, sample and preserve UI (14.0092ms)
✔ Slider: all five whole-node recipes compile, sample and preserve UI (5.5059ms)
✔ ScrollView: all five whole-node recipes compile, sample and preserve UI (7.2001ms)
✔ List: all five whole-node recipes compile, sample and preserve UI (6.7566ms)
✔ Panel: all five whole-node recipes compile, sample and preserve UI (6.2529ms)
✔ Dialog: all five whole-node recipes compile, sample and preserve UI (11.2117ms)
✔ Tabs: all five whole-node recipes compile, sample and preserve UI (7.3194ms)
✔ capability registry covers 16 types and exposes only implemented trigger pairs (166.3516ms)
✔ pulse keeps layout center through easing, including subpixel and expanded samples (4.4717ms)
✔ recipes reject unsupported params, nonfinite numbers, unsafe timelines and non-node identifiers (4.2444ms)
✔ playful: motion system and timeline round trip together without losing bindings or bytes (22.8843ms)
✔ premium: motion system and timeline round trip together without losing bindings or bytes (10.111ms)
✔ corporate: motion system and timeline round trip together without losing bindings or bytes (10.8128ms)
✔ bundle rejects downgraded, missing, unsupported and stale system declarations (9.6381ms)
✔ motion system CLI catalog, compilation, validation, pack and unpack are executable offline (1019.1491ms)
✔ unpack refuses a case-variant system metadata resource before writing any payload (74.069ms)
✔ playful Image compiles every registered action (7.9451ms)
✔ playful Text compiles every registered action (2.708ms)
✔ playful Container compiles every registered action (2.5174ms)
✔ playful Button compiles every registered action (1.9247ms)
✔ playful Switch compiles every registered action (2.4096ms)
✔ playful CheckBox compiles every registered action (1.6766ms)
✔ playful RadioGroup compiles every registered action (1.5806ms)
✔ playful Input compiles every registered action (2.7342ms)
✔ playful Select compiles every registered action (2.5389ms)
✔ playful ProgressBar compiles every registered action (2.3785ms)
✔ playful Slider compiles every registered action (1.4399ms)
✔ playful ScrollView compiles every registered action (1.8079ms)
✔ playful List compiles every registered action (1.4643ms)
✔ playful Panel compiles every registered action (2.0683ms)
✔ playful Dialog compiles every registered action (2.584ms)
✔ playful Tabs compiles every registered action (1.6674ms)
✔ premium Image compiles every registered action (1.8284ms)
✔ premium Text compiles every registered action (1.1579ms)
✔ premium Container compiles every registered action (1.201ms)
✔ premium Button compiles every registered action (1.7325ms)
✔ premium Switch compiles every registered action (1.3486ms)
✔ premium CheckBox compiles every registered action (1.317ms)
✔ premium RadioGroup compiles every registered action (1.4369ms)
✔ premium Input compiles every registered action (1.3066ms)
✔ premium Select compiles every registered action (1.2733ms)
✔ premium ProgressBar compiles every registered action (1.1663ms)
✔ premium Slider compiles every registered action (1.4472ms)
✔ premium ScrollView compiles every registered action (1.2157ms)
✔ premium List compiles every registered action (1.1861ms)
✔ premium Panel compiles every registered action (1.4439ms)
✔ premium Dialog compiles every registered action (1.2884ms)
✔ premium Tabs compiles every registered action (1.6557ms)
✔ corporate Image compiles every registered action (3.2341ms)
✔ corporate Text compiles every registered action (1.1038ms)
✔ corporate Container compiles every registered action (1.1142ms)
✔ corporate Button compiles every registered action (1.4214ms)
✔ corporate Switch compiles every registered action (1.3353ms)
✔ corporate CheckBox compiles every registered action (1.3211ms)
✔ corporate RadioGroup compiles every registered action (1.708ms)
✔ corporate Input compiles every registered action (1.5787ms)
✔ corporate Select compiles every registered action (1.4465ms)
✔ corporate ProgressBar compiles every registered action (0.8971ms)
✔ corporate Slider compiles every registered action (1.6966ms)
✔ corporate ScrollView compiles every registered action (1.1007ms)
✔ corporate List compiles every registered action (1.3309ms)
✔ corporate Panel compiles every registered action (1.7836ms)
✔ corporate Dialog compiles every registered action (0.9695ms)
✔ corporate Tabs compiles every registered action (0.7441ms)
✔ style profiles preserve supplied button facts and catalog data is caller-isolated (0.5279ms)
✔ motion-system documents reject extra fields, bad IDs, counts, types, actions, and duplicates (12.5411ms)
✔ one shared frame drives concurrent channels and retains exact endpoints (0.8523ms)
✔ retarget starts from caller presentation and stale cancelled frames cannot apply (0.1748ms)
✔ cancellation and destruction tear down frames without resetting other channels (0.2305ms)
✔ scheduler rejects unsafe arguments without changing a running channel (0.2156ms)
✔ apply and completion failures clean their channels and report errors (0.3613ms)
✔ reentrant apply and completion retain the newest generation without duplicate frames (0.2243ms)
✔ motion validation rejects unsupported versions, targets, values, timeline overlap, triggers, and scope leakage (4.2226ms)
✔ motion is separate from the UI document and event triggers are capability-checked (1.2642ms)
✔ explicit local clips compile into one pure canvas motion without inherited timing or triggers (1.1222ms)
✔ canvas clip composition rejects missing placement, invalid local targets, overflow, and resultant overlaps (1.1521ms)
✔ sampling is pure and preserves sequential values while x/y remain runtime offsets (1.0578ms)
✔ injected clock makes play, seek, stop, replay, and destroy deterministic (1.0216ms)
✔ apply and update callback failures cancel frames and clear temporary transforms (0.7888ms)
✔ accepts unchanged portable local and explicit HTTP(S) references (2.595ms)
✔ rejects path traversal (0.4739ms)
✔ rejects middle traversal (0.105ms)
✔ rejects absolute Unix path (0.0721ms)
✔ rejects absolute Windows path (0.073ms)
✔ rejects backslash (0.0845ms)
✔ rejects encoded separator (0.083ms)
✔ rejects encoded traversal (0.0652ms)
✔ rejects query in local path (0.0962ms)
✔ rejects fragment in local path (0.1355ms)
✔ rejects Windows reserved path (0.0912ms)
✔ rejects Windows reserved path with spacing (0.0728ms)
✔ rejects Windows trailing dot (0.0575ms)
✔ rejects Windows alternate data stream (0.0551ms)
✔ rejects Windows forbidden angle bracket (0.082ms)
✔ rejects unsupported protocol (0.0633ms)
✔ rejects credentialed URL (0.0613ms)
✔ rejects protocol relative URL (0.0702ms)
✔ legacy contract and intent use the shared resource validation (1.2193ms)
✔ slider values stay in the inclusive range and on its step lattice (1.1134ms)
✔ scroll ranges use content minus viewport and reject invalid dimensions (0.819ms)
✔ step alignment validates a program value without coercing it (0.437ms)
✔ click produces normal → hover → pressed → hover and one activate (0.7003ms)
✔ outside release clears press and does not activate (0.1472ms)
✔ cancel prevents later inside release (0.1392ms)
✔ disable before press blocks activate (0.1189ms)
✔ disable while pressed invalidates operation even if enabled before up (0.1206ms)
✔ secondary pointer cannot finish or cancel primary operation (0.1142ms)
✔ right click and release without press never activate (0.1034ms)
✔ blur, hidden, Escape and scale cancellation discard press (0.1389ms)
✔ destroy is idempotent, clears subscriptions and rejects mutation (0.9503ms)
✔ destroy cleans every subscription even when a destroy callback throws (0.2408ms)
✔ unsubscribe stops delivery (0.1166ms)
✔ subscriber disable at release prevents activation (0.1038ms)
✔ tree compiler is deterministic, preserves inputs, and returns all explicit layouts (4.7523ms)
✔ intent forbids layout, Unresolved, Custom, missing composites, and source path guesses (1.1375ms)
✔ policy requires provenance and exactly one finite layout for each renderable node (0.9057ms)
✔ image facts are source-keyed actual decode facts and regions are checked against their bounds (1.1715ms)
✔ v0.2 validates every renderable node branch, optional image region, font source, and composite children (6.4087ms)
✔ strict document failures report paths without repairing caller data (8.0311ms)
✔ cycle and tree-depth guards reject non-tree input before cloning (1.1659ms)
✔ workflow browser URL rejects remote origins, credentials, and ambiguous local names (0.6361ms)
✔ workflow check validation rejects stale bindings and unspecified outcomes before launching a browser (0.5085ms)
✔ manifest resources cannot escape their directory, use links, or exceed byte caps (14.409ms)
✔ unified CLI stops before browser on invalid contracts, records failure, and refuses rerun output (233.9818ms)
✔ intent source compiles a complete v0.2 document and binds every node for all targets (5.3378ms)
✔ document input supports an explicit target subset (1.5382ms)
✔ an authored timeline is independently validated and can coexist with a motion system (2.1271ms)
✔ strict requests reject legacy sources, unknown fields, malformed input, missing styles, and stale targets (2.4168ms)
✔ workflow compilation and returned values are isolated from caller-owned input (1.5418ms)
ℹ tests 207
ℹ suites 0
ℹ pass 207
ℹ fail 0
ℹ cancelled 0
ℹ skipped 0
ℹ todo 0
ℹ duration_ms 1444.5704
