
> ai-ui-component-harness@0.2.0 build
> tsc --noEmit && vite build && tsc -p tsconfig.lib.json

vite v8.2.2 building client environment for production...
transforming...
✓ 726 modules transformed.
rendering chunks...
computing gzip size...
dist/index.html                                     8.30 kB │ gzip:  3.28 kB
dist/assets/index-CuCYt5sq.css                      9.02 kB │ gzip:  2.67 kB
dist/assets/webworkerAll-DrcM2Bq7.js                0.07 kB │ gzip:  0.08 kB
dist/assets/WebGLRenderer-EIvWZaZX.js               0.07 kB │ gzip:  0.07 kB
dist/assets/CanvasRenderer-COpjYCip.js              0.07 kB │ gzip:  0.08 kB
dist/assets/WebGPURenderer-w_uiYlUq.js              0.07 kB │ gzip:  0.08 kB
dist/assets/getTextureBatchBindGroup-DLFcweVF.js    0.34 kB │ gzip:  0.26 kB
dist/assets/CanvasPool-B7rb4NCm.js                  0.75 kB │ gzip:  0.42 kB
dist/assets/canvasUtils-CEgWESyi.js                 6.02 kB │ gzip:  2.01 kB
dist/assets/BufferResource-_LI9s2Aa.js             11.03 kB │ gzip:  2.82 kB
dist/assets/init-Nk2xm3v_.js                       15.29 kB │ gzip:  4.78 kB
dist/assets/getPo2TextureFromSource-DV_sHia8.js    25.05 kB │ gzip:  8.63 kB
dist/assets/browserAll-BwFrsD4Z.js                 42.66 kB │ gzip: 11.15 kB
dist/assets/WebGPURenderer-B6MZEY5A.js             45.47 kB │ gzip: 13.07 kB
dist/assets/WebGLRenderer-l3a98pbM.js              71.30 kB │ gzip: 19.44 kB
dist/assets/RenderTargetSystem-Dqn3vqzs.js         76.69 kB │ gzip: 21.84 kB
dist/assets/CanvasRenderer-Y2vb3o9B.js             88.44 kB │ gzip: 27.82 kB
dist/assets/Geometry-Pu7lKfrD.js                  104.16 kB │ gzip: 31.76 kB
dist/assets/index-B1UjMYIO.js                     173.67 kB │ gzip: 55.43 kB

✓ built in 134ms
